STEP 转换到 Solid Edge
日期: 星期一,五月 25,2026 08:34下午
源文件: X:\internal-class\N2600-26N\2026-003-中AGV小车\1-Module-SE\1000-底盘\1800-底盘新电池\51.2V20Ah电源20240311.STEP
作者: ban007
组织: 未知
源系统: SolidWorks 2016

硬件:
处理器: AMD Ryzen 5 9600X 6-Core Processor             
操作系统: Windows 10
已装内存: 31.1 GB

软件信息
Parasolid 版本: 31.1.255
PSBodyShop 版本: 31.1.110
步骤转换器版本: 5.0.48
Solid Edge 版本: 220.00.00.104 x64

STEP 导入选项
导入小平面体: 开
导入检查体: 关
导入曲线: 开
Import DoNotSave: 开
导入多个体为单个零件文件: 开
导入缝合曲面: 开
导入布尔体: 开
建立基本特征: 开
简化几何体: 开
导入压印曲线: 开
导入驱动: C:
导入缝合曲面: 开
导入曲面: 开
导入输出路径: X:\internal-class\N2600-26N\2026-003-中AGV小车\1-Module-SE\1000-底盘\1800-底盘新电池
导入启用默认输出路径: 开
导入 PMI: 关
导入路径: 

正在转换为 Parasolid 数据类型...
+开始装配: 1
+创建 SE 装配文件 X:\internal-class\N2600-26N\2026-003-中AGV小车\1-Module-SE\1000-底盘\1800-底盘新电池\51.2V20Ah电源20240311.asm
|--+开始装配: 2
|--+创建 SE 装配文件 X:\internal-class\N2600-26N\2026-003-中AGV小车\1-Module-SE\1000-底盘\1800-底盘新电池\结构件总成.asm
|  |--+创建 SE 零件文件 X:\internal-class\N2600-26N\2026-003-中AGV小车\1-Module-SE\1000-底盘\1800-底盘新电池\外壳_默认_按加工_.par
|  |--+创建 SE 零件文件 X:\internal-class\N2600-26N\2026-003-中AGV小车\1-Module-SE\1000-底盘\1800-底盘新电池\右侧板.par
|  |--+创建 SE 零件文件 X:\internal-class\N2600-26N\2026-003-中AGV小车\1-Module-SE\1000-底盘\1800-底盘新电池\盖子.par
|--+全部零件: 6
|--+装配: 0
|--+实体: 6
|--+片体: 0
|--+结束装配: 2
|--+创建 SE 零件文件 X:\internal-class\N2600-26N\2026-003-中AGV小车\1-Module-SE\1000-底盘\1800-底盘新电池\内六角沉头螺丝（M4X8）_展枭.par
|--+正在重用文件 X:\internal-class\N2600-26N\2026-003-中AGV小车\1-Module-SE\1000-底盘\1800-底盘新电池\内六角沉头螺丝（M4X8）_展枭.par
|--+正在重用文件 X:\internal-class\N2600-26N\2026-003-中AGV小车\1-Module-SE\1000-底盘\1800-底盘新电池\内六角沉头螺丝（M4X8）_展枭.par
|--+正在重用文件 X:\internal-class\N2600-26N\2026-003-中AGV小车\1-Module-SE\1000-底盘\1800-底盘新电池\内六角沉头螺丝（M4X8）_展枭.par
|--+正在重用文件 X:\internal-class\N2600-26N\2026-003-中AGV小车\1-Module-SE\1000-底盘\1800-底盘新电池\内六角沉头螺丝（M4X8）_展枭.par
|--+正在重用文件 X:\internal-class\N2600-26N\2026-003-中AGV小车\1-Module-SE\1000-底盘\1800-底盘新电池\内六角沉头螺丝（M4X8）_展枭.par
|--+正在重用文件 X:\internal-class\N2600-26N\2026-003-中AGV小车\1-Module-SE\1000-底盘\1800-底盘新电池\内六角沉头螺丝（M4X8）_展枭.par
|--+创建 SE 零件文件 X:\internal-class\N2600-26N\2026-003-中AGV小车\1-Module-SE\1000-底盘\1800-底盘新电池\六角法兰螺母(M3带齿)_展枭.par
|--+正在重用文件 X:\internal-class\N2600-26N\2026-003-中AGV小车\1-Module-SE\1000-底盘\1800-底盘新电池\六角法兰螺母(M3带齿)_展枭.par
|--+正在重用文件 X:\internal-class\N2600-26N\2026-003-中AGV小车\1-Module-SE\1000-底盘\1800-底盘新电池\六角法兰螺母(M3带齿)_展枭.par
|--+正在重用文件 X:\internal-class\N2600-26N\2026-003-中AGV小车\1-Module-SE\1000-底盘\1800-底盘新电池\六角法兰螺母(M3带齿)_展枭.par
|--+正在重用文件 X:\internal-class\N2600-26N\2026-003-中AGV小车\1-Module-SE\1000-底盘\1800-底盘新电池\内六角沉头螺丝（M4X8）_展枭.par
|--+正在重用文件 X:\internal-class\N2600-26N\2026-003-中AGV小车\1-Module-SE\1000-底盘\1800-底盘新电池\内六角沉头螺丝（M4X8）_展枭.par
|--+正在重用文件 X:\internal-class\N2600-26N\2026-003-中AGV小车\1-Module-SE\1000-底盘\1800-底盘新电池\六角法兰螺母(M3带齿)_展枭.par
|--+正在重用文件 X:\internal-class\N2600-26N\2026-003-中AGV小车\1-Module-SE\1000-底盘\1800-底盘新电池\六角法兰螺母(M3带齿)_展枭.par
|--+正在重用文件 X:\internal-class\N2600-26N\2026-003-中AGV小车\1-Module-SE\1000-底盘\1800-底盘新电池\六角法兰螺母(M3带齿)_展枭.par
|--+正在重用文件 X:\internal-class\N2600-26N\2026-003-中AGV小车\1-Module-SE\1000-底盘\1800-底盘新电池\六角法兰螺母(M3带齿)_展枭.par
|--+开始装配: 2
|--+创建 SE 装配文件 X:\internal-class\N2600-26N\2026-003-中AGV小车\1-Module-SE\1000-底盘\1800-底盘新电池\LP-24-C04PE-01-001.asm
|  |--+创建 SE 零件文件 X:\internal-class\N2600-26N\2026-003-中AGV小车\1-Module-SE\1000-底盘\1800-底盘新电池\LP-24外壳.par
|  |--+创建 SE 零件文件 X:\internal-class\N2600-26N\2026-003-中AGV小车\1-Module-SE\1000-底盘\1800-底盘新电池\LP-24插销.par
|  |--+创建 SE 零件文件 X:\internal-class\N2600-26N\2026-003-中AGV小车\1-Module-SE\1000-底盘\1800-底盘新电池\LP-24按扣.par
|  |--+创建 SE 零件文件 X:\internal-class\N2600-26N\2026-003-中AGV小车\1-Module-SE\1000-底盘\1800-底盘新电池\LP-24尾部.par
|  |--+创建 SE 零件文件 X:\internal-class\N2600-26N\2026-003-中AGV小车\1-Module-SE\1000-底盘\1800-底盘新电池\LP-24螺帽.par
|  |--+创建 SE 零件文件 X:\internal-class\N2600-26N\2026-003-中AGV小车\1-Module-SE\1000-底盘\1800-底盘新电池\LP-24电源标识胶塞(电源红）.par
|  |--+创建 SE 零件文件 X:\internal-class\N2600-26N\2026-003-中AGV小车\1-Module-SE\1000-底盘\1800-底盘新电池\LP-24新款内牙（修改防呆位）.par
|  |--+创建 SE 零件文件 X:\internal-class\N2600-26N\2026-003-中AGV小车\1-Module-SE\1000-底盘\1800-底盘新电池\LP-24简易卡簧.par
|  |--+创建 SE 零件文件 X:\internal-class\N2600-26N\2026-003-中AGV小车\1-Module-SE\1000-底盘\1800-底盘新电池\502-0049-00 LP24内牙防水圈01.par
|  |--+创建 SE 零件文件 X:\internal-class\N2600-26N\2026-003-中AGV小车\1-Module-SE\1000-底盘\1800-底盘新电池\502-0050-00 LP24内牙防水圈02.par
|  |--+创建 SE 零件文件 X:\internal-class\N2600-26N\2026-003-中AGV小车\1-Module-SE\1000-底盘\1800-底盘新电池\502-0053-00.par
|  |--+开始装配: 3
|  |--+创建 SE 装配文件 X:\internal-class\N2600-26N\2026-003-中AGV小车\1-Module-SE\1000-底盘\1800-底盘新电池\801-0189-00 4芯塑胶CD组件.asm
|  |  |--+创建 SE 零件文件 X:\internal-class\N2600-26N\2026-003-中AGV小车\1-Module-SE\1000-底盘\1800-底盘新电池\203-0296-00  24型 4芯塑胶芯C.par
|  |  |--+创建 SE 零件文件 X:\internal-class\N2600-26N\2026-003-中AGV小车\1-Module-SE\1000-底盘\1800-底盘新电池\203-0297-00  24型 4芯塑胶芯D.par
|  |  |--+创建 SE 零件文件 X:\internal-class\N2600-26N\2026-003-中AGV小车\1-Module-SE\1000-底盘\1800-底盘新电池\3.0加长公针 地线.par
|  |  |--+创建 SE 零件文件 X:\internal-class\N2600-26N\2026-003-中AGV小车\1-Module-SE\1000-底盘\1800-底盘新电池\3.0公针.par
|  |  |--+正在重用文件 X:\internal-class\N2600-26N\2026-003-中AGV小车\1-Module-SE\1000-底盘\1800-底盘新电池\3.0公针.par
|  |  |--+正在重用文件 X:\internal-class\N2600-26N\2026-003-中AGV小车\1-Module-SE\1000-底盘\1800-底盘新电池\3.0公针.par
|  |--+全部零件: 10
|  |--+装配: 0
|  |--+实体: 10
|  |--+片体: 0
|  |--+结束装配: 3
|--+全部零件: 27
|--+装配: 1
|--+实体: 22
|--+片体: 4
|--+结束装配: 2
|--+创建 SE 零件文件 X:\internal-class\N2600-26N\2026-003-中AGV小车\1-Module-SE\1000-底盘\1800-底盘新电池\LP-24-J04SX-03-401.par
|--+开始装配: 2
|--+创建 SE 装配文件 X:\internal-class\N2600-26N\2026-003-中AGV小车\1-Module-SE\1000-底盘\1800-底盘新电池\航空插头_展枭.asm
|  |--+创建 SE 零件文件 X:\internal-class\N2600-26N\2026-003-中AGV小车\1-Module-SE\1000-底盘\1800-底盘新电池\航空插头2_展枭.par
|  |--+正在重用文件 X:\internal-class\N2600-26N\2026-003-中AGV小车\1-Module-SE\1000-底盘\1800-底盘新电池\航空插头2_展枭.par
|--+全部零件: 3
|--+装配: 0
|--+实体: 3
|--+片体: 0
|--+结束装配: 2
|--+创建 SE 零件文件 X:\internal-class\N2600-26N\2026-003-中AGV小车\1-Module-SE\1000-底盘\1800-底盘新电池\嘉佰达显示屏_展枭.par
|--+创建 SE 零件文件 X:\internal-class\N2600-26N\2026-003-中AGV小车\1-Module-SE\1000-底盘\1800-底盘新电池\护线套(φ10mm，黑色).par
|--+创建 SE 零件文件 X:\internal-class\N2600-26N\2026-003-中AGV小车\1-Module-SE\1000-底盘\1800-底盘新电池\50A安德森接插件_展枭.par
|--+创建 SE 零件文件 X:\internal-class\N2600-26N\2026-003-中AGV小车\1-Module-SE\1000-底盘\1800-底盘新电池\导线02_展枭.par
|--+创建 SE 零件文件 X:\internal-class\N2600-26N\2026-003-中AGV小车\1-Module-SE\1000-底盘\1800-底盘新电池\导线03_展枭.par
|--+创建 SE 零件文件 X:\internal-class\N2600-26N\2026-003-中AGV小车\1-Module-SE\1000-底盘\1800-底盘新电池\护线套φ8.par
+全部零件: 36
+装配: 3
+实体: 33
+片体: 0
+结束装配: 1
转换过程结束
转换和后处理所需的总时间:00 : 00 : 13
