STEP 转换到 Solid Edge
日期: 星期五,四月 25,2025 03:57下午
源文件: C:\Users\Administrator\OneDrive\CZJ\SE\7000-轨道滑块\7A00-减速电机\DS040-S2.stp
作者: Administrator
组织: 未知
源系统: PRO/ENGINEER BY PARAMETRIC TECHNOLOGY CORPORATION, 2012480

硬件:
处理器: 13th Gen Intel(R) Core(TM) i9-13900HX
操作系统: Windows 10 Professional
已装内存: 31.74 GB

软件信息
Parasolid 版本: 31.1.255
PSBodyShop 版本: 31.1.110
步骤转换器版本: 5.0.48
Solid Edge 版本: 220.00.00.104 x64

STEP 导入选项
导入小平面体: 开
导入检查体: 关
导入曲线: 开
Import DoNotSave: 开
导入多个体为单个零件文件: 开
导入缝合曲面: 开
导入布尔体: 开
建立基本特征: 开
简化几何体: 开
导入压印曲线: 开
导入驱动: C:
导入缝合曲面: 开
导入曲面: 开
导入输出路径: C:\Users\Administrator\OneDrive\CZJ\SE\7000-轨道滑块\7A00-减速电机
导入启用默认输出路径: 开
导入 PMI: 关
导入路径: 

正在转换为 Parasolid 数据类型...
+开始装配: 1
+创建 SE 装配文件 C:\Users\Administrator\OneDrive\CZJ\SE\7000-轨道滑块\7A00-减速电机\DS040-S2.asm
|--+开始装配: 2
|--+创建 SE 装配文件 C:\Users\Administrator\OneDrive\CZJ\SE\7000-轨道滑块\7A00-减速电机\ASM0003_ASM.asm
|  |--+创建 SE 零件文件 C:\Users\Administrator\OneDrive\CZJ\SE\7000-轨道滑块\7A00-减速电机\PRT0001.par
|  |--+创建 SE 零件文件 C:\Users\Administrator\OneDrive\CZJ\SE\7000-轨道滑块\7A00-减速电机\PRT0002.par
|  |--+创建 SE 零件文件 C:\Users\Administrator\OneDrive\CZJ\SE\7000-轨道滑块\7A00-减速电机\PRT0003.par
|  |--+创建 SE 零件文件 C:\Users\Administrator\OneDrive\CZJ\SE\7000-轨道滑块\7A00-减速电机\PRT0004.par
|  |--+创建 SE 零件文件 C:\Users\Administrator\OneDrive\CZJ\SE\7000-轨道滑块\7A00-减速电机\PRT0005.par
|  |--+创建 SE 零件文件 C:\Users\Administrator\OneDrive\CZJ\SE\7000-轨道滑块\7A00-减速电机\PRT0006.par
|  |--+创建 SE 零件文件 C:\Users\Administrator\OneDrive\CZJ\SE\7000-轨道滑块\7A00-减速电机\PRT0007.par
|  |--+创建 SE 零件文件 C:\Users\Administrator\OneDrive\CZJ\SE\7000-轨道滑块\7A00-减速电机\PRT0008.par
|  |--+创建 SE 零件文件 C:\Users\Administrator\OneDrive\CZJ\SE\7000-轨道滑块\7A00-减速电机\PRT0009.par
|  |--+创建 SE 零件文件 C:\Users\Administrator\OneDrive\CZJ\SE\7000-轨道滑块\7A00-减速电机\PRT0010.par
|  |--+创建 SE 零件文件 C:\Users\Administrator\OneDrive\CZJ\SE\7000-轨道滑块\7A00-减速电机\PRT0011.par
|  |--+创建 SE 零件文件 C:\Users\Administrator\OneDrive\CZJ\SE\7000-轨道滑块\7A00-减速电机\PRT0012.par
|  |--+创建 SE 零件文件 C:\Users\Administrator\OneDrive\CZJ\SE\7000-轨道滑块\7A00-减速电机\PRT0013.par
|  |--+创建 SE 零件文件 C:\Users\Administrator\OneDrive\CZJ\SE\7000-轨道滑块\7A00-减速电机\PRT0014.par
|  |--+创建 SE 零件文件 C:\Users\Administrator\OneDrive\CZJ\SE\7000-轨道滑块\7A00-减速电机\PRT0015.par
|  |--+创建 SE 零件文件 C:\Users\Administrator\OneDrive\CZJ\SE\7000-轨道滑块\7A00-减速电机\PRT0016.par
|  |--+创建 SE 零件文件 C:\Users\Administrator\OneDrive\CZJ\SE\7000-轨道滑块\7A00-减速电机\PRT0017.par
|  |--+创建 SE 零件文件 C:\Users\Administrator\OneDrive\CZJ\SE\7000-轨道滑块\7A00-减速电机\PRT0018.par
|  |--+创建 SE 零件文件 C:\Users\Administrator\OneDrive\CZJ\SE\7000-轨道滑块\7A00-减速电机\PRT0019.par
|  |--+创建 SE 零件文件 C:\Users\Administrator\OneDrive\CZJ\SE\7000-轨道滑块\7A00-减速电机\PRT0020.par
|--+全部零件: 40
|--+装配: 0
|--+实体: 40
|--+片体: 0
|--+结束装配: 2
+全部零件: 1
+装配: 1
+实体: 0
+片体: 0
+结束装配: 1
转换过程结束
转换和后处理所需的总时间:00 : 00 : 12
