Solid Edge 转换到 STEP
日期: 星期三,十二月 10,2025 07:37下午
输出文件: C:\Users\202509007D\OneDrive\1-第五学期\控制工程作业\视觉厚度识别\总体模型.stp
作者: Unknown
组织: Unknown
源系统: Solid Edge

硬件:
处理器: AMD Ryzen 5 7500F 6-Core Processor             
操作系统: Windows 10
已装内存: 15.60 GB

软件信息
Parasolid 版本: 31.1.255
PSBodyShop 版本: 31.1.110
步骤转换器版本: 5.0.48
Solid Edge 版本: 220.00.00.104 x64

STEP 导出选项
导出格式: AP214
导出构造片体: 关
导出构造实体: 关
导出构造线: 关
仅导出所显示的零件: 关
导出单位: Millimeters
按 Unicode 格式导出零件部件名称: 关
导出 PMI: 关

正在将 Parasolid 转换为外来数据类型（第 1 阶段，共 1 阶段）...
转换过程结束
转换所需时间:00 : 00 : 02
