STEP 转换到 Solid Edge
日期: 星期五,十二月 12,2025 02:16下午
源文件: \\win-daolaj3j0nc\F\internal class\N2500-25N\N2532-AGV\1-SE图\1000-底盘\1300-底轮\1310-标准件\1312-电机\iWMC05606-00850-A150-MBDT-L.STEP
作者: 未知
组织: 未知
源系统: SolidWorks 2023

硬件:
处理器: AMD Ryzen 5 7500F 6-Core Processor             
操作系统: Windows 10
已装内存: 15.60 GB

软件信息
Parasolid 版本: 31.1.255
PSBodyShop 版本: 31.1.110
步骤转换器版本: 5.0.48
Solid Edge 版本: 220.00.00.104 x64

STEP 导入选项
导入小平面体: 开
导入检查体: 关
导入曲线: 开
Import DoNotSave: 开
导入多个体为单个零件文件: 开
导入缝合曲面: 开
导入布尔体: 开
建立基本特征: 开
简化几何体: 开
导入压印曲线: 开
导入驱动: C:
导入缝合曲面: 开
导入曲面: 开
导入输出路径: \\win-daolaj3j0nc\F\internal class\N2500-25N\N2532-AGV\1-SE图\1000-底盘\1300-底轮\1310-标准件\1312-电机
导入启用默认输出路径: 开
导入 PMI: 关
导入路径: 

正在转换为 Parasolid 数据类型...
正在放置 \\win-daolaj3j0nc\F\internal class\N2500-25N\N2532-AGV\1-SE图\1000-底盘\1300-底轮\1310-标准件\1312-电机\307091485SS（iWMC06006-00850-A150-MBDT）-V1.0.par
转换过程结束
转换和后处理所需的总时间:00 : 00 : 04
