[2026-07-02 15:19:43] : Begin
--------------------
*MCUTYPE* : STC8A8K64D4
*MCUID* : F7F4C61E18DF2F
*FILENAME* : C:\OneHistory\OneHistory-Projects\2026-007-三维坐标机器\b-Code-51三维坐标控制机器人嵌入式软件\text1.hex
*FILETIME* : 2026年06月30日, 19:01:53
*FILESIZE* : 6899 (0x001AF3)
*CODESIZE* : 2351 (0x00092F)
*CHECKSUM* : 0x0003E842
*ISPMODE* : 2
*ISPRESULT* : 0
--------------------
[2026-07-02 15:19:47] : End
--------------------------------------------------
[2026-07-02 15:29:04] : Begin
--------------------
*MCUTYPE* : STC8A8K64D4
*FILENAME* : C:\OneHistory\OneHistory-Projects\2026-007-三维坐标机器\b-Code-51三维坐标控制机器人嵌入式软件\text1.hex
*FILETIME* : 2026年06月30日, 19:01:53
*FILESIZE* : 6899 (0x001AF3)
*CODESIZE* : 2351 (0x00092F)
*CHECKSUM* : 0x0003E842
*ISPMODE* : 2
*ISPRESULT* : -1
--------------------
[2026-07-02 15:29:06] : End
--------------------------------------------------
[2026-07-02 15:29:21] : Begin
--------------------
*MCUTYPE* : STC8A8K64D4
*FILENAME* : C:\OneHistory\OneHistory-Projects\2026-007-三维坐标机器\b-Code-51三维坐标控制机器人嵌入式软件\text1.hex
*FILETIME* : 2026年06月30日, 19:01:53
*FILESIZE* : 6899 (0x001AF3)
*CODESIZE* : 2351 (0x00092F)
*CHECKSUM* : 0x0003E842
*ISPMODE* : 2
*ISPRESULT* : -1
--------------------
[2026-07-02 15:29:22] : End
--------------------------------------------------
[2026-07-02 15:29:34] : Begin
--------------------
*MCUTYPE* : STC8A8K64D4
*FILENAME* : C:\OneHistory\OneHistory-Projects\2026-007-三维坐标机器\b-Code-51三维坐标控制机器人嵌入式软件\text1.hex
*FILETIME* : 2026年06月30日, 19:01:53
*FILESIZE* : 6899 (0x001AF3)
*CODESIZE* : 2351 (0x00092F)
*CHECKSUM* : 0x0003E842
*ISPMODE* : 2
*ISPRESULT* : 3
--------------------
[2026-07-02 15:30:16] : End
--------------------------------------------------
[2026-07-02 15:30:20] : Begin
--------------------
*MCUTYPE* : STC8A8K64D4
*MCUID* : F7F4C61E18DF2F
*FILENAME* : C:\OneHistory\OneHistory-Projects\2026-007-三维坐标机器\b-Code-51三维坐标控制机器人嵌入式软件\text1.hex
*FILETIME* : 2026年06月30日, 19:01:53
*FILESIZE* : 6899 (0x001AF3)
*CODESIZE* : 2351 (0x00092F)
*CHECKSUM* : 0x0003E842
*ISPMODE* : 2
*ISPRESULT* : 0
--------------------
[2026-07-02 15:30:24] : End
--------------------------------------------------
[2026-07-02 15:34:13] : Begin
--------------------
*MCUTYPE* : STC8A8K64D4
*FILENAME* : C:\OneHistory\OneHistory-Projects\2026-007-三维坐标机器\b-Code-51三维坐标控制机器人嵌入式软件\text1.hex
*FILETIME* : 2026年06月30日, 19:01:53
*FILESIZE* : 6899 (0x001AF3)
*CODESIZE* : 2351 (0x00092F)
*CHECKSUM* : 0x0003E842
*ISPMODE* : 2
*ISPRESULT* : -1
--------------------
[2026-07-02 15:34:14] : End
--------------------------------------------------
[2026-07-02 15:34:17] : Begin
--------------------
*MCUTYPE* : STC8A8K64D4
*MCUID* : F7F4C51E192B13
*FILENAME* : C:\OneHistory\OneHistory-Projects\2026-007-三维坐标机器\b-Code-51三维坐标控制机器人嵌入式软件\text1.hex
*FILETIME* : 2026年06月30日, 19:01:53
*FILESIZE* : 6899 (0x001AF3)
*CODESIZE* : 2351 (0x00092F)
*CHECKSUM* : 0x0003E842
*ISPMODE* : 2
*ISPRESULT* : 0
--------------------
[2026-07-02 15:34:25] : End
--------------------------------------------------
[2026-07-02 15:36:26] : Begin
--------------------
*MCUTYPE* : STC8A8K64D4
*MCUID* : F7F4C51E192B13
*FILENAME* : C:\OneHistory\OneHistory-Projects\2026-007-三维坐标机器\b-Code-51三维坐标控制机器人嵌入式软件\text1.hex
*FILETIME* : 2026年06月30日, 19:01:53
*FILESIZE* : 6899 (0x001AF3)
*CODESIZE* : 2351 (0x00092F)
*CHECKSUM* : 0x0003E842
*ISPMODE* : 2
*ISPRESULT* : 0
--------------------
[2026-07-02 15:36:44] : End
--------------------------------------------------
[2026-07-02 15:58:51] : Begin
--------------------
*MCUTYPE* : STC8A8K64D4
*FILENAME* : C:\OneHistory\OneHistory-Projects\2026-007-三维坐标机器\b-Code-三维坐标机器人纯嵌入式代码\text1.hex
*FILETIME* : 2026年07月02日, 15:58:41
*FILESIZE* : 1039 (0x00040F)
*CODESIZE* : 331 (0x00014B)
*CHECKSUM* : 0x00007DD9
*ISPMODE* : 2
*ISPRESULT* : -1
--------------------
[2026-07-02 15:58:52] : End
--------------------------------------------------
[2026-07-02 15:58:55] : Begin
--------------------
*MCUTYPE* : STC8A8K64D4
*MCUID* : F7F4C61E18DF2F
*FILENAME* : C:\OneHistory\OneHistory-Projects\2026-007-三维坐标机器\b-Code-三维坐标机器人纯嵌入式代码\text1.hex
*FILETIME* : 2026年07月02日, 15:58:41
*FILESIZE* : 1039 (0x00040F)
*CODESIZE* : 331 (0x00014B)
*CHECKSUM* : 0x00007DD9
*ISPMODE* : 2
*ISPRESULT* : 0
--------------------
[2026-07-02 15:59:10] : End
--------------------------------------------------
[2026-07-02 16:10:16] : Begin
--------------------
*MCUTYPE* : STC8A8K64D4
*FILENAME* : C:\OneHistory\OneHistory-Projects\2026-007-三维坐标机器\b-Code-三维坐标机器人纯嵌入式代码\text1.hex
*FILETIME* : 2026年07月02日, 16:10:01
*FILESIZE* : 761 (0x0002F9)
*CODESIZE* : 231 (0x0000E7)
*CHECKSUM* : 0x00005F8C
*ISPMODE* : 2
*ISPRESULT* : -1
--------------------
[2026-07-02 16:10:23] : End
--------------------------------------------------
[2026-07-02 16:10:24] : Begin
--------------------
*MCUTYPE* : STC8A8K64D4
*MCUID* : F7F4C61E18DF2F
*FILENAME* : C:\OneHistory\OneHistory-Projects\2026-007-三维坐标机器\b-Code-三维坐标机器人纯嵌入式代码\text1.hex
*FILETIME* : 2026年07月02日, 16:10:01
*FILESIZE* : 761 (0x0002F9)
*CODESIZE* : 231 (0x0000E7)
*CHECKSUM* : 0x00005F8C
*ISPMODE* : 2
*ISPRESULT* : 0
--------------------
[2026-07-02 16:10:27] : End
--------------------------------------------------
[2026-07-02 16:13:00] : Begin
--------------------
*MCUTYPE* : STC8A8K64D4
*MCUID* : F7F4C61E18DF2F
*FILENAME* : C:\OneHistory\OneHistory-Projects\2026-007-三维坐标机器\b-Code-三维坐标机器人纯嵌入式代码\text1.hex
*FILETIME* : 2026年07月02日, 16:12:55
*FILESIZE* : 184 (0x0000B8)
*CODESIZE* : 53 (0x000035)
*CHECKSUM* : 0x00001706
*ISPMODE* : 2
*ISPRESULT* : 0
--------------------
[2026-07-02 16:13:03] : End
--------------------------------------------------
[2026-07-02 16:14:13] : Begin
--------------------
*MCUTYPE* : STC8A8K64D4
*FILENAME* : C:\OneHistory\OneHistory-Projects\2026-007-三维坐标机器\b-Code-三维坐标机器人纯嵌入式代码\text1.hex
*FILETIME* : 2026年07月02日, 16:14:08
*FILESIZE* : 184 (0x0000B8)
*CODESIZE* : 53 (0x000035)
*CHECKSUM* : 0x00001797
*ISPMODE* : 2
*ISPRESULT* : -1
--------------------
[2026-07-02 16:14:14] : End
--------------------------------------------------
[2026-07-02 16:14:21] : Begin
--------------------
*MCUTYPE* : STC8A8K64D4
*MCUID* : F7F4C61E18DF2F
*FILENAME* : C:\OneHistory\OneHistory-Projects\2026-007-三维坐标机器\b-Code-三维坐标机器人纯嵌入式代码\text1.hex
*FILETIME* : 2026年07月02日, 16:14:08
*FILESIZE* : 184 (0x0000B8)
*CODESIZE* : 53 (0x000035)
*CHECKSUM* : 0x00001797
*ISPMODE* : 2
*ISPRESULT* : 0
--------------------
[2026-07-02 16:14:24] : End
--------------------------------------------------
[2026-07-02 16:14:50] : Begin
--------------------
*MCUTYPE* : STC8A8K64D4
*MCUID* : F7F4C61E18DF2F
*FILENAME* : C:\OneHistory\OneHistory-Projects\2026-007-三维坐标机器\b-Code-三维坐标机器人纯嵌入式代码\text1.hex
*FILETIME* : 2026年07月02日, 16:14:46
*FILESIZE* : 184 (0x0000B8)
*CODESIZE* : 53 (0x000035)
*CHECKSUM* : 0x0000178D
*ISPMODE* : 2
*ISPRESULT* : 0
--------------------
[2026-07-02 16:14:52] : End
--------------------------------------------------
[2026-07-02 16:15:12] : Begin
--------------------
*MCUTYPE* : STC8A8K64D4
*MCUID* : F7F4C61E18DF2F
*FILENAME* : C:\OneHistory\OneHistory-Projects\2026-007-三维坐标机器\b-Code-三维坐标机器人纯嵌入式代码\text1.hex
*FILETIME* : 2026年07月02日, 16:15:09
*FILESIZE* : 184 (0x0000B8)
*CODESIZE* : 53 (0x000035)
*CHECKSUM* : 0x00001783
*ISPMODE* : 2
*ISPRESULT* : 0
--------------------
[2026-07-02 16:15:15] : End
--------------------------------------------------
[2026-07-02 16:15:36] : Begin
--------------------
*MCUTYPE* : STC8A8K64D4
*MCUID* : F7F4C61E18DF2F
*FILENAME* : C:\OneHistory\OneHistory-Projects\2026-007-三维坐标机器\b-Code-三维坐标机器人纯嵌入式代码\text1.hex
*FILETIME* : 2026年07月02日, 16:15:33
*FILESIZE* : 184 (0x0000B8)
*CODESIZE* : 53 (0x000035)
*CHECKSUM* : 0x00001779
*ISPMODE* : 2
*ISPRESULT* : 0
--------------------
[2026-07-02 16:15:39] : End
--------------------------------------------------
[2026-07-02 16:18:12] : Begin
--------------------
*MCUTYPE* : STC8A8K64D4
*MCUID* : F7F4C61E18DF2F
*FILENAME* : C:\OneHistory\OneHistory-Projects\2026-007-三维坐标机器\b-Code-三维坐标机器人纯嵌入式代码\text1.hex
*FILETIME* : 2026年07月02日, 16:18:07
*FILESIZE* : 454 (0x0001C6)
*CODESIZE* : 149 (0x000095)
*CHECKSUM* : 0x00004011
*ISPMODE* : 2
*ISPRESULT* : 0
--------------------
[2026-07-02 16:18:15] : End
--------------------------------------------------
[2026-07-02 16:24:03] : Begin
--------------------
*MCUTYPE* : STC8A8K64D4
*FILENAME* : C:\OneHistory\OneHistory-Projects\2026-007-三维坐标机器\b-Code-三维坐标机器人纯嵌入式代码\text1.hex
*FILETIME* : 2026年07月02日, 16:23:58
*FILESIZE* : 485 (0x0001E5)
*CODESIZE* : 158 (0x00009E)
*CHECKSUM* : 0x00004275
*ISPMODE* : 2
*ISPRESULT* : -1
--------------------
[2026-07-02 16:24:04] : End
--------------------------------------------------
[2026-07-02 16:24:09] : Begin
--------------------
*MCUTYPE* : STC8A8K64D4
*MCUID* : F7F4C61E18DF2F
*FILENAME* : C:\OneHistory\OneHistory-Projects\2026-007-三维坐标机器\b-Code-三维坐标机器人纯嵌入式代码\text1.hex
*FILETIME* : 2026年07月02日, 16:23:58
*FILESIZE* : 485 (0x0001E5)
*CODESIZE* : 158 (0x00009E)
*CHECKSUM* : 0x00004275
*ISPMODE* : 2
*ISPRESULT* : 0
--------------------
[2026-07-02 16:24:12] : End
--------------------------------------------------
[2026-07-02 16:40:33] : Begin
--------------------
*MCUTYPE* : STC8A8K64D4
*MCUID* : F7F4C61E18DF2F
*FILENAME* : C:\OneHistory\OneHistory-Projects\2026-007-三维坐标机器\b-Code-三维坐标机器人纯嵌入式代码\text1.hex
*FILETIME* : 2026年07月02日, 16:40:28
*FILESIZE* : 4094 (0x000FFE)
*CODESIZE* : 1410 (0x000582)
*CHECKSUM* : 0x00024B96
*ISPMODE* : 2
*ISPRESULT* : 0
--------------------
[2026-07-02 16:40:37] : End
--------------------------------------------------
[2026-07-02 16:52:26] : Begin
--------------------
*MCUTYPE* : STC8A8K64D4
*MCUID* : F7F4C61E18DF2F
*FILENAME* : C:\OneHistory\OneHistory-Projects\2026-007-三维坐标机器\b-Code-三维坐标机器人纯嵌入式代码\text1.hex
*FILETIME* : 2026年07月02日, 16:52:21
*FILESIZE* : 4566 (0x0011D6)
*CODESIZE* : 1568 (0x000620)
*CHECKSUM* : 0x000299D9
*ISPMODE* : 2
*ISPRESULT* : 0
--------------------
[2026-07-02 16:52:29] : End
--------------------------------------------------
[2026-07-02 17:06:28] : Begin
--------------------
*MCUTYPE* : STC8A8K64D4
*MCUID* : F7F4C61E18DF2F
*FILENAME* : C:\OneHistory\OneHistory-Projects\2026-007-三维坐标机器\b-Code-三维坐标机器人纯嵌入式代码\text1.hex
*FILETIME* : 2026年07月02日, 17:06:23
*FILESIZE* : 4576 (0x0011E0)
*CODESIZE* : 1573 (0x000625)
*CHECKSUM* : 0x0002992C
*ISPMODE* : 2
*ISPRESULT* : 0
--------------------
[2026-07-02 17:06:32] : End
--------------------------------------------------
[2026-07-02 17:17:12] : Begin
--------------------
*MCUTYPE* : STC8A8K64D4
*MCUID* : F7F4C61E18DF2F
*FILENAME* : C:\OneHistory\OneHistory-Projects\2026-007-三维坐标机器\b-Code-三维坐标机器人纯嵌入式代码\text1.hex
*FILETIME* : 2026年07月02日, 17:17:08
*FILESIZE* : 4576 (0x0011E0)
*CODESIZE* : 1573 (0x000625)
*CHECKSUM* : 0x0002A32A
*ISPMODE* : 2
*ISPRESULT* : 0
--------------------
[2026-07-02 17:17:16] : End
--------------------------------------------------
[2026-07-02 17:30:56] : Begin
--------------------
*MCUTYPE* : STC8A8K64D4
*MCUID* : F7F4C61E18DF2F
*FILENAME* : C:\OneHistory\OneHistory-Projects\2026-007-三维坐标机器\b-Code-51三维坐标控制机器人嵌入式软件\text1.hex
*FILETIME* : 2026年07月02日, 17:30:47
*FILESIZE* : 6899 (0x001AF3)
*CODESIZE* : 2351 (0x00092F)
*CHECKSUM* : 0x0003EA26
*ISPMODE* : 2
*ISPRESULT* : 0
--------------------
[2026-07-02 17:31:00] : End
--------------------------------------------------
[2026-07-02 17:34:10] : Begin
--------------------
*MCUTYPE* : STC8A8K64D4
*FILENAME* : C:\OneHistory\OneHistory-Projects\2026-007-三维坐标机器\b-Code-三维坐标机器人纯嵌入式代码\text1.hex
*FILETIME* : 2026年07月02日, 17:34:03
*FILESIZE* : 4831 (0x0012DF)
*CODESIZE* : 1655 (0x000677)
*CHECKSUM* : 0x0002B3A1
*ISPMODE* : 2
*ISPRESULT* : -1
--------------------
[2026-07-02 17:34:12] : End
--------------------------------------------------
[2026-07-02 17:34:14] : Begin
--------------------
*MCUTYPE* : STC8A8K64D4
*MCUID* : F7F4C61E18DF2F
*FILENAME* : C:\OneHistory\OneHistory-Projects\2026-007-三维坐标机器\b-Code-三维坐标机器人纯嵌入式代码\text1.hex
*FILETIME* : 2026年07月02日, 17:34:03
*FILESIZE* : 4831 (0x0012DF)
*CODESIZE* : 1655 (0x000677)
*CHECKSUM* : 0x0002B3A1
*ISPMODE* : 2
*ISPRESULT* : 0
--------------------
[2026-07-02 17:34:29] : End
--------------------------------------------------
[2026-07-02 17:41:25] : Begin
--------------------
*MCUTYPE* : STC8A8K64D4
*FILENAME* : C:\OneHistory\OneHistory-Projects\2026-007-三维坐标机器\b-Code-51三维坐标控制机器人嵌入式软件\text1.hex
*FILETIME* : 2026年07月02日, 17:40:59
*FILESIZE* : 6901 (0x001AF5)
*CODESIZE* : 2352 (0x000930)
*CHECKSUM* : 0x0003E9F3
*ISPMODE* : 2
*ISPRESULT* : -1
--------------------
[2026-07-02 17:41:26] : End
--------------------------------------------------
[2026-07-02 17:41:32] : Begin
--------------------
*MCUTYPE* : STC8A8K64D4
*MCUID* : F7F4C61E18DF2F
*FILENAME* : C:\OneHistory\OneHistory-Projects\2026-007-三维坐标机器\b-Code-51三维坐标控制机器人嵌入式软件\text1.hex
*FILETIME* : 2026年07月02日, 17:40:59
*FILESIZE* : 6901 (0x001AF5)
*CODESIZE* : 2352 (0x000930)
*CHECKSUM* : 0x0003E9F3
*ISPMODE* : 2
*ISPRESULT* : 0
--------------------
[2026-07-02 17:41:36] : End
--------------------------------------------------
[2026-07-02 17:55:16] : Begin
--------------------
*MCUTYPE* : STC8A8K64D4
*MCUID* : F7F4C61E18DF2F
*FILENAME* : C:\OneHistory\OneHistory-Projects\2026-007-三维坐标机器\b-Code-三维坐标机器人纯嵌入式代码\text1.hex
*FILETIME* : 2026年07月02日, 17:34:03
*FILESIZE* : 4831 (0x0012DF)
*CODESIZE* : 1655 (0x000677)
*CHECKSUM* : 0x0002B3A1
*ISPMODE* : 2
*ISPRESULT* : 0
--------------------
[2026-07-02 17:55:19] : End
--------------------------------------------------
[2026-07-02 17:59:21] : Begin
--------------------
*MCUTYPE* : STC8A8K64D4
*MCUID* : F7F4C61E18DF2F
*FILENAME* : C:\OneHistory\OneHistory-Projects\2026-007-三维坐标机器\b-Code-51三维坐标控制机器人嵌入式软件\text1.hex
*FILETIME* : 2026年07月02日, 17:40:59
*FILESIZE* : 6901 (0x001AF5)
*CODESIZE* : 2352 (0x000930)
*CHECKSUM* : 0x0003E9F3
*ISPMODE* : 2
*ISPRESULT* : 0
--------------------
[2026-07-02 17:59:25] : End
--------------------------------------------------
