[2026-06-28 19:06:05] : Begin
--------------------
*MCUTYPE* : STC8A8K64D4
*ISPMODE* : 6
*ISPRESULT* : 4
--------------------
[2026-06-28 19:06:51] : End
--------------------------------------------------
[2026-06-28 19:07:26] : Begin
--------------------
*MCUTYPE* : STC8A8K64D4
*MCUID* : F7F4C9D9045A95
*ISPMODE* : 6
*ISPRESULT* : 0
--------------------
[2026-06-28 19:07:34] : End
--------------------------------------------------
[2026-06-28 19:17:04] : Begin
--------------------
*MCUTYPE* : STC8A8K64D4
*MCUID* : F7F4C9D9045A95
*ISPMODE* : 6
*ISPRESULT* : 0
--------------------
[2026-06-28 19:17:22] : End
--------------------------------------------------
[2026-06-28 19:18:26] : Begin
--------------------
*MCUTYPE* : STC8A8K64D4
*MCUID* : F7F4C9D9045A95
*ISPMODE* : 6
*ISPRESULT* : 0
--------------------
[2026-06-28 19:18:38] : End
--------------------------------------------------
[2026-06-28 19:44:53] : Begin
--------------------
*MCUTYPE* : STC8A8K64D4
*MCUID* : F7F4C476195B38
*ISPMODE* : 6
*ISPRESULT* : 0
--------------------
[2026-06-28 19:44:58] : End
--------------------------------------------------
[2026-06-28 20:00:58] : Begin
--------------------
*MCUTYPE* : STC8A8K64D4
*MCUID* : F7F4C9D9045A95
*ISPMODE* : 6
*ISPRESULT* : 0
--------------------
[2026-06-28 20:01:06] : End
--------------------------------------------------
[2026-06-28 20:38:17] : Begin
--------------------
*MCUTYPE* : STC8A8K64D4
*MCUID* : F7F4C476195B38
*ISPMODE* : 6
*ISPRESULT* : 0
--------------------
[2026-06-28 20:38:21] : End
--------------------------------------------------
[2026-06-28 20:39:30] : Begin
--------------------
*MCUTYPE* : STC8A8K64D4
*MCUID* : F7F4C476195B38
*ISPMODE* : 6
*ISPRESULT* : 0
--------------------
[2026-06-28 20:39:38] : End
--------------------------------------------------
[2026-06-28 20:42:55] : Begin
--------------------
*MCUTYPE* : STC8A8K64D4
*MCUID* : F7F4C476195B38
*FILENAME* : C:\OneHistory\OneHistory-Projects\2026-007-三维坐标机器\b-Code-轴输出方波\text1.hex
*FILETIME* : 2026年06月22日, 19:17:30
*FILESIZE* : 343 (0x000157)
*CODESIZE* : 100 (0x000064)
*CHECKSUM* : 0x000039A9
*ISPMODE* : 2
*ISPRESULT* : 0
--------------------
[2026-06-28 20:43:09] : End
--------------------------------------------------
[2026-06-28 20:43:12] : Begin
--------------------
*MCUTYPE* : STC8A8K64D4
*MCUID* : F7F4C476195B38
*FILENAME* : C:\OneHistory\OneHistory-Projects\2026-007-三维坐标机器\b-Code-轴输出方波\text1.hex
*FILETIME* : 2026年06月22日, 19:17:30
*FILESIZE* : 343 (0x000157)
*CODESIZE* : 100 (0x000064)
*CHECKSUM* : 0x000039A9
*ISPMODE* : 2
*ISPRESULT* : 0
--------------------
[2026-06-28 20:43:21] : End
--------------------------------------------------
[2026-06-28 20:47:48] : Begin
--------------------
*MCUTYPE* : STC8A8K64D4
*MCUID* : F7F4C9D9045A95
*FILENAME* : C:\OneHistory\OneHistory-Projects\2026-007-三维坐标机器\b-Code-轴输出方波\text1.hex
*FILETIME* : 2026年06月22日, 19:17:30
*FILESIZE* : 343 (0x000157)
*CODESIZE* : 100 (0x000064)
*CHECKSUM* : 0x000039A9
*ISPMODE* : 2
*ISPRESULT* : 0
--------------------
[2026-06-28 20:47:54] : End
--------------------------------------------------
[2026-06-28 20:49:17] : Begin
--------------------
*MCUTYPE* : STC8A8K64D4
*MCUID* : F7F4C476195B38
*FILENAME* : C:\OneHistory\OneHistory-Projects\2026-007-三维坐标机器\b-Code-轴输出方波\text1.hex
*FILETIME* : 2026年06月22日, 19:17:30
*FILESIZE* : 343 (0x000157)
*CODESIZE* : 100 (0x000064)
*CHECKSUM* : 0x000039A9
*ISPMODE* : 2
*ISPRESULT* : 0
--------------------
[2026-06-28 20:49:20] : End
--------------------------------------------------
[2026-06-28 20:51:44] : Begin
--------------------
*MCUTYPE* : STC8A8K64D4
*MCUID* : F7F4C476195B38
*FILENAME* : C:\OneHistory\OneHistory-Projects\2026-007-三维坐标机器\b-Code-轴输出方波\text1.hex
*FILETIME* : 2026年06月22日, 19:17:30
*FILESIZE* : 343 (0x000157)
*CODESIZE* : 100 (0x000064)
*CHECKSUM* : 0x000039A9
*ISPMODE* : 6
*ISPRESULT* : 0
--------------------
[2026-06-28 20:51:52] : End
--------------------------------------------------
[2026-06-28 20:56:50] : Begin
--------------------
*MCUTYPE* : STC8A8K64D4
*MCUID* : F7F4C9D9045A95
*ISPMODE* : 6
*ISPRESULT* : 0
--------------------
[2026-06-28 20:57:01] : End
--------------------------------------------------
[2026-06-28 21:18:08] : Begin
--------------------
*MCUTYPE* : STC8A8K64D4
*FILENAME* : C:\OneHistory\OneHistory-Projects\2026-007-三维坐标机器\b-Code-轴输出方波\text1.hex
*FILETIME* : 2026年06月28日, 21:17:44
*FILESIZE* : 572 (0x00023C)
*CODESIZE* : 182 (0x0000B6)
*CHECKSUM* : 0x000043C1
*ISPMODE* : 2
*ISPRESULT* : -1
--------------------
[2026-06-28 21:18:11] : End
--------------------------------------------------
[2026-06-28 21:18:16] : Begin
--------------------
*MCUTYPE* : STC8A8K64D4
*MCUID* : F7F4C9D9045A95
*FILENAME* : C:\OneHistory\OneHistory-Projects\2026-007-三维坐标机器\b-Code-轴输出方波\text1.hex
*FILETIME* : 2026年06月28日, 21:17:44
*FILESIZE* : 572 (0x00023C)
*CODESIZE* : 182 (0x0000B6)
*CHECKSUM* : 0x000043C1
*ISPMODE* : 2
*ISPRESULT* : 0
--------------------
[2026-06-28 21:18:22] : End
--------------------------------------------------
[2026-06-28 21:43:32] : Begin
--------------------
*MCUTYPE* : STC8A8K64D4
*MCUID* : F7F4C476195B38
*FILENAME* : C:\OneHistory\OneHistory-Projects\2026-007-三维坐标机器\b-Code-实时1上报\text1.hex
*FILETIME* : 2026年06月28日, 21:43:19
*FILESIZE* : 256 (0x000100)
*CODESIZE* : 76 (0x00004C)
*CHECKSUM* : 0x000022C5
*ISPMODE* : 2
*ISPRESULT* : 0
--------------------
[2026-06-28 21:43:35] : End
--------------------------------------------------
[2026-06-28 21:48:02] : Begin
--------------------
*MCUTYPE* : STC8A8K64D4
*MCUID* : F7F4C476195B38
*FILENAME* : C:\OneHistory\OneHistory-Projects\2026-007-三维坐标机器\b-Code-实时波形上报\text1.hex
*FILETIME* : 2026年06月28日, 21:47:14
*FILESIZE* : 1174 (0x000496)
*CODESIZE* : 379 (0x00017B)
*CHECKSUM* : 0x0000A6C9
*ISPMODE* : 2
*ISPRESULT* : 0
--------------------
[2026-06-28 21:48:15] : End
--------------------------------------------------
