[2026-06-30 15:21:08] : Begin
--------------------
*MCUTYPE* : STC8A8K64D4
*FILENAME* : C:\OneHistory\OneHistory-Projects\2026-007-三维坐标机器\b-Code-51三维坐标控制机器人嵌入式软件\text1.hex
*FILETIME* : 2026年06月30日, 15:17:57
*FILESIZE* : 5175 (0x001437)
*CODESIZE* : 1762 (0x0006E2)
*CHECKSUM* : 0x00031835
*ISPMODE* : 2
*ISPRESULT* : 3
--------------------
[2026-06-30 15:21:15] : End
--------------------------------------------------
[2026-06-30 15:21:16] : Begin
--------------------
*MCUTYPE* : STC8A8K64D4
*MCUID* : F7F4C9D9045A95
*FILENAME* : C:\OneHistory\OneHistory-Projects\2026-007-三维坐标机器\b-Code-51三维坐标控制机器人嵌入式软件\text1.hex
*FILETIME* : 2026年06月30日, 15:17:57
*FILESIZE* : 5175 (0x001437)
*CODESIZE* : 1762 (0x0006E2)
*CHECKSUM* : 0x00031835
*ISPMODE* : 2
*ISPRESULT* : 0
--------------------
[2026-06-30 15:21:21] : End
--------------------------------------------------
[2026-06-30 15:27:31] : Begin
--------------------
*MCUTYPE* : STC8A8K64D4
*FILENAME* : C:\OneHistory\OneHistory-Projects\2026-007-三维坐标机器\b-Code-51三维坐标控制机器人嵌入式软件\text1.hex
*FILETIME* : 2026年06月30日, 15:27:22
*FILESIZE* : 5265 (0x001491)
*CODESIZE* : 1794 (0x000702)
*CHECKSUM* : 0x00031F92
*ISPMODE* : 2
*ISPRESULT* : -1
--------------------
[2026-06-30 15:27:33] : End
--------------------------------------------------
[2026-06-30 15:27:39] : Begin
--------------------
*MCUTYPE* : STC8A8K64D4
*MCUID* : F7F4C9D9045A95
*FILENAME* : C:\OneHistory\OneHistory-Projects\2026-007-三维坐标机器\b-Code-51三维坐标控制机器人嵌入式软件\text1.hex
*FILETIME* : 2026年06月30日, 15:27:22
*FILESIZE* : 5265 (0x001491)
*CODESIZE* : 1794 (0x000702)
*CHECKSUM* : 0x00031F92
*ISPMODE* : 2
*ISPRESULT* : 0
--------------------
[2026-06-30 15:27:44] : End
--------------------------------------------------
[2026-06-30 19:02:17] : Begin
--------------------
*MCUTYPE* : STC8A8K64D4
*FILENAME* : C:\OneHistory\OneHistory-Projects\2026-007-三维坐标机器\b-Code-51三维坐标控制机器人嵌入式软件\text1.hex
*FILETIME* : 2026年06月30日, 19:01:53
*FILESIZE* : 6899 (0x001AF3)
*CODESIZE* : 2351 (0x00092F)
*CHECKSUM* : 0x0003E842
*ISPMODE* : 2
*ISPRESULT* : -1
--------------------
[2026-06-30 19:02:18] : End
--------------------------------------------------
[2026-06-30 19:02:24] : Begin
--------------------
*MCUTYPE* : STC8A8K64D4
*MCUID* : F7F4C9D9045A95
*FILENAME* : C:\OneHistory\OneHistory-Projects\2026-007-三维坐标机器\b-Code-51三维坐标控制机器人嵌入式软件\text1.hex
*FILETIME* : 2026年06月30日, 19:01:53
*FILESIZE* : 6899 (0x001AF3)
*CODESIZE* : 2351 (0x00092F)
*CHECKSUM* : 0x0003E842
*ISPMODE* : 2
*ISPRESULT* : 0
--------------------
[2026-06-30 19:02:32] : End
--------------------------------------------------
[2026-06-30 19:31:29] : Begin
--------------------
*MCUTYPE* : STC8A8K64D4
*MCUID* : F7F4C61E18DF2F
*FILENAME* : C:\OneHistory\OneHistory-Projects\2026-007-三维坐标机器\b-Code-51三维坐标控制机器人嵌入式软件\text1.hex
*FILETIME* : 2026年06月30日, 19:01:53
*FILESIZE* : 6899 (0x001AF3)
*CODESIZE* : 2351 (0x00092F)
*CHECKSUM* : 0x0003E842
*ISPMODE* : 2
*ISPRESULT* : 0
--------------------
[2026-06-30 19:31:33] : End
--------------------------------------------------
