[2026-06-29 09:20:41] : Begin
--------------------
*MCUTYPE* : STC8A8K64D4
*MCUID* : F7F4C476195B38
*FILENAME* : C:\OneHistory\OneHistory-Projects\2026-007-三维坐标机器\b-Code-轴输出方波\text1.hex
*FILETIME* : 2026年06月29日, 09:20:25
*FILESIZE* : 717 (0x0002CD)
*CODESIZE* : 227 (0x0000E3)
*CHECKSUM* : 0x00007394
*ISPMODE* : 2
*ISPRESULT* : 0
--------------------
[2026-06-29 09:20:50] : End
--------------------------------------------------
[2026-06-29 09:32:41] : Begin
--------------------
*MCUTYPE* : STC8A8K64D4
*MCUID* : F7F4C476195B38
*FILENAME* : C:\OneHistory\OneHistory-Projects\2026-007-三维坐标机器\b-Code-轴输出方波\text1.hex
*FILETIME* : 2026年06月29日, 09:32:03
*FILESIZE* : 236 (0x0000EC)
*CODESIZE* : 74 (0x00004A)
*CHECKSUM* : 0x0000239E
*ISPMODE* : 2
*ISPRESULT* : 0
--------------------
[2026-06-29 09:32:44] : End
--------------------------------------------------
[2026-06-29 09:34:12] : Begin
--------------------
*MCUTYPE* : STC8A8K64D4
*MCUID* : F7F4C476195B38
*FILENAME* : C:\OneHistory\OneHistory-Projects\2026-007-三维坐标机器\b-Code-轴输出方波\text1.hex
*FILETIME* : 2026年06月29日, 09:34:05
*FILESIZE* : 236 (0x0000EC)
*CODESIZE* : 74 (0x00004A)
*CHECKSUM* : 0x0000239E
*ISPMODE* : 2
*ISPRESULT* : 0
--------------------
[2026-06-29 09:34:15] : End
--------------------------------------------------
[2026-06-29 09:37:37] : Begin
--------------------
*MCUTYPE* : STC8A8K64D4
*MCUID* : F7F4C476195B38
*FILENAME* : C:\OneHistory\OneHistory-Projects\2026-007-三维坐标机器\b-Code-轴输出方波\text1.hex
*FILETIME* : 2026年06月29日, 09:37:20
*FILESIZE* : 236 (0x0000EC)
*CODESIZE* : 74 (0x00004A)
*CHECKSUM* : 0x0000239E
*ISPMODE* : 2
*ISPRESULT* : 0
--------------------
[2026-06-29 09:37:40] : End
--------------------------------------------------
[2026-06-29 09:39:00] : Begin
--------------------
*MCUTYPE* : STC8A8K64D4
*MCUID* : F7F4C476195B38
*FILENAME* : C:\OneHistory\OneHistory-Projects\2026-007-三维坐标机器\b-Code-轴输出方波\text1.hex
*FILETIME* : 2026年06月29日, 09:37:20
*FILESIZE* : 236 (0x0000EC)
*CODESIZE* : 74 (0x00004A)
*CHECKSUM* : 0x0000239E
*ISPMODE* : 2
*ISPRESULT* : 0
--------------------
[2026-06-29 09:39:03] : End
--------------------------------------------------
[2026-06-29 09:44:23] : Begin
--------------------
*MCUTYPE* : STC8A8K64D4
*MCUID* : F7F4C476195B38
*FILENAME* : C:\OneHistory\OneHistory-Projects\2026-007-三维坐标机器\b-Code-轴输出方波\text1.hex
*FILETIME* : 2026年06月29日, 09:44:17
*FILESIZE* : 236 (0x0000EC)
*CODESIZE* : 74 (0x00004A)
*CHECKSUM* : 0x0000239E
*ISPMODE* : 2
*ISPRESULT* : 0
--------------------
[2026-06-29 09:44:26] : End
--------------------------------------------------
[2026-06-29 09:48:24] : Begin
--------------------
*MCUTYPE* : STC8A8K64D4
*MCUID* : F7F4C476195B38
*FILENAME* : C:\OneHistory\OneHistory-Projects\2026-007-三维坐标机器\b-Code-实时波形上报\text1.hex
*FILETIME* : 2026年06月29日, 09:48:14
*FILESIZE* : 1174 (0x000496)
*CODESIZE* : 379 (0x00017B)
*CHECKSUM* : 0x0000A6C9
*ISPMODE* : 2
*ISPRESULT* : 0
--------------------
[2026-06-29 09:48:27] : End
--------------------------------------------------
[2026-06-29 09:53:42] : Begin
--------------------
*MCUTYPE* : STC8A8K64D4
*FILENAME* : C:\OneHistory\OneHistory-Projects\2026-007-三维坐标机器\b-Code-轴输出方波与上报\text1.hex
*FILETIME* : 2026年06月29日, 09:53:32
*FILESIZE* : 439 (0x0001B7)
*CODESIZE* : 135 (0x000087)
*CHECKSUM* : 0x00003DE4
*ISPMODE* : 2
*ISPRESULT* : -1
--------------------
[2026-06-29 09:53:44] : End
--------------------------------------------------
[2026-06-29 09:53:47] : Begin
--------------------
*MCUTYPE* : STC8A8K64D4
*FILENAME* : C:\OneHistory\OneHistory-Projects\2026-007-三维坐标机器\b-Code-轴输出方波与上报\text1.hex
*FILETIME* : 2026年06月29日, 09:53:32
*FILESIZE* : 439 (0x0001B7)
*CODESIZE* : 135 (0x000087)
*CHECKSUM* : 0x00003DE4
*ISPMODE* : 2
*ISPRESULT* : -1
--------------------
[2026-06-29 09:53:48] : End
--------------------------------------------------
[2026-06-29 09:53:52] : Begin
--------------------
*MCUTYPE* : STC8A8K64D4
*FILENAME* : C:\OneHistory\OneHistory-Projects\2026-007-三维坐标机器\b-Code-轴输出方波与上报\text1.hex
*FILETIME* : 2026年06月29日, 09:53:32
*FILESIZE* : 439 (0x0001B7)
*CODESIZE* : 135 (0x000087)
*CHECKSUM* : 0x00003DE4
*ISPMODE* : 2
*ISPRESULT* : -1
--------------------
[2026-06-29 09:53:54] : End
--------------------------------------------------
[2026-06-29 09:53:58] : Begin
--------------------
*MCUTYPE* : STC8A8K64D4
*FILENAME* : C:\OneHistory\OneHistory-Projects\2026-007-三维坐标机器\b-Code-轴输出方波与上报\text1.hex
*FILETIME* : 2026年06月29日, 09:53:32
*FILESIZE* : 439 (0x0001B7)
*CODESIZE* : 135 (0x000087)
*CHECKSUM* : 0x00003DE4
*ISPMODE* : 2
*ISPRESULT* : 3
--------------------
[2026-06-29 09:54:08] : End
--------------------------------------------------
[2026-06-29 09:54:27] : Begin
--------------------
*MCUTYPE* : STC8A8K64D4
*FILENAME* : C:\OneHistory\OneHistory-Projects\2026-007-三维坐标机器\b-Code-轴输出方波与上报\text1.hex
*FILETIME* : 2026年06月29日, 09:53:32
*FILESIZE* : 439 (0x0001B7)
*CODESIZE* : 135 (0x000087)
*CHECKSUM* : 0x00003DE4
*ISPMODE* : 2
*ISPRESULT* : 3
--------------------
[2026-06-29 09:54:35] : End
--------------------------------------------------
[2026-06-29 09:54:44] : Begin
--------------------
*MCUTYPE* : STC8A8K64D4
*MCUID* : F7F4C476195B38
*FILENAME* : C:\OneHistory\OneHistory-Projects\2026-007-三维坐标机器\b-Code-轴输出方波与上报\text1.hex
*FILETIME* : 2026年06月29日, 09:53:32
*FILESIZE* : 439 (0x0001B7)
*CODESIZE* : 135 (0x000087)
*CHECKSUM* : 0x00003DE4
*ISPMODE* : 2
*ISPRESULT* : 0
--------------------
[2026-06-29 09:54:47] : End
--------------------------------------------------
[2026-06-29 10:00:32] : Begin
--------------------
*MCUTYPE* : STC8A8K64D4
*FILENAME* : C:\OneHistory\OneHistory-Projects\2026-007-三维坐标机器\b-Code-轴输出方波与上报\text1.hex
*FILETIME* : 2026年06月29日, 10:00:24
*FILESIZE* : 439 (0x0001B7)
*CODESIZE* : 135 (0x000087)
*CHECKSUM* : 0x00003DE8
*ISPMODE* : 2
*ISPRESULT* : 3
--------------------
[2026-06-29 10:00:44] : End
--------------------------------------------------
[2026-06-29 10:00:44] : Begin
--------------------
*MCUTYPE* : STC8A8K64D4
*MCUID* : F7F4C476195B38
*FILENAME* : C:\OneHistory\OneHistory-Projects\2026-007-三维坐标机器\b-Code-轴输出方波与上报\text1.hex
*FILETIME* : 2026年06月29日, 10:00:24
*FILESIZE* : 439 (0x0001B7)
*CODESIZE* : 135 (0x000087)
*CHECKSUM* : 0x00003DE8
*ISPMODE* : 2
*ISPRESULT* : 0
--------------------
[2026-06-29 10:00:47] : End
--------------------------------------------------
[2026-06-29 10:01:33] : Begin
--------------------
*MCUTYPE* : STC8A8K64D4
*FILENAME* : C:\OneHistory\OneHistory-Projects\2026-007-三维坐标机器\b-Code-轴输出方波与上报\text1.hex
*FILETIME* : 2026年06月29日, 10:00:24
*FILESIZE* : 439 (0x0001B7)
*CODESIZE* : 135 (0x000087)
*CHECKSUM* : 0x00003DE8
*ISPMODE* : 2
*ISPRESULT* : -1
--------------------
[2026-06-29 10:01:35] : End
--------------------------------------------------
[2026-06-29 10:01:39] : Begin
--------------------
*MCUTYPE* : STC8A8K64D4
*FILENAME* : C:\OneHistory\OneHistory-Projects\2026-007-三维坐标机器\b-Code-轴输出方波与上报\text1.hex
*FILETIME* : 2026年06月29日, 10:00:24
*FILESIZE* : 439 (0x0001B7)
*CODESIZE* : 135 (0x000087)
*CHECKSUM* : 0x00003DE8
*ISPMODE* : 2
*ISPRESULT* : 3
--------------------
[2026-06-29 10:01:46] : End
--------------------------------------------------
[2026-06-29 10:01:47] : Begin
--------------------
*MCUTYPE* : STC8A8K64D4
*FILENAME* : C:\OneHistory\OneHistory-Projects\2026-007-三维坐标机器\b-Code-轴输出方波与上报\text1.hex
*FILETIME* : 2026年06月29日, 10:00:24
*FILESIZE* : 439 (0x0001B7)
*CODESIZE* : 135 (0x000087)
*CHECKSUM* : 0x00003DE8
*ISPMODE* : 2
*ISPRESULT* : 3
--------------------
[2026-06-29 10:02:03] : End
--------------------------------------------------
[2026-06-29 10:02:04] : Begin
--------------------
*MCUTYPE* : STC8A8K64D4
*FILENAME* : C:\OneHistory\OneHistory-Projects\2026-007-三维坐标机器\b-Code-轴输出方波与上报\text1.hex
*FILETIME* : 2026年06月29日, 10:00:24
*FILESIZE* : 439 (0x0001B7)
*CODESIZE* : 135 (0x000087)
*CHECKSUM* : 0x00003DE8
*ISPMODE* : 2
*ISPRESULT* : 3
--------------------
[2026-06-29 10:02:13] : End
--------------------------------------------------
[2026-06-29 10:04:35] : Begin
--------------------
*MCUTYPE* : STC8A8K64D4
*FILENAME* : C:\OneHistory\OneHistory-Projects\2026-007-三维坐标机器\b-Code-轴输出方波与上报\text1.hex
*FILETIME* : 2026年06月29日, 10:04:12
*FILESIZE* : 464 (0x0001D0)
*CODESIZE* : 141 (0x00008D)
*CHECKSUM* : 0x000040C8
*ISPMODE* : 2
*ISPRESULT* : 3
--------------------
[2026-06-29 10:04:49] : End
--------------------------------------------------
[2026-06-29 10:04:50] : Begin
--------------------
*MCUTYPE* : STC8A8K64D4
*MCUID* : F7F4C476195B38
*FILENAME* : C:\OneHistory\OneHistory-Projects\2026-007-三维坐标机器\b-Code-轴输出方波与上报\text1.hex
*FILETIME* : 2026年06月29日, 10:04:12
*FILESIZE* : 464 (0x0001D0)
*CODESIZE* : 141 (0x00008D)
*CHECKSUM* : 0x000040C8
*ISPMODE* : 2
*ISPRESULT* : 0
--------------------
[2026-06-29 10:04:54] : End
--------------------------------------------------
[2026-06-29 10:06:15] : Begin
--------------------
*MCUTYPE* : STC8A8K64D4
*FILENAME* : C:\OneHistory\OneHistory-Projects\2026-007-三维坐标机器\b-Code-轴输出方波与上报\text1.hex
*FILETIME* : 2026年06月29日, 10:06:09
*FILESIZE* : 338 (0x000152)
*CODESIZE* : 104 (0x000068)
*CHECKSUM* : 0x00002E90
*ISPMODE* : 2
*ISPRESULT* : -1
--------------------
[2026-06-29 10:06:17] : End
--------------------------------------------------
[2026-06-29 10:06:20] : Begin
--------------------
*MCUTYPE* : STC8A8K64D4
*MCUID* : F7F4C476195B38
*FILENAME* : C:\OneHistory\OneHistory-Projects\2026-007-三维坐标机器\b-Code-轴输出方波与上报\text1.hex
*FILETIME* : 2026年06月29日, 10:06:09
*FILESIZE* : 338 (0x000152)
*CODESIZE* : 104 (0x000068)
*CHECKSUM* : 0x00002E90
*ISPMODE* : 2
*ISPRESULT* : 0
--------------------
[2026-06-29 10:06:26] : End
--------------------------------------------------
[2026-06-29 10:08:46] : Begin
--------------------
*MCUTYPE* : STC8A8K64D4
*FILENAME* : C:\OneHistory\OneHistory-Projects\2026-007-三维坐标机器\b-Code-轴输出方波与上报\text1.hex
*FILETIME* : 2026年06月29日, 10:08:32
*FILESIZE* : 464 (0x0001D0)
*CODESIZE* : 141 (0x00008D)
*CHECKSUM* : 0x000040C6
*ISPMODE* : 2
*ISPRESULT* : -1
--------------------
[2026-06-29 10:08:48] : End
--------------------------------------------------
[2026-06-29 10:08:51] : Begin
--------------------
*MCUTYPE* : STC8A8K64D4
*MCUID* : F7F4C476195B38
*FILENAME* : C:\OneHistory\OneHistory-Projects\2026-007-三维坐标机器\b-Code-轴输出方波与上报\text1.hex
*FILETIME* : 2026年06月29日, 10:08:32
*FILESIZE* : 464 (0x0001D0)
*CODESIZE* : 141 (0x00008D)
*CHECKSUM* : 0x000040C6
*ISPMODE* : 2
*ISPRESULT* : 0
--------------------
[2026-06-29 10:09:00] : End
--------------------------------------------------
[2026-06-29 10:11:33] : Begin
--------------------
*MCUTYPE* : STC8A8K64D4
*FILENAME* : C:\OneHistory\OneHistory-Projects\2026-007-三维坐标机器\b-Code-轴输出方波与上报\text1.hex
*FILETIME* : 2026年06月29日, 10:11:07
*FILESIZE* : 464 (0x0001D0)
*CODESIZE* : 141 (0x00008D)
*CHECKSUM* : 0x000040EC
*ISPMODE* : 2
*ISPRESULT* : -1
--------------------
[2026-06-29 10:11:34] : End
--------------------------------------------------
[2026-06-29 10:11:38] : Begin
--------------------
*MCUTYPE* : STC8A8K64D4
*MCUID* : F7F4C476195B38
*FILENAME* : C:\OneHistory\OneHistory-Projects\2026-007-三维坐标机器\b-Code-轴输出方波与上报\text1.hex
*FILETIME* : 2026年06月29日, 10:11:07
*FILESIZE* : 464 (0x0001D0)
*CODESIZE* : 141 (0x00008D)
*CHECKSUM* : 0x000040EC
*ISPMODE* : 2
*ISPRESULT* : 0
--------------------
[2026-06-29 10:11:44] : End
--------------------------------------------------
[2026-06-29 10:13:21] : Begin
--------------------
*MCUTYPE* : STC8A8K64D4
*MCUID* : F7F4C476195B38
*FILENAME* : C:\OneHistory\OneHistory-Projects\2026-007-三维坐标机器\b-Code-轴输出方波与上报\text1.hex
*FILETIME* : 2026年06月29日, 10:13:03
*FILESIZE* : 338 (0x000152)
*CODESIZE* : 104 (0x000068)
*CHECKSUM* : 0x00002EB4
*ISPMODE* : 2
*ISPRESULT* : 0
--------------------
[2026-06-29 10:13:27] : End
--------------------------------------------------
[2026-06-29 10:19:03] : Begin
--------------------
*MCUTYPE* : STC8A8K64D4
*MCUID* : F7F4C476195B38
*FILENAME* : C:\OneHistory\OneHistory-Projects\2026-007-三维坐标机器\b-Code-轴输出方波与上报2\text1.hex
*FILETIME* : 2026年06月29日, 10:18:54
*FILESIZE* : 464 (0x0001D0)
*CODESIZE* : 141 (0x00008D)
*CHECKSUM* : 0x000040C4
*ISPMODE* : 2
*ISPRESULT* : 0
--------------------
[2026-06-29 10:19:05] : End
--------------------------------------------------
[2026-06-29 10:25:06] : Begin
--------------------
*MCUTYPE* : STC8A8K64D4
*MCUID* : F7F4C476195B38
*FILENAME* : C:\OneHistory\OneHistory-Projects\2026-007-三维坐标机器\b-Code-轴输出方波与上报2\text1.hex
*FILETIME* : 2026年06月29日, 10:24:06
*FILESIZE* : 338 (0x000152)
*CODESIZE* : 104 (0x000068)
*CHECKSUM* : 0x00002ED2
*ISPMODE* : 2
*ISPRESULT* : 0
--------------------
[2026-06-29 10:25:08] : End
--------------------------------------------------
[2026-06-29 10:27:54] : Begin
--------------------
*MCUTYPE* : STC8A8K64D4
*MCUID* : F7F4C476195B38
*FILENAME* : C:\OneHistory\OneHistory-Projects\2026-007-三维坐标机器\b-Code-轴输出方波与上报\text1.hex
*FILETIME* : 2026年06月29日, 10:13:03
*FILESIZE* : 338 (0x000152)
*CODESIZE* : 104 (0x000068)
*CHECKSUM* : 0x00002EB4
*ISPMODE* : 2
*ISPRESULT* : 0
--------------------
[2026-06-29 10:27:57] : End
--------------------------------------------------
[2026-06-29 10:28:55] : Begin
--------------------
*MCUTYPE* : STC8A8K64D4
*MCUID* : F7F4C476195B38
*FILENAME* : C:\OneHistory\OneHistory-Projects\2026-007-三维坐标机器\b-Code-轴输出方波与上报\text1.hex
*FILETIME* : 2026年06月29日, 10:28:48
*FILESIZE* : 338 (0x000152)
*CODESIZE* : 104 (0x000068)
*CHECKSUM* : 0x00002ED2
*ISPMODE* : 2
*ISPRESULT* : 0
--------------------
[2026-06-29 10:28:58] : End
--------------------------------------------------
[2026-06-29 10:30:49] : Begin
--------------------
*MCUTYPE* : STC8A8K64D4
*MCUID* : F7F4C476195B38
*FILENAME* : C:\OneHistory\OneHistory-Projects\2026-007-三维坐标机器\b-Code-轴输出方波与上报\text1.hex
*FILETIME* : 2026年06月29日, 10:30:38
*FILESIZE* : 338 (0x000152)
*CODESIZE* : 104 (0x000068)
*CHECKSUM* : 0x00002ED2
*ISPMODE* : 2
*ISPRESULT* : 0
--------------------
[2026-06-29 10:30:52] : End
--------------------------------------------------
[2026-06-29 10:32:38] : Begin
--------------------
*MCUTYPE* : STC8A8K64D4
*MCUID* : F7F4C476195B38
*FILENAME* : C:\OneHistory\OneHistory-Projects\2026-007-三维坐标机器\b-Code-轴输出方波与上报\text1.hex
*FILETIME* : 2026年06月29日, 10:32:30
*FILESIZE* : 338 (0x000152)
*CODESIZE* : 104 (0x000068)
*CHECKSUM* : 0x00002EB4
*ISPMODE* : 2
*ISPRESULT* : 0
--------------------
[2026-06-29 10:32:41] : End
--------------------------------------------------
[2026-06-29 10:35:24] : Begin
--------------------
*MCUTYPE* : STC8A8K64D4
*MCUID* : F7F4C476195B38
*FILENAME* : C:\OneHistory\OneHistory-Projects\2026-007-三维坐标机器\b-Code-轴输出方波与上报\text1.hex
*FILETIME* : 2026年06月29日, 10:35:19
*FILESIZE* : 338 (0x000152)
*CODESIZE* : 104 (0x000068)
*CHECKSUM* : 0x00002ED2
*ISPMODE* : 2
*ISPRESULT* : 0
--------------------
[2026-06-29 10:35:27] : End
--------------------------------------------------
[2026-06-29 10:36:53] : Begin
--------------------
*MCUTYPE* : STC8A8K64D4
*MCUID* : F7F4C476195B38
*FILENAME* : C:\OneHistory\OneHistory-Projects\2026-007-三维坐标机器\b-Code-轴输出方波与上报\text1.hex
*FILETIME* : 2026年06月29日, 10:36:42
*FILESIZE* : 338 (0x000152)
*CODESIZE* : 104 (0x000068)
*CHECKSUM* : 0x00002ECD
*ISPMODE* : 2
*ISPRESULT* : 0
--------------------
[2026-06-29 10:36:56] : End
--------------------------------------------------
[2026-06-29 10:38:39] : Begin
--------------------
*MCUTYPE* : STC8A8K64D4
*MCUID* : F7F4C476195B38
*FILENAME* : C:\OneHistory\OneHistory-Projects\2026-007-三维坐标机器\b-Code-轴输出方波与上报\text1.hex
*FILETIME* : 2026年06月29日, 10:38:32
*FILESIZE* : 338 (0x000152)
*CODESIZE* : 104 (0x000068)
*CHECKSUM* : 0x00002E69
*ISPMODE* : 2
*ISPRESULT* : 0
--------------------
[2026-06-29 10:38:41] : End
--------------------------------------------------
[2026-06-29 10:40:48] : Begin
--------------------
*MCUTYPE* : STC8A8K64D4
*MCUID* : F7F4C61E18DF32
*FILENAME* : C:\OneHistory\OneHistory-Projects\2026-007-三维坐标机器\b-Code-轴输出方波与上报\text1.hex
*FILETIME* : 2026年06月29日, 10:40:43
*FILESIZE* : 338 (0x000152)
*CODESIZE* : 104 (0x000068)
*CHECKSUM* : 0x00002E69
*ISPMODE* : 2
*ISPRESULT* : 0
--------------------
[2026-06-29 10:40:51] : End
--------------------------------------------------
[2026-06-29 10:46:22] : Begin
--------------------
*MCUTYPE* : STC8A8K64D4
*MCUID* : F7F4C476195B38
*FILENAME* : C:\OneHistory\OneHistory-Projects\2026-007-三维坐标机器\b-Code-示波器上报\text1.hex
*FILETIME* : 2026年06月29日, 10:46:04
*FILESIZE* : 728 (0x0002D8)
*CODESIZE* : 234 (0x0000EA)
*CHECKSUM* : 0x00005E04
*ISPMODE* : 2
*ISPRESULT* : 0
--------------------
[2026-06-29 10:46:25] : End
--------------------------------------------------
[2026-06-29 10:49:22] : Begin
--------------------
*MCUTYPE* : STC8A8K64D4
*MCUID* : F7F4C61E18DF32
*FILENAME* : C:\OneHistory\OneHistory-Projects\2026-007-三维坐标机器\b-Code-实时波形上报\text1.hex
*FILETIME* : 2026年06月29日, 09:48:14
*FILESIZE* : 1174 (0x000496)
*CODESIZE* : 379 (0x00017B)
*CHECKSUM* : 0x0000A6C9
*ISPMODE* : 2
*ISPRESULT* : 0
--------------------
[2026-06-29 10:49:38] : End
--------------------------------------------------
[2026-06-29 10:50:10] : Begin
--------------------
*MCUTYPE* : STC8A8K64D4
*FILENAME* : C:\OneHistory\OneHistory-Projects\2026-007-三维坐标机器\b-Code-轴输出方波与上报\text1.hex
*FILETIME* : 2026年06月29日, 10:40:43
*FILESIZE* : 338 (0x000152)
*CODESIZE* : 104 (0x000068)
*CHECKSUM* : 0x00002E69
*ISPMODE* : 2
*ISPRESULT* : 3
--------------------
[2026-06-29 10:50:27] : End
--------------------------------------------------
[2026-06-29 10:50:28] : Begin
--------------------
*MCUTYPE* : STC8A8K64D4
*MCUID* : F7F4C61E18DF32
*FILENAME* : C:\OneHistory\OneHistory-Projects\2026-007-三维坐标机器\b-Code-轴输出方波与上报\text1.hex
*FILETIME* : 2026年06月29日, 10:40:43
*FILESIZE* : 338 (0x000152)
*CODESIZE* : 104 (0x000068)
*CHECKSUM* : 0x00002E69
*ISPMODE* : 2
*ISPRESULT* : 0
--------------------
[2026-06-29 10:50:35] : End
--------------------------------------------------
[2026-06-29 10:53:07] : Begin
--------------------
*MCUTYPE* : STC8A8K64D4
*MCUID* : F7F4C476195B38
*FILENAME* : C:\OneHistory\OneHistory-Projects\2026-007-三维坐标机器\b-Code-轴输出方波与上报\text1.hex
*FILETIME* : 2026年06月29日, 10:40:43
*FILESIZE* : 338 (0x000152)
*CODESIZE* : 104 (0x000068)
*CHECKSUM* : 0x00002E69
*ISPMODE* : 2
*ISPRESULT* : 0
--------------------
[2026-06-29 10:53:15] : End
--------------------------------------------------
[2026-06-29 10:54:00] : Begin
--------------------
*MCUTYPE* : STC8A8K64D4
*MCUID* : F7F4C61E18DF32
*FILENAME* : C:\OneHistory\OneHistory-Projects\2026-007-三维坐标机器\b-Code-轴输出方波与上报\text1.hex
*FILETIME* : 2026年06月29日, 10:40:43
*FILESIZE* : 338 (0x000152)
*CODESIZE* : 104 (0x000068)
*CHECKSUM* : 0x00002E69
*ISPMODE* : 2
*ISPRESULT* : 0
--------------------
[2026-06-29 10:54:03] : End
--------------------------------------------------
[2026-06-29 14:11:13] : Begin
--------------------
*MCUTYPE* : STC8A8K64D4
*MCUID* : F7F4C61E18DF2F
*FILENAME* : C:\OneHistory\OneHistory-Projects\2026-007-三维坐标机器\b-Code-轴输出方波与上报\text1.hex
*FILETIME* : 2026年06月29日, 10:40:43
*FILESIZE* : 338 (0x000152)
*CODESIZE* : 104 (0x000068)
*CHECKSUM* : 0x00002E69
*ISPMODE* : 2
*ISPRESULT* : 0
--------------------
[2026-06-29 14:11:16] : End
--------------------------------------------------
[2026-06-29 14:24:05] : Begin
--------------------
*MCUTYPE* : STC8A8K64D4
*MCUID* : F7F4C9D9045A95
*FILENAME* : C:\OneHistory\OneHistory-Projects\2026-007-三维坐标机器\b-Code-小灯点亮实验\text1.hex
*FILETIME* : 2026年06月29日, 14:23:49
*FILESIZE* : 236 (0x0000EC)
*CODESIZE* : 66 (0x000042)
*CHECKSUM* : 0x0000221B
*ISPMODE* : 2
*ISPRESULT* : 0
--------------------
[2026-06-29 14:24:11] : End
--------------------------------------------------
[2026-06-29 14:26:06] : Begin
--------------------
*MCUTYPE* : STC8A8K64D4
*MCUID* : F7F4C9D9045A95
*FILENAME* : C:\OneHistory\OneHistory-Projects\2026-007-三维坐标机器\b-Code-小灯点亮实验\text1.hex
*FILETIME* : 2026年06月29日, 14:26:02
*FILESIZE* : 244 (0x0000F4)
*CODESIZE* : 70 (0x000046)
*CHECKSUM* : 0x000024F3
*ISPMODE* : 2
*ISPRESULT* : 0
--------------------
[2026-06-29 14:26:12] : End
--------------------------------------------------
[2026-06-29 14:27:19] : Begin
--------------------
*MCUTYPE* : STC8A8K64D4
*MCUID* : F7F4C9D9045A95
*FILENAME* : C:\OneHistory\OneHistory-Projects\2026-007-三维坐标机器\b-Code-小灯点亮实验\text1.hex
*FILETIME* : 2026年06月29日, 14:27:13
*FILESIZE* : 256 (0x000100)
*CODESIZE* : 76 (0x00004C)
*CHECKSUM* : 0x000027B9
*ISPMODE* : 2
*ISPRESULT* : 0
--------------------
[2026-06-29 14:27:26] : End
--------------------------------------------------
[2026-06-29 14:44:52] : Begin
--------------------
*MCUTYPE* : STC8A8K64D4
*FILENAME* : C:\OneHistory\OneHistory-Projects\2026-007-三维坐标机器\b-Code-小灯点亮实验\text1.hex
*FILETIME* : 2026年06月29日, 14:44:44
*FILESIZE* : 240 (0x0000F0)
*CODESIZE* : 68 (0x000044)
*CHECKSUM* : 0x00001F65
*ISPMODE* : 2
*ISPRESULT* : -1
--------------------
[2026-06-29 14:44:53] : End
--------------------------------------------------
[2026-06-29 14:45:02] : Begin
--------------------
*MCUTYPE* : STC8A8K64D4
*MCUID* : F7F4C9D9045A95
*FILENAME* : C:\OneHistory\OneHistory-Projects\2026-007-三维坐标机器\b-Code-小灯点亮实验\text1.hex
*FILETIME* : 2026年06月29日, 14:44:44
*FILESIZE* : 240 (0x0000F0)
*CODESIZE* : 68 (0x000044)
*CHECKSUM* : 0x00001F65
*ISPMODE* : 2
*ISPRESULT* : 0
--------------------
[2026-06-29 14:45:10] : End
--------------------------------------------------
[2026-06-29 14:51:23] : Begin
--------------------
*MCUTYPE* : STC8A8K64D4
*MCUID* : F7F4C9D9045A95
*FILENAME* : C:\OneHistory\OneHistory-Projects\2026-007-三维坐标机器\b-Code-小灯点亮实验\text1.hex
*FILETIME* : 2026年06月29日, 14:51:08
*FILESIZE* : 667 (0x00029B)
*CODESIZE* : 197 (0x0000C5)
*CHECKSUM* : 0x00004F33
*ISPMODE* : 2
*ISPRESULT* : 0
--------------------
[2026-06-29 14:51:30] : End
--------------------------------------------------
[2026-06-29 14:53:29] : Begin
--------------------
*MCUTYPE* : STC8A8K64D4
*MCUID* : F7F4C9D9045A95
*FILENAME* : C:\OneHistory\OneHistory-Projects\2026-007-三维坐标机器\b-Code-小灯点亮实验\text1.hex
*FILETIME* : 2026年06月29日, 14:53:17
*FILESIZE* : 1278 (0x0004FE)
*CODESIZE* : 405 (0x000195)
*CHECKSUM* : 0x0000B658
*ISPMODE* : 2
*ISPRESULT* : 0
--------------------
[2026-06-29 14:53:34] : End
--------------------------------------------------
[2026-06-29 15:20:38] : Begin
--------------------
*MCUTYPE* : STC8A8K64D4
*FILENAME* : C:\OneHistory\OneHistory-Projects\2026-007-三维坐标机器\b-Code-轴输出方波与上报\text1.hex
*FILETIME* : 2026年06月29日, 10:40:43
*FILESIZE* : 338 (0x000152)
*CODESIZE* : 104 (0x000068)
*CHECKSUM* : 0x00002E69
*ISPMODE* : 2
*ISPRESULT* : 3
--------------------
[2026-06-29 15:20:50] : End
--------------------------------------------------
[2026-06-29 15:20:52] : Begin
--------------------
*MCUTYPE* : STC8A8K64D4
*FILENAME* : C:\OneHistory\OneHistory-Projects\2026-007-三维坐标机器\b-Code-轴输出方波与上报\text1.hex
*FILETIME* : 2026年06月29日, 10:40:43
*FILESIZE* : 338 (0x000152)
*CODESIZE* : 104 (0x000068)
*CHECKSUM* : 0x00002E69
*ISPMODE* : 2
*ISPRESULT* : 3
--------------------
[2026-06-29 15:20:59] : End
--------------------------------------------------
[2026-06-29 15:21:00] : Begin
--------------------
*MCUTYPE* : STC8A8K64D4
*MCUID* : F7F4C9D9045A95
*FILENAME* : C:\OneHistory\OneHistory-Projects\2026-007-三维坐标机器\b-Code-轴输出方波与上报\text1.hex
*FILETIME* : 2026年06月29日, 10:40:43
*FILESIZE* : 338 (0x000152)
*CODESIZE* : 104 (0x000068)
*CHECKSUM* : 0x00002E69
*ISPMODE* : 2
*ISPRESULT* : 0
--------------------
[2026-06-29 15:21:04] : End
--------------------------------------------------
[2026-06-29 15:22:51] : Begin
--------------------
*MCUTYPE* : STC8A8K64D4
*MCUID* : F7F4C61E18DF32
*FILENAME* : C:\OneHistory\OneHistory-Projects\2026-007-三维坐标机器\b-Code-轴输出方波与上报\text1.hex
*FILETIME* : 2026年06月29日, 10:40:43
*FILESIZE* : 338 (0x000152)
*CODESIZE* : 104 (0x000068)
*CHECKSUM* : 0x00002E69
*ISPMODE* : 2
*ISPRESULT* : 0
--------------------
[2026-06-29 15:22:54] : End
--------------------------------------------------
[2026-06-29 15:23:10] : Begin
--------------------
*MCUTYPE* : STC8A8K64D4
*MCUID* : F7F4CA6A05D82B
*FILENAME* : C:\OneHistory\OneHistory-Projects\2026-007-三维坐标机器\b-Code-轴输出方波与上报\text1.hex
*FILETIME* : 2026年06月29日, 10:40:43
*FILESIZE* : 338 (0x000152)
*CODESIZE* : 104 (0x000068)
*CHECKSUM* : 0x00002E69
*ISPMODE* : 2
*ISPRESULT* : 0
--------------------
[2026-06-29 15:23:19] : End
--------------------------------------------------
[2026-06-29 16:48:58] : Begin
--------------------
*MCUTYPE* : STC8A8K64D4
*MCUID* : F7F4C9D9045A95
*FILENAME* : C:\OneHistory\OneHistory-Projects\2026-007-三维坐标机器\b-Code-51三维坐标控制机器人嵌入式软件\text1.hex
*FILETIME* : 2026年06月29日, 16:48:18
*FILESIZE* : 6400 (0x001900)
*CODESIZE* : 2186 (0x00088A)
*CHECKSUM* : 0x0003B051
*ISPMODE* : 2
*ISPRESULT* : 0
--------------------
[2026-06-29 16:49:04] : End
--------------------------------------------------
[2026-06-29 16:56:32] : Begin
--------------------
*MCUTYPE* : STC8A8K64D4
*MCUID* : F7F4C9D9045A95
*FILENAME* : C:\OneHistory\OneHistory-Projects\2026-007-三维坐标机器\b-Code-51三维坐标控制机器人嵌入式软件\text1.hex
*FILETIME* : 2026年06月29日, 16:56:27
*FILESIZE* : 4972 (0x00136C)
*CODESIZE* : 1697 (0x0006A1)
*CHECKSUM* : 0x0002EFF5
*ISPMODE* : 2
*ISPRESULT* : 0
--------------------
[2026-06-29 16:56:38] : End
--------------------------------------------------
[2026-06-29 16:59:57] : Begin
--------------------
*MCUTYPE* : STC8A8K64D4
*MCUID* : F7F4C9D9045A95
*FILENAME* : C:\OneHistory\OneHistory-Projects\2026-007-三维坐标机器\b-Code-51三维坐标控制机器人嵌入式软件\text1.hex
*FILETIME* : 2026年06月29日, 16:59:50
*FILESIZE* : 4972 (0x00136C)
*CODESIZE* : 1697 (0x0006A1)
*CHECKSUM* : 0x0002EFB3
*ISPMODE* : 2
*ISPRESULT* : 0
--------------------
[2026-06-29 17:00:06] : End
--------------------------------------------------
[2026-06-29 17:08:57] : Begin
--------------------
*MCUTYPE* : STC8A8K64D4
*MCUID* : F7F4C9D9045A95
*FILENAME* : C:\OneHistory\OneHistory-Projects\2026-007-三维坐标机器\b-Code-51三维坐标控制机器人嵌入式软件\text1.hex
*FILETIME* : 2026年06月29日, 17:08:48
*FILESIZE* : 5102 (0x0013EE)
*CODESIZE* : 1723 (0x0006BB)
*CHECKSUM* : 0x00030394
*ISPMODE* : 2
*ISPRESULT* : 0
--------------------
[2026-06-29 17:09:03] : End
--------------------------------------------------
[2026-06-29 17:14:02] : Begin
--------------------
*MCUTYPE* : STC8A8K64D4
*MCUID* : F7F4C9D9045A95
*FILENAME* : C:\OneHistory\OneHistory-Projects\2026-007-三维坐标机器\b-Code-51三维坐标控制机器人嵌入式软件\text1.hex
*FILETIME* : 2026年06月29日, 17:08:48
*FILESIZE* : 5102 (0x0013EE)
*CODESIZE* : 1723 (0x0006BB)
*CHECKSUM* : 0x00030394
*ISPMODE* : 2
*ISPRESULT* : 0
--------------------
[2026-06-29 17:14:10] : End
--------------------------------------------------
[2026-06-29 17:19:52] : Begin
--------------------
*MCUTYPE* : STC8A8K64D4
*MCUID* : F7F4C9D9045A95
*FILENAME* : C:\OneHistory\OneHistory-Projects\2026-007-三维坐标机器\b-Code-51三维坐标控制机器人嵌入式软件\text1.hex
*FILETIME* : 2026年06月29日, 17:19:46
*FILESIZE* : 5368 (0x0014F8)
*CODESIZE* : 1817 (0x000719)
*CHECKSUM* : 0x0003491B
*ISPMODE* : 2
*ISPRESULT* : 0
--------------------
[2026-06-29 17:20:01] : End
--------------------------------------------------
[2026-06-29 19:40:00] : Begin
--------------------
*MCUTYPE* : STC8A8K64D4
*MCUID* : F7F4C9D9045A95
*FILENAME* : C:\OneHistory\OneHistory-Projects\2026-007-三维坐标机器\b-Code-51三维坐标控制机器人嵌入式软件\text1.hex
*FILETIME* : 2026年06月29日, 19:39:49
*FILESIZE* : 5368 (0x0014F8)
*CODESIZE* : 1817 (0x000719)
*CHECKSUM* : 0x00034987
*ISPMODE* : 2
*ISPRESULT* : 0
--------------------
[2026-06-29 19:40:15] : End
--------------------------------------------------
[2026-06-29 19:43:47] : Begin
--------------------
*MCUTYPE* : STC8A8K64D4
*FILENAME* : C:\OneHistory\OneHistory-Projects\2026-007-三维坐标机器\b-Code-51三维坐标控制机器人嵌入式软件\text1.hex
*FILETIME* : 2026年06月29日, 19:43:40
*FILESIZE* : 6344 (0x0018C8)
*CODESIZE* : 2162 (0x000872)
*CHECKSUM* : 0x0003A244
*ISPMODE* : 2
*ISPRESULT* : -1
--------------------
[2026-06-29 19:43:48] : End
--------------------------------------------------
[2026-06-29 19:43:55] : Begin
--------------------
*MCUTYPE* : STC8A8K64D4
*FILENAME* : C:\OneHistory\OneHistory-Projects\2026-007-三维坐标机器\b-Code-51三维坐标控制机器人嵌入式软件\text1.hex
*FILETIME* : 2026年06月29日, 19:43:40
*FILESIZE* : 6344 (0x0018C8)
*CODESIZE* : 2162 (0x000872)
*CHECKSUM* : 0x0003A244
*ISPMODE* : 2
*ISPRESULT* : -1
--------------------
[2026-06-29 19:43:56] : End
--------------------------------------------------
[2026-06-29 19:44:00] : Begin
--------------------
*MCUTYPE* : STC8A8K64D4
*FILENAME* : C:\OneHistory\OneHistory-Projects\2026-007-三维坐标机器\b-Code-51三维坐标控制机器人嵌入式软件\text1.hex
*FILETIME* : 2026年06月29日, 19:43:40
*FILESIZE* : 6344 (0x0018C8)
*CODESIZE* : 2162 (0x000872)
*CHECKSUM* : 0x0003A244
*ISPMODE* : 2
*ISPRESULT* : -1
--------------------
[2026-06-29 19:44:02] : End
--------------------------------------------------
[2026-06-29 19:44:07] : Begin
--------------------
*MCUTYPE* : STC8A8K64D4
*FILENAME* : C:\OneHistory\OneHistory-Projects\2026-007-三维坐标机器\b-Code-51三维坐标控制机器人嵌入式软件\text1.hex
*FILETIME* : 2026年06月29日, 19:43:40
*FILESIZE* : 6344 (0x0018C8)
*CODESIZE* : 2162 (0x000872)
*CHECKSUM* : 0x0003A244
*ISPMODE* : 2
*ISPRESULT* : -1
--------------------
[2026-06-29 19:44:08] : End
--------------------------------------------------
[2026-06-29 19:44:13] : Begin
--------------------
*MCUTYPE* : STC8A8K64D4
*MCUID* : F7F4C9D9045A95
*FILENAME* : C:\OneHistory\OneHistory-Projects\2026-007-三维坐标机器\b-Code-51三维坐标控制机器人嵌入式软件\text1.hex
*FILETIME* : 2026年06月29日, 19:43:40
*FILESIZE* : 6344 (0x0018C8)
*CODESIZE* : 2162 (0x000872)
*CHECKSUM* : 0x0003A244
*ISPMODE* : 2
*ISPRESULT* : 0
--------------------
[2026-06-29 19:44:19] : End
--------------------------------------------------
[2026-06-29 19:48:06] : Begin
--------------------
*MCUTYPE* : STC8A8K64D4
*MCUID* : F7F4C9D9045A95
*FILENAME* : C:\OneHistory\OneHistory-Projects\2026-007-三维坐标机器\b-Code-51三维坐标控制机器人嵌入式软件\text1.hex
*FILETIME* : 2026年06月29日, 19:47:59
*FILESIZE* : 7156 (0x001BF4)
*CODESIZE* : 2438 (0x000986)
*CHECKSUM* : 0x00040D33
*ISPMODE* : 2
*ISPRESULT* : 0
--------------------
[2026-06-29 19:48:12] : End
--------------------------------------------------
[2026-06-29 19:49:50] : Begin
--------------------
*MCUTYPE* : STC8A8K64D4
*MCUID* : F7F4C9D9045A95
*FILENAME* : C:\OneHistory\OneHistory-Projects\2026-007-三维坐标机器\b-Code-51三维坐标控制机器人嵌入式软件\text1.hex
*FILETIME* : 2026年06月29日, 19:49:46
*FILESIZE* : 7224 (0x001C38)
*CODESIZE* : 2459 (0x00099B)
*CHECKSUM* : 0x0004102B
*ISPMODE* : 2
*ISPRESULT* : 0
--------------------
[2026-06-29 19:49:56] : End
--------------------------------------------------
[2026-06-29 19:53:18] : Begin
--------------------
*MCUTYPE* : STC8A8K64D4
*MCUID* : F7F4C9D9045A95
*FILENAME* : C:\OneHistory\OneHistory-Projects\2026-007-三维坐标机器\b-Code-51三维坐标控制机器人嵌入式软件\text1.hex
*FILETIME* : 2026年06月29日, 19:53:13
*FILESIZE* : 6787 (0x001A83)
*CODESIZE* : 2299 (0x0008FB)
*CHECKSUM* : 0x0003F2BC
*ISPMODE* : 2
*ISPRESULT* : 0
--------------------
[2026-06-29 19:53:26] : End
--------------------------------------------------
[2026-06-29 19:55:43] : Begin
--------------------
*MCUTYPE* : STC8A8K64D4
*MCUID* : F7F4C9D9045A95
*FILENAME* : C:\OneHistory\OneHistory-Projects\2026-007-三维坐标机器\b-Code-51三维坐标控制机器人嵌入式软件\text1.hex
*FILETIME* : 2026年06月29日, 19:55:31
*FILESIZE* : 6787 (0x001A83)
*CODESIZE* : 2299 (0x0008FB)
*CHECKSUM* : 0x0003F2BC
*ISPMODE* : 2
*ISPRESULT* : 0
--------------------
[2026-06-29 19:55:49] : End
--------------------------------------------------
[2026-06-29 19:59:01] : Begin
--------------------
*MCUTYPE* : STC8A8K64D4
*MCUID* : F7F4C9D9045A95
*FILENAME* : C:\OneHistory\OneHistory-Projects\2026-007-三维坐标机器\b-Code-51三维坐标控制机器人嵌入式软件\text1.hex
*FILETIME* : 2026年06月29日, 19:58:52
*FILESIZE* : 6666 (0x001A0A)
*CODESIZE* : 2258 (0x0008D2)
*CHECKSUM* : 0x0003CDE6
*ISPMODE* : 2
*ISPRESULT* : 0
--------------------
[2026-06-29 19:59:06] : End
--------------------------------------------------
[2026-06-29 20:01:50] : Begin
--------------------
*MCUTYPE* : STC8A8K64D4
*FILENAME* : C:\OneHistory\OneHistory-Projects\2026-007-三维坐标机器\b-Code-51三维坐标控制机器人嵌入式软件\text1.hex
*FILETIME* : 2026年06月29日, 20:01:45
*FILESIZE* : 6787 (0x001A83)
*CODESIZE* : 2299 (0x0008FB)
*CHECKSUM* : 0x0003F2BC
*ISPMODE* : 2
*ISPRESULT* : -1
--------------------
[2026-06-29 20:01:51] : End
--------------------------------------------------
[2026-06-29 20:01:59] : Begin
--------------------
*MCUTYPE* : STC8A8K64D4
*MCUID* : F7F4C9D9045A95
*FILENAME* : C:\OneHistory\OneHistory-Projects\2026-007-三维坐标机器\b-Code-51三维坐标控制机器人嵌入式软件\text1.hex
*FILETIME* : 2026年06月29日, 20:01:45
*FILESIZE* : 6787 (0x001A83)
*CODESIZE* : 2299 (0x0008FB)
*CHECKSUM* : 0x0003F2BC
*ISPMODE* : 2
*ISPRESULT* : 0
--------------------
[2026-06-29 20:02:05] : End
--------------------------------------------------
[2026-06-29 20:03:18] : Begin
--------------------
*MCUTYPE* : STC8A8K64D4
*MCUID* : F7F4C9D9045A95
*FILENAME* : C:\OneHistory\OneHistory-Projects\2026-007-三维坐标机器\b-Code-51三维坐标控制机器人嵌入式软件\text1.hex
*FILETIME* : 2026年06月29日, 20:01:45
*FILESIZE* : 6787 (0x001A83)
*CODESIZE* : 2299 (0x0008FB)
*CHECKSUM* : 0x0003F2BC
*ISPMODE* : 2
*ISPRESULT* : 0
--------------------
[2026-06-29 20:03:25] : End
--------------------------------------------------
[2026-06-29 20:06:12] : Begin
--------------------
*MCUTYPE* : STC8A8K64D4
*MCUID* : F7F4C9D9045A95
*FILENAME* : C:\OneHistory\OneHistory-Projects\2026-007-三维坐标机器\b-Code-51三维坐标控制机器人嵌入式软件\text1.hex
*FILETIME* : 2026年06月29日, 20:05:25
*FILESIZE* : 6766 (0x001A6E)
*CODESIZE* : 2295 (0x0008F7)
*CHECKSUM* : 0x0003F12A
*ISPMODE* : 2
*ISPRESULT* : 0
--------------------
[2026-06-29 20:06:18] : End
--------------------------------------------------
[2026-06-29 20:08:06] : Begin
--------------------
*MCUTYPE* : STC8A8K64D4
*MCUID* : F7F4C9D9045A95
*FILENAME* : C:\OneHistory\OneHistory-Projects\2026-007-三维坐标机器\b-Code-51三维坐标控制机器人嵌入式软件\text1.hex
*FILETIME* : 2026年06月29日, 20:08:00
*FILESIZE* : 7069 (0x001B9D)
*CODESIZE* : 2388 (0x000954)
*CHECKSUM* : 0x0004139B
*ISPMODE* : 2
*ISPRESULT* : 0
--------------------
[2026-06-29 20:08:11] : End
--------------------------------------------------
[2026-06-29 20:10:29] : Begin
--------------------
*MCUTYPE* : STC8A8K64D4
*MCUID* : F7F4C9D9045A95
*FILENAME* : C:\OneHistory\OneHistory-Projects\2026-007-三维坐标机器\b-Code-51三维坐标控制机器人嵌入式软件\text1.hex
*FILETIME* : 2026年06月29日, 20:10:24
*FILESIZE* : 6818 (0x001AA2)
*CODESIZE* : 2308 (0x000904)
*CHECKSUM* : 0x0003F7FC
*ISPMODE* : 2
*ISPRESULT* : 0
--------------------
[2026-06-29 20:10:38] : End
--------------------------------------------------
[2026-06-29 20:18:43] : Begin
--------------------
*MCUTYPE* : STC8A8K64D4
*MCUID* : F7F4C9D9045A95
*FILENAME* : C:\OneHistory\OneHistory-Projects\2026-007-三维坐标机器\b-Code-51三维坐标控制机器人嵌入式软件\text1.hex
*FILETIME* : 2026年06月29日, 20:18:38
*FILESIZE* : 6818 (0x001AA2)
*CODESIZE* : 2308 (0x000904)
*CHECKSUM* : 0x0003F7FC
*ISPMODE* : 2
*ISPRESULT* : 0
--------------------
[2026-06-29 20:18:54] : End
--------------------------------------------------
[2026-06-29 20:28:16] : Begin
--------------------
*MCUTYPE* : STC8A8K64D4
*MCUID* : F7F4C9D9045A95
*FILENAME* : C:\OneHistory\OneHistory-Projects\2026-007-三维坐标机器\b-Code-51与电脑通讯\text1.hex
*FILETIME* : 2026年06月29日, 20:28:07
*FILESIZE* : 555 (0x00022B)
*CODESIZE* : 174 (0x0000AE)
*CHECKSUM* : 0x0000499A
*ISPMODE* : 2
*ISPRESULT* : 0
--------------------
[2026-06-29 20:28:22] : End
--------------------------------------------------
[2026-06-29 20:29:35] : Begin
--------------------
*MCUTYPE* : STC8A8K64D4
*FILENAME* : C:\OneHistory\OneHistory-Projects\2026-007-三维坐标机器\b-Code-51与电脑通讯\text1.hex
*FILETIME* : 2026年06月29日, 20:29:28
*FILESIZE* : 528 (0x000210)
*CODESIZE* : 167 (0x0000A7)
*CHECKSUM* : 0x00004741
*ISPMODE* : 2
*ISPRESULT* : -1
--------------------
[2026-06-29 20:29:36] : End
--------------------------------------------------
[2026-06-29 20:29:45] : Begin
--------------------
*MCUTYPE* : STC8A8K64D4
*MCUID* : F7F4C9D9045A95
*FILENAME* : C:\OneHistory\OneHistory-Projects\2026-007-三维坐标机器\b-Code-51与电脑通讯\text1.hex
*FILETIME* : 2026年06月29日, 20:29:28
*FILESIZE* : 528 (0x000210)
*CODESIZE* : 167 (0x0000A7)
*CHECKSUM* : 0x00004741
*ISPMODE* : 2
*ISPRESULT* : 0
--------------------
[2026-06-29 20:29:51] : End
--------------------------------------------------
[2026-06-29 20:31:52] : Begin
--------------------
*MCUTYPE* : STC8A8K64D4
*FILENAME* : C:\OneHistory\OneHistory-Projects\2026-007-三维坐标机器\b-Code-51与电脑通讯\text1.hex
*FILETIME* : 2026年06月29日, 20:30:52
*FILESIZE* : 555 (0x00022B)
*CODESIZE* : 167 (0x0000A7)
*CHECKSUM* : 0x00004741
*ISPMODE* : 2
*ISPRESULT* : -1
--------------------
[2026-06-29 20:31:53] : End
--------------------------------------------------
[2026-06-29 20:31:57] : Begin
--------------------
*MCUTYPE* : STC8A8K64D4
*MCUID* : F7F4C9D9045A95
*FILENAME* : C:\OneHistory\OneHistory-Projects\2026-007-三维坐标机器\b-Code-51与电脑通讯\text1.hex
*FILETIME* : 2026年06月29日, 20:30:52
*FILESIZE* : 555 (0x00022B)
*CODESIZE* : 174 (0x0000AE)
*CHECKSUM* : 0x00004992
*ISPMODE* : 2
*ISPRESULT* : 0
--------------------
[2026-06-29 20:32:02] : End
--------------------------------------------------
[2026-06-29 20:32:42] : Begin
--------------------
*MCUTYPE* : STC8A8K64D4
*MCUID* : F7F4C9D9045A95
*FILENAME* : C:\OneHistory\OneHistory-Projects\2026-007-三维坐标机器\b-Code-51与电脑通讯\text1.hex
*FILETIME* : 2026年06月29日, 20:30:52
*FILESIZE* : 555 (0x00022B)
*CODESIZE* : 174 (0x0000AE)
*CHECKSUM* : 0x00004992
*ISPMODE* : 2
*ISPRESULT* : 0
--------------------
[2026-06-29 20:32:47] : End
--------------------------------------------------
[2026-06-29 20:33:57] : Begin
--------------------
*MCUTYPE* : STC8A8K64D4
*FILENAME* : C:\OneHistory\OneHistory-Projects\2026-007-三维坐标机器\b-Code-51与电脑通讯\text1.hex
*FILETIME* : 2026年06月29日, 20:33:52
*FILESIZE* : 581 (0x000245)
*CODESIZE* : 182 (0x0000B6)
*CHECKSUM* : 0x000047AC
*ISPMODE* : 2
*ISPRESULT* : -1
--------------------
[2026-06-29 20:33:58] : End
--------------------------------------------------
[2026-06-29 20:34:01] : Begin
--------------------
*MCUTYPE* : STC8A8K64D4
*MCUID* : F7F4C9D9045A95
*FILENAME* : C:\OneHistory\OneHistory-Projects\2026-007-三维坐标机器\b-Code-51与电脑通讯\text1.hex
*FILETIME* : 2026年06月29日, 20:33:52
*FILESIZE* : 581 (0x000245)
*CODESIZE* : 182 (0x0000B6)
*CHECKSUM* : 0x000047AC
*ISPMODE* : 2
*ISPRESULT* : 0
--------------------
[2026-06-29 20:34:08] : End
--------------------------------------------------
[2026-06-29 20:35:46] : Begin
--------------------
*MCUTYPE* : STC8A8K64D4
*MCUID* : F7F4C9D9045A95
*FILENAME* : C:\OneHistory\OneHistory-Projects\2026-007-三维坐标机器\b-Code-51与电脑通讯\text1.hex
*FILETIME* : 2026年06月29日, 20:35:36
*FILESIZE* : 324 (0x000144)
*CODESIZE* : 97 (0x000061)
*CHECKSUM* : 0x000023CA
*ISPMODE* : 2
*ISPRESULT* : 0
--------------------
[2026-06-29 20:35:51] : End
--------------------------------------------------
[2026-06-29 20:36:48] : Begin
--------------------
*MCUTYPE* : STC8A8K64D4
*FILENAME* : C:\OneHistory\OneHistory-Projects\2026-007-三维坐标机器\b-Code-51与电脑通讯\text1.hex
*FILETIME* : 2026年06月29日, 20:36:41
*FILESIZE* : 551 (0x000227)
*CODESIZE* : 165 (0x0000A5)
*CHECKSUM* : 0x000041B3
*ISPMODE* : 2
*ISPRESULT* : -1
--------------------
[2026-06-29 20:36:49] : End
--------------------------------------------------
[2026-06-29 20:36:52] : Begin
--------------------
*MCUTYPE* : STC8A8K64D4
*MCUID* : F7F4C9D9045A95
*FILENAME* : C:\OneHistory\OneHistory-Projects\2026-007-三维坐标机器\b-Code-51与电脑通讯\text1.hex
*FILETIME* : 2026年06月29日, 20:36:41
*FILESIZE* : 551 (0x000227)
*CODESIZE* : 165 (0x0000A5)
*CHECKSUM* : 0x000041B3
*ISPMODE* : 2
*ISPRESULT* : 0
--------------------
[2026-06-29 20:36:59] : End
--------------------------------------------------
[2026-06-29 20:41:42] : Begin
--------------------
*MCUTYPE* : STC8A8K64D4
*MCUID* : F7F4C9D9045A95
*FILENAME* : C:\OneHistory\OneHistory-Projects\2026-007-三维坐标机器\b-Code-51与电脑通讯\text1.hex
*FILETIME* : 2026年06月29日, 20:36:41
*FILESIZE* : 551 (0x000227)
*CODESIZE* : 165 (0x0000A5)
*CHECKSUM* : 0x000041B3
*ISPMODE* : 2
*ISPRESULT* : 0
--------------------
[2026-06-29 20:41:53] : End
--------------------------------------------------
[2026-06-29 20:43:16] : Begin
--------------------
*MCUTYPE* : STC8A8K64D4
*MCUID* : F7F4C9D9045A95
*FILENAME* : C:\OneHistory\OneHistory-Projects\2026-007-三维坐标机器\b-Code-51与电脑通讯\text1.hex
*FILETIME* : 2026年06月29日, 20:43:11
*FILESIZE* : 561 (0x000231)
*CODESIZE* : 170 (0x0000AA)
*CHECKSUM* : 0x00004466
*ISPMODE* : 2
*ISPRESULT* : 0
--------------------
[2026-06-29 20:43:22] : End
--------------------------------------------------
[2026-06-29 20:45:07] : Begin
--------------------
*MCUTYPE* : STC8A8K64D4
*MCUID* : F7F4C9D9045A95
*FILENAME* : C:\OneHistory\OneHistory-Projects\2026-007-三维坐标机器\b-Code-51与电脑通讯\text1.hex
*FILETIME* : 2026年06月29日, 20:45:01
*FILESIZE* : 604 (0x00025C)
*CODESIZE* : 189 (0x0000BD)
*CHECKSUM* : 0x00004BF9
*ISPMODE* : 2
*ISPRESULT* : 0
--------------------
[2026-06-29 20:45:12] : End
--------------------------------------------------
[2026-06-29 20:46:17] : Begin
--------------------
*MCUTYPE* : STC8A8K64D4
*FILENAME* : C:\OneHistory\OneHistory-Projects\2026-007-三维坐标机器\b-Code-51与电脑通讯\text1.hex
*FILETIME* : 2026年06月29日, 20:46:12
*FILESIZE* : 515 (0x000203)
*CODESIZE* : 160 (0x0000A0)
*CHECKSUM* : 0x00003D8D
*ISPMODE* : 2
*ISPRESULT* : -1
--------------------
[2026-06-29 20:46:18] : End
--------------------------------------------------
[2026-06-29 20:46:22] : Begin
--------------------
*MCUTYPE* : STC8A8K64D4
*MCUID* : F7F4C9D9045A95
*FILENAME* : C:\OneHistory\OneHistory-Projects\2026-007-三维坐标机器\b-Code-51与电脑通讯\text1.hex
*FILETIME* : 2026年06月29日, 20:46:12
*FILESIZE* : 515 (0x000203)
*CODESIZE* : 160 (0x0000A0)
*CHECKSUM* : 0x00003D8D
*ISPMODE* : 2
*ISPRESULT* : 0
--------------------
[2026-06-29 20:46:26] : End
--------------------------------------------------
[2026-06-29 20:48:13] : Begin
--------------------
*MCUTYPE* : STC8A8K64D4
*MCUID* : F7F4C9D9045A95
*FILENAME* : C:\OneHistory\OneHistory-Projects\2026-007-三维坐标机器\b-Code-51与电脑通讯\text1.hex
*FILETIME* : 2026年06月29日, 20:48:08
*FILESIZE* : 1862 (0x000746)
*CODESIZE* : 619 (0x00026B)
*CHECKSUM* : 0x00011056
*ISPMODE* : 2
*ISPRESULT* : 0
--------------------
[2026-06-29 20:48:18] : End
--------------------------------------------------
[2026-06-29 20:48:32] : Begin
--------------------
*MCUTYPE* : STC8A8K64D4
*MCUID* : F7F4C9D9045A95
*FILENAME* : C:\OneHistory\OneHistory-Projects\2026-007-三维坐标机器\b-Code-51与电脑通讯\text1.hex
*FILETIME* : 2026年06月29日, 20:48:08
*FILESIZE* : 1862 (0x000746)
*CODESIZE* : 619 (0x00026B)
*CHECKSUM* : 0x00011056
*ISPMODE* : 2
*ISPRESULT* : 0
--------------------
[2026-06-29 20:48:37] : End
--------------------------------------------------
[2026-06-29 20:49:33] : Begin
--------------------
*MCUTYPE* : STC8A8K64D4
*MCUID* : F7F4C9D9045A95
*FILENAME* : C:\OneHistory\OneHistory-Projects\2026-007-三维坐标机器\b-Code-51与电脑通讯\text1.hex
*FILETIME* : 2026年06月29日, 20:49:28
*FILESIZE* : 651 (0x00028B)
*CODESIZE* : 202 (0x0000CA)
*CHECKSUM* : 0x00004B34
*ISPMODE* : 2
*ISPRESULT* : 0
--------------------
[2026-06-29 20:49:38] : End
--------------------------------------------------
[2026-06-29 20:49:57] : Begin
--------------------
*MCUTYPE* : STC8A8K64D4
*FILENAME* : C:\OneHistory\OneHistory-Projects\2026-007-三维坐标机器\b-Code-51与电脑通讯\text1.hex
*FILETIME* : 2026年06月29日, 20:49:28
*FILESIZE* : 651 (0x00028B)
*CODESIZE* : 202 (0x0000CA)
*CHECKSUM* : 0x00004B34
*ISPMODE* : 2
*ISPRESULT* : -1
--------------------
[2026-06-29 20:49:58] : End
--------------------------------------------------
[2026-06-29 20:50:02] : Begin
--------------------
*MCUTYPE* : STC8A8K64D4
*MCUID* : F7F4C9D9045A95
*FILENAME* : C:\OneHistory\OneHistory-Projects\2026-007-三维坐标机器\b-Code-51与电脑通讯\text1.hex
*FILETIME* : 2026年06月29日, 20:49:28
*FILESIZE* : 651 (0x00028B)
*CODESIZE* : 202 (0x0000CA)
*CHECKSUM* : 0x00004B34
*ISPMODE* : 2
*ISPRESULT* : 0
--------------------
[2026-06-29 20:50:07] : End
--------------------------------------------------
[2026-06-29 20:51:35] : Begin
--------------------
*MCUTYPE* : STC8A8K64D4
*MCUID* : F7F4C9D9045A95
*FILENAME* : C:\OneHistory\OneHistory-Projects\2026-007-三维坐标机器\b-Code-51与电脑通讯\text1.hex
*FILETIME* : 2026年06月29日, 20:51:25
*FILESIZE* : 1709 (0x0006AD)
*CODESIZE* : 562 (0x000232)
*CHECKSUM* : 0x0000F59E
*ISPMODE* : 2
*ISPRESULT* : 0
--------------------
[2026-06-29 20:51:41] : End
--------------------------------------------------
[2026-06-29 20:53:07] : Begin
--------------------
*MCUTYPE* : STC8A8K64D4
*MCUID* : F7F4C9D9045A95
*FILENAME* : C:\OneHistory\OneHistory-Projects\2026-007-三维坐标机器\b-Code-51与电脑通讯\text1.hex
*FILETIME* : 2026年06月29日, 20:53:03
*FILESIZE* : 1790 (0x0006FE)
*CODESIZE* : 596 (0x000254)
*CHECKSUM* : 0x000108A3
*ISPMODE* : 2
*ISPRESULT* : 0
--------------------
[2026-06-29 20:53:13] : End
--------------------------------------------------
[2026-06-29 20:54:52] : Begin
--------------------
*MCUTYPE* : STC8A8K64D4
*MCUID* : F7F4C9D9045A95
*FILENAME* : C:\OneHistory\OneHistory-Projects\2026-007-三维坐标机器\b-Code-51与电脑通讯\text1.hex
*FILETIME* : 2026年06月29日, 20:54:41
*FILESIZE* : 1782 (0x0006F6)
*CODESIZE* : 592 (0x000250)
*CHECKSUM* : 0x00010469
*ISPMODE* : 2
*ISPRESULT* : 0
--------------------
[2026-06-29 20:54:59] : End
--------------------------------------------------
[2026-06-29 20:57:15] : Begin
--------------------
*MCUTYPE* : STC8A8K64D4
*MCUID* : F7F4C9D9045A95
*FILENAME* : C:\OneHistory\OneHistory-Projects\2026-007-三维坐标机器\b-Code-51与电脑通讯\text1.hex
*FILETIME* : 2026年06月29日, 20:57:11
*FILESIZE* : 2184 (0x000888)
*CODESIZE* : 728 (0x0002D8)
*CHECKSUM* : 0x000157F1
*ISPMODE* : 2
*ISPRESULT* : 0
--------------------
[2026-06-29 20:57:21] : End
--------------------------------------------------
[2026-06-29 20:59:15] : Begin
--------------------
*MCUTYPE* : STC8A8K64D4
*MCUID* : F7F4C9D9045A95
*FILENAME* : C:\OneHistory\OneHistory-Projects\2026-007-三维坐标机器\b-Code-51与电脑通讯\text1.hex
*FILETIME* : 2026年06月29日, 20:59:09
*FILESIZE* : 2158 (0x00086E)
*CODESIZE* : 715 (0x0002CB)
*CHECKSUM* : 0x00014E51
*ISPMODE* : 2
*ISPRESULT* : 0
--------------------
[2026-06-29 20:59:21] : End
--------------------------------------------------
[2026-06-29 21:06:34] : Begin
--------------------
*MCUTYPE* : STC8A8K64D4
*MCUID* : F7F4C9D9045A95
*FILENAME* : C:\OneHistory\OneHistory-Projects\2026-007-三维坐标机器\b-Code-51三维坐标控制机器人嵌入式软件\text1.hex
*FILETIME* : 2026年06月29日, 21:06:09
*FILESIZE* : 5175 (0x001437)
*CODESIZE* : 1762 (0x0006E2)
*CHECKSUM* : 0x00031835
*ISPMODE* : 2
*ISPRESULT* : 0
--------------------
[2026-06-29 21:06:41] : End
--------------------------------------------------
