Solid Edge 转换到 STEP
日期: 星期二,五月 26,2026 07:39下午
输出文件: \\Win-daolaj3j0nc\f\internal-class\N2600-26N\2026-003-中AGV小车\3-Module-GE\1321-钢带.stp
作者: Unknown
组织: Unknown
源系统: Solid Edge

硬件:
处理器: AMD Ryzen 5 9600X 6-Core Processor             
操作系统: Windows 10
已装内存: 31.1 GB

软件信息
Parasolid 版本: 31.1.255
PSBodyShop 版本: 31.1.110
步骤转换器版本: 5.0.48
Solid Edge 版本: 220.00.00.104 x64

STEP 导出选项
导出格式: AP214
导出构造片体: 关
导出构造实体: 关
导出构造线: 关
仅导出所显示的零件: 关
导出单位: Millimeters
按 Unicode 格式导出零件部件名称: 关
导出 PMI: 关

正在将 Parasolid 转换为外来数据类型（第 1 阶段，共 1 阶段）...
转换过程结束
转换所需时间:00 : 00 : 00
