STEP 转换到 Solid Edge
日期: 星期一,一月 05,2026 02:43下午
源文件: C:\Users\202509006D\Desktop\雅典娜底盘\Athena 2.0标准版本（三元锂电池）(1).stp
作者: yunguang.liu
组织: 未知
源系统: CREO PARAMETRIC BY PTC INC, 2020154

硬件:
处理器: AMD Ryzen 5 7500F 6-Core Processor             
操作系统: Windows 10
已装内存: 15.60 GB

软件信息
Parasolid 版本: 31.1.255
PSBodyShop 版本: 31.1.110
步骤转换器版本: 5.0.48
Solid Edge 版本: 220.00.00.104 x64

STEP 导入选项
导入小平面体: 开
导入检查体: 关
导入曲线: 开
Import DoNotSave: 开
导入多个体为单个零件文件: 开
导入缝合曲面: 开
导入布尔体: 开
建立基本特征: 开
简化几何体: 开
导入压印曲线: 开
导入驱动: C:
导入缝合曲面: 开
导入曲面: 开
导入输出路径: C:\Users\202509006D\Desktop\雅典娜底盘
导入启用默认输出路径: 开
导入 PMI: 关
导入路径: 

正在转换为 Parasolid 数据类型...
+开始装配: 1
+创建 SE 装配文件 C:\Users\202509006D\Desktop\雅典娜底盘\Athena 2.0标准版本（三元锂电池）(1).asm
|--+开始装配: 2
|--+创建 SE 装配文件 C:\Users\202509006D\Desktop\雅典娜底盘\00-ATHEAN20-ALL-20221013_ASM_30_ASM_0.asm
|  |--+开始装配: 3
|  |--+创建 SE 装配文件 C:\Users\202509006D\Desktop\雅典娜底盘\ME_ASM_45_ASM_11_ASM_1_ASM_0.asm
|  |  |--+开始装配: 4
|  |  |--+创建 SE 装配文件 C:\Users\202509006D\Desktop\雅典娜底盘\0002_ASM_7_ASM_1_ASM_0.asm
|  |  |  |--+创建 SE 零件文件 C:\Users\202509006D\Desktop\雅典娜底盘\AT2-00_2_1_0.par
|  |  |  |--+创建 SE 零件文件 C:\Users\202509006D\Desktop\雅典娜底盘\AT2-10001_50_2_1_0.par
|  |  |  |--+创建 SE 零件文件 C:\Users\202509006D\Desktop\雅典娜底盘\AT2-20001_46_2_1_0.par
|  |  |  |--+创建 SE 零件文件 C:\Users\202509006D\Desktop\雅典娜底盘\AT2-10002_50_2_1_0.par
|  |  |  |--+创建 SE 零件文件 C:\Users\202509006D\Desktop\雅典娜底盘\AT2-20002_44_2_1_0.par
|  |  |--+全部零件: 14
|  |  |--+装配: 0
|  |  |--+实体: 10
|  |  |--+片体: 4
|  |  |--+结束装配: 4
|  |  |--+开始装配: 4
|  |  |--+创建 SE 装配文件 C:\Users\202509006D\Desktop\雅典娜底盘\0004_ASM_2_ASM_1_ASM_0.asm
|  |  |  |--+创建 SE 零件文件 C:\Users\202509006D\Desktop\雅典娜底盘\AT2-M00-009-AT2-0001_2_1_0.par
|  |  |--+全部零件: 4
|  |  |--+装配: 0
|  |  |--+实体: 0
|  |  |--+片体: 4
|  |  |--+结束装配: 4
|  |  |--+开始装配: 4
|  |  |--+创建 SE 装配文件 C:\Users\202509006D\Desktop\雅典娜底盘\0005_ASM_2_ASM_1_ASM_0.asm
|  |  |  |--+创建 SE 零件文件 C:\Users\202509006D\Desktop\雅典娜底盘\AT2-M00-007-AT2-0001_3_1_0.par
|  |  |  |--+开始装配: 5
|  |  |  |--+创建 SE 装配文件 C:\Users\202509006D\Desktop\雅典娜底盘\AT2-000_ASM_33_ASM_2_ASM_1_ASM_0.asm
|  |  |  |  |--+创建 SE 零件文件 C:\Users\202509006D\Desktop\雅典娜底盘\AT2-000_47_1_2_1_0.par
|  |  |  |  |--+创建 SE 零件文件 C:\Users\202509006D\Desktop\雅典娜底盘\AT2-000_47_2_2_1_0.par
|  |  |  |--+全部零件: 4
|  |  |  |--+装配: 0
|  |  |  |--+实体: 4
|  |  |  |--+片体: 0
|  |  |  |--+结束装配: 5
|  |  |  |--+创建 SE 零件文件 C:\Users\202509006D\Desktop\雅典娜底盘\00_34_2_1_0.par
|  |  |  |--+正在重用文件 C:\Users\202509006D\Desktop\雅典娜底盘\00_34_2_1.par
|  |  |  |--+正在重用文件 C:\Users\202509006D\Desktop\雅典娜底盘\00_34_2_1.par
|  |  |  |--+创建 SE 零件文件 C:\Users\202509006D\Desktop\雅典娜底盘\M3-6L-SCREW_40_3_1_0.par
|  |  |  |--+正在重用文件 C:\Users\202509006D\Desktop\雅典娜底盘\M3-6L-SCREW_40_3_1.par
|  |  |  |--+创建 SE 零件文件 C:\Users\202509006D\Desktop\雅典娜底盘\PRT0001_2_1_0.par
|  |  |--+全部零件: 12
|  |  |--+装配: 1
|  |  |--+实体: 11
|  |  |--+片体: 0
|  |  |--+结束装配: 4
|  |  |--+开始装配: 4
|  |  |--+创建 SE 装配文件 C:\Users\202509006D\Desktop\雅典娜底盘\0006_ASM_2_ASM_1_ASM_0.asm
|  |  |  |--+创建 SE 零件文件 C:\Users\202509006D\Desktop\雅典娜底盘\AT2-M00-008-AT2-00_2_1_0.par
|  |  |--+全部零件: 2
|  |  |--+装配: 0
|  |  |--+实体: 2
|  |  |--+片体: 0
|  |  |--+结束装配: 4
|  |  |--+开始装配: 4
|  |  |--+创建 SE 装配文件 C:\Users\202509006D\Desktop\雅典娜底盘\0007_ASM_44_ASM_1_ASM_0.asm
|  |  |  |--+创建 SE 零件文件 C:\Users\202509006D\Desktop\雅典娜底盘\AT2-0010_55_7_1_0.par
|  |  |  |--+创建 SE 零件文件 C:\Users\202509006D\Desktop\雅典娜底盘\AT2-M00-0058-0001_45_1_0.par
|  |  |  |--+开始装配: 5
|  |  |  |--+创建 SE 装配文件 C:\Users\202509006D\Desktop\雅典娜底盘\ATHENA2_0001_ASM_36_ASM_1_ASM_0.asm
|  |  |  |  |--+开始装配: 6
|  |  |  |  |--+创建 SE 装配文件 C:\Users\202509006D\Desktop\雅典娜底盘\ATHENA2_0-20240202_ASM_29_ASM_2_ASM_0.asm
|  |  |  |  |  |--+开始装配: 7
|  |  |  |  |  |--+创建 SE 装配文件 C:\Users\202509006D\Desktop\雅典娜底盘\C1_ASM_1_ASM_1_ASM_1_ASM_0.asm
|  |  |  |  |  |  |--+开始装配: 8
|  |  |  |  |  |  |--+创建 SE 装配文件 C:\Users\202509006D\Desktop\雅典娜底盘\ATHENA2_0-20240202_ASM_3_ASM_1__ASM_0.asm
|  |  |  |  |  |  |  |--+开始装配: 9
|  |  |  |  |  |  |  |--+创建 SE 装配文件 C:\Users\202509006D\Desktop\雅典娜底盘\SS_ASM_2_ASM_1_ASM_1_ASM_1_ASM_0.asm
体: 0
|  |  |  |  |  |  |  |  |--+创建 SE 零件文件 C:\Users\202509006D\Desktop\雅典娜底盘\C1M1-01_ASM_1_ASM_1_1_1_0.par
体: 0
|  |  |  |  |  |  |  |--+全部零件: 0
|  |  |  |  |  |  |  |--+装配: 0
|  |  |  |  |  |  |  |--+实体: 0
|  |  |  |  |  |  |  |--+片体: 0
|  |  |  |  |  |  |  |--+结束装配: 9
|  |  |  |  |  |  |--+全部零件: 1
|  |  |  |  |  |  |--+装配: 1
|  |  |  |  |  |  |--+实体: 0
|  |  |  |  |  |  |--+片体: 0
|  |  |  |  |  |  |--+结束装配: 8
|  |  |  |  |  |--+全部零件: 1
|  |  |  |  |  |--+装配: 1
|  |  |  |  |  |--+实体: 0
|  |  |  |  |  |--+片体: 0
|  |  |  |  |  |--+结束装配: 7
|  |  |  |  |  |--+创建 SE 零件文件 C:\Users\202509006D\Desktop\雅典娜底盘\AH2-000_80_1_0.par
|  |  |  |  |--+全部零件: 5
|  |  |  |  |--+装配: 1
|  |  |  |  |--+实体: 2
|  |  |  |  |--+片体: 2
|  |  |  |  |--+结束装配: 6
|  |  |  |  |--+开始装配: 6
|  |  |  |  |--+创建 SE 装配文件 C:\Users\202509006D\Desktop\雅典娜底盘\NUWA-XB40-3D_FOV000_ASM_1_ASM_2_ASM_0.asm
|  |  |  |  |  |--+开始装配: 7
|  |  |  |  |  |--+创建 SE 装配文件 C:\Users\202509006D\Desktop\雅典娜底盘\NWX_WK_0530_1_1_126_ASM_1_ASM_2_ASM_0.asm
|  |  |  |  |  |  |--+创建 SE 零件文件 C:\Users\202509006D\Desktop\雅典娜底盘\NWX_WK_0530_1_1_126_1_1_1_1_0.par
|  |  |  |  |  |  |--+创建 SE 零件文件 C:\Users\202509006D\Desktop\雅典娜底盘\NWX_WK_0530_1_1_126_2_1_1_1_0.par
|  |  |  |  |  |--+全部零件: 4
|  |  |  |  |  |--+装配: 0
|  |  |  |  |  |--+实体: 4
|  |  |  |  |  |--+片体: 0
|  |  |  |  |  |--+结束装配: 7
|  |  |  |  |--+全部零件: 1
|  |  |  |  |--+装配: 1
|  |  |  |  |--+实体: 0
|  |  |  |  |--+片体: 0
|  |  |  |  |--+结束装配: 6
|  |  |  |  |--+创建 SE 零件文件 C:\Users\202509006D\Desktop\雅典娜底盘\AH2-0002_15_1_0.par
|  |  |  |  |--+开始装配: 6
|  |  |  |  |--+创建 SE 装配文件 C:\Users\202509006D\Desktop\雅典娜底盘\C1M1_APPEARANCE_V2_20230926_3D__ASM_0.asm
|  |  |  |  |  |--+开始装配: 7
|  |  |  |  |  |--+创建 SE 装配文件 C:\Users\202509006D\Desktop\雅典娜底盘\DAVI0C08CA42KK0B_ASM_3_ASM_1_ASM_0.asm
|  |  |  |  |  |  |--+创建 SE 零件文件 C:\Users\202509006D\Desktop\雅典娜底盘\DAVI0C08CA42KK0B_1_3_1_0.par
|  |  |  |  |  |  |--+创建 SE 零件文件 C:\Users\202509006D\Desktop\雅典娜底盘\DAVI0C08CA42KK0B_2_3_1_0.par
|  |  |  |  |  |  |--+创建 SE 零件文件 C:\Users\202509006D\Desktop\雅典娜底盘\DAVI0C08CA42KK0B_3_3_1_0.par
|  |  |  |  |  |  |--+创建 SE 零件文件 C:\Users\202509006D\Desktop\雅典娜底盘\DAVI0C08CA42KK0B_4_3_1_0.par
|  |  |  |  |  |  |--+创建 SE 零件文件 C:\Users\202509006D\Desktop\雅典娜底盘\DAVI0C08CA42KK0B_5_3_1_0.par
|  |  |  |  |  |  |--+创建 SE 零件文件 C:\Users\202509006D\Desktop\雅典娜底盘\DAVI0C08CA42KK0B_6_3_1_0.par
|  |  |  |  |  |  |--+创建 SE 零件文件 C:\Users\202509006D\Desktop\雅典娜底盘\DAVI0C08CA42KK0B_7_3_1_0.par
|  |  |  |  |  |  |--+创建 SE 零件文件 C:\Users\202509006D\Desktop\雅典娜底盘\DAVI0C08CA42KK0B_8_3_1_0.par
|  |  |  |  |  |  |--+创建 SE 零件文件 C:\Users\202509006D\Desktop\雅典娜底盘\DAVI0C08CA42KK0B_9_3_1_0.par
|  |  |  |  |  |  |--+创建 SE 零件文件 C:\Users\202509006D\Desktop\雅典娜底盘\DAVI0C08CA42KK0B_10_3_1_0.par
|  |  |  |  |  |  |--+创建 SE 零件文件 C:\Users\202509006D\Desktop\雅典娜底盘\DAVI0C08CA42KK0B_11_3_1_0.par
|  |  |  |  |  |  |--+创建 SE 零件文件 C:\Users\202509006D\Desktop\雅典娜底盘\DAVI0C08CA42KK0B_12_3_1_0.par
|  |  |  |  |  |  |--+创建 SE 零件文件 C:\Users\202509006D\Desktop\雅典娜底盘\DAVI0C08CA42KK0B_13_3_1_0.par
|  |  |  |  |  |  |--+创建 SE 零件文件 C:\Users\202509006D\Desktop\雅典娜底盘\DAVI0C08CA42KK0B_14_3_1_0.par
|  |  |  |  |  |  |--+创建 SE 零件文件 C:\Users\202509006D\Desktop\雅典娜底盘\DAVI0C08CA42KK0B_15_3_1_0.par
|  |  |  |  |  |  |--+创建 SE 零件文件 C:\Users\202509006D\Desktop\雅典娜底盘\DAVI0C08CA42KK0B_16_3_1_0.par
|  |  |  |  |  |  |--+创建 SE 零件文件 C:\Users\202509006D\Desktop\雅典娜底盘\DAVI0C08CA42KK0B_17_3_1_0.par
|  |  |  |  |  |  |--+创建 SE 零件文件 C:\Users\202509006D\Desktop\雅典娜底盘\DAVI0C08CA42KK0B_18_3_1_0.par
|  |  |  |  |  |  |--+创建 SE 零件文件 C:\Users\202509006D\Desktop\雅典娜底盘\DAVI0C08CA42KK0B_19_5_1_0.par
|  |  |  |  |  |  |--+创建 SE 零件文件 C:\Users\202509006D\Desktop\雅典娜底盘\DAVI0C08CA42KK0B_20_3_1_0.par
|  |  |  |  |  |  |--+创建 SE 零件文件 C:\Users\202509006D\Desktop\雅典娜底盘\DAVI0C08CA42KK0B_21_3_1_0.par
|  |  |  |  |  |  |--+创建 SE 零件文件 C:\Users\202509006D\Desktop\雅典娜底盘\DAVI0C08CA42KK0B_22_3_1_0.par
|  |  |  |  |  |--+全部零件: 44
|  |  |  |  |  |--+装配: 0
|  |  |  |  |  |--+实体: 44
|  |  |  |  |  |--+片体: 0
|  |  |  |  |  |--+结束装配: 7
|  |  |  |  |--+全部零件: 1
|  |  |  |  |--+装配: 1
|  |  |  |  |--+实体: 0
|  |  |  |  |--+片体: 0
|  |  |  |  |--+结束装配: 6
|  |  |  |--+全部零件: 5
|  |  |  |--+装配: 3
|  |  |  |--+实体: 2
|  |  |  |--+片体: 0
|  |  |  |--+结束装配: 5
|  |  |--+全部零件: 5
|  |  |--+装配: 1
|  |  |--+实体: 4
|  |  |--+片体: 0
|  |  |--+结束装配: 4
|  |  |--+开始装配: 4
|  |  |--+创建 SE 装配文件 C:\Users\202509006D\Desktop\雅典娜底盘\STC-C0283-R0500010001_ASM_ASM_1_ASM_0.asm
|  |  |  |--+创建 SE 零件文件 C:\Users\202509006D\Desktop\雅典娜底盘\0001_2_1_27_2_1_0.par
|  |  |  |--+开始装配: 5
|  |  |  |--+创建 SE 装配文件 C:\Users\202509006D\Desktop\雅典娜底盘\STC-C0283-R05_10001_ASM_1_ASM_2_ASM_0.asm
|  |  |  |  |--+创建 SE 零件文件 C:\Users\202509006D\Desktop\雅典娜底盘\PCB_ASM_1_1_ASM-1_R8_ASM_1-48_1_0.par
|  |  |  |  |--+创建 SE 零件文件 C:\Users\202509006D\Desktop\雅典娜底盘\PCB_ASM_1_1_ASM-1_R9_ASM_-128_1_0.par
|  |  |  |  |--+创建 SE 零件文件 C:\Users\202509006D\Desktop\雅典娜底盘\PCB_ASM_1_1_ASM-1_C11_ASM_1_1_1_0.par
|  |  |  |  |--+创建 SE 零件文件 C:\Users\202509006D\Desktop\雅典娜底盘\PCB_ASM_1_1_ASM-1_J1_ASM_1_1__1_0.par
|  |  |  |  |--+创建 SE 零件文件 C:\Users\202509006D\Desktop\雅典娜底盘\PCB_ASM_1_1_ASM-1_R8_ASM_-133_1_0.par
|  |  |  |  |--+创建 SE 零件文件 C:\Users\202509006D\Desktop\雅典娜底盘\PCB_ASM_1_1_ASM-1_R9_ASM_1-80_1_0.par
|  |  |  |  |--+创建 SE 零件文件 C:\Users\202509006D\Desktop\雅典娜底盘\PCB_ASM_1_1_ASM-1_C12_ASM_1_1_1_0.par
|  |  |  |  |--+创建 SE 零件文件 C:\Users\202509006D\Desktop\雅典娜底盘\PCB_ASM_1_1_ASM-1_U4_ASM_1_1__1_0.par
|  |  |  |  |--+创建 SE 零件文件 C:\Users\202509006D\Desktop\雅典娜底盘\PCB_ASM_1_1_ASM-1_C18_ASM_1_1_1_0.par
|  |  |  |  |--+创建 SE 零件文件 C:\Users\202509006D\Desktop\雅典娜底盘\PCB_ASM_1_1_ASM-1_BOARD_1_1-1_1_0.par
|  |  |  |  |--+创建 SE 零件文件 C:\Users\202509006D\Desktop\雅典娜底盘\PCB_ASM_1_1_ASM-1_C9_ASM_1_1__1_0.par
|  |  |  |--+全部零件: 22
|  |  |  |--+装配: 0
|  |  |  |--+实体: 20
|  |  |  |--+片体: 2
|  |  |  |--+结束装配: 5
|  |  |  |--+创建 SE 零件文件 C:\Users\202509006D\Desktop\雅典娜底盘\0002_2_1_27_2_1_0.par
|  |  |--+全部零件: 5
|  |  |--+装配: 1
|  |  |--+实体: 4
|  |  |--+片体: 0
|  |  |--+结束装配: 4
|  |  |--+开始装配: 4
|  |  |--+正在重用文件 C:\Users\202509006D\Desktop\雅典娜底盘\STC-C0283-R0500010001_ASM_ASM_1_ASM.asm
|  |  |--+全部零件: 0
|  |  |--+装配: 0
|  |  |--+实体: 0
|  |  |--+片体: 0
|  |  |--+结束装配: 4
|  |  |--+开始装配: 4
|  |  |--+创建 SE 装配文件 C:\Users\202509006D\Desktop\雅典娜底盘\L_1_ASM_28_ASM_2_ASM_1_ASM_0.asm
|  |  |  |--+创建 SE 零件文件 C:\Users\202509006D\Desktop\雅典娜底盘\L_1_ASM_28_ASM_2_ASM_1_ASM_0.par
|  |  |  |--+创建 SE 零件文件 C:\Users\202509006D\Desktop\雅典娜底盘\L_1_1_28_2_1_0.par
|  |  |  |--+创建 SE 零件文件 C:\Users\202509006D\Desktop\雅典娜底盘\L_1_2_28_2_1_0.par
|  |  |  |--+创建 SE 零件文件 C:\Users\202509006D\Desktop\雅典娜底盘\L_1_3_28_2_1_0.par
|  |  |  |--+创建 SE 零件文件 C:\Users\202509006D\Desktop\雅典娜底盘\L_1_4_28_2_1_0.par
|  |  |  |--+创建 SE 零件文件 C:\Users\202509006D\Desktop\雅典娜底盘\L_1_5_28_2_1_0.par
|  |  |--+全部零件: 18
|  |  |--+装配: 0
|  |  |--+实体: 10
|  |  |--+片体: 8
|  |  |--+结束装配: 4
|  |  |--+开始装配: 4
|  |  |--+创建 SE 装配文件 C:\Users\202509006D\Desktop\雅典娜底盘\R_1_ASM_28_ASM_2_ASM_1_ASM_0.asm
|  |  |  |--+创建 SE 零件文件 C:\Users\202509006D\Desktop\雅典娜底盘\R_1_ASM_28_ASM_2_ASM_1_ASM_0.par
|  |  |  |--+创建 SE 零件文件 C:\Users\202509006D\Desktop\雅典娜底盘\R_1_1_28_2_1_0.par
|  |  |  |--+创建 SE 零件文件 C:\Users\202509006D\Desktop\雅典娜底盘\R_1_2_28_2_1_0.par
|  |  |  |--+创建 SE 零件文件 C:\Users\202509006D\Desktop\雅典娜底盘\R_1_3_28_2_1_0.par
|  |  |  |--+创建 SE 零件文件 C:\Users\202509006D\Desktop\雅典娜底盘\R_1_4_28_2_1_0.par
|  |  |  |--+创建 SE 零件文件 C:\Users\202509006D\Desktop\雅典娜底盘\R_1_5_28_2_1_0.par
|  |  |--+全部零件: 18
|  |  |--+装配: 0
|  |  |--+实体: 10
|  |  |--+片体: 8
|  |  |--+结束装配: 4
|  |--+全部零件: 8
|  |--+装配: 8
|  |--+实体: 0
|  |--+片体: 0
|  |--+结束装配: 3
|  |--+开始装配: 3
|  |--+创建 SE 装配文件 C:\Users\202509006D\Desktop\雅典娜底盘\PLACEMENT_ASM_39_ASM_15_ASM_1_ASM_0.asm
|  |  |--+开始装配: 4
|  |  |--+创建 SE 装配文件 C:\Users\202509006D\Desktop\雅典娜底盘\0009_ASM_11_ASM_1_ASM_0.asm
|  |  |  |--+创建 SE 零件文件 C:\Users\202509006D\Desktop\雅典娜底盘\AT2-M00-0014-AT2-000_2_1_0.par
|  |  |  |--+正在重用文件 C:\Users\202509006D\Desktop\雅典娜底盘\AT2-M00-0014-AT2-000_2_1.par
|  |  |  |--+开始装配: 5
|  |  |  |--+创建 SE 装配文件 C:\Users\202509006D\Desktop\雅典娜底盘\ZLLG65ASM250-L_V3_ASM_3_ASM_1_ASM_0.asm
|  |  |  |  |--+开始装配: 6
|  |  |  |  |--+创建 SE 装配文件 C:\Users\202509006D\Desktop\雅典娜底盘\ZLLG65ASM250-L_V3_08_1_ASM_2_AS_ASM_0.asm
|  |  |  |  |  |--+创建 SE 零件文件 C:\Users\202509006D\Desktop\雅典娜底盘\6_5C-H30-ZHOU-03_F__2_1_0.par
|  |  |  |  |  |--+开始装配: 7
|  |  |  |  |  |--+创建 SE 装配文件 C:\Users\202509006D\Desktop\雅典娜底盘\6_5C-H30_STP_ASM_2_ASM_1_ASM_0.asm
|  |  |  |  |  |  |--+创建 SE 零件文件 C:\Users\202509006D\Desktop\雅典娜底盘\2_STP0001_2_1_0.par
|  |  |  |  |  |  |--+开始装配: 8
|  |  |  |  |  |  |--+创建 SE 装配文件 C:\Users\202509006D\Desktop\雅典娜底盘\5G-SHUANG_STP_ASM_2_ASM_1_ASM_0.asm
|  |  |  |  |  |  |  |--+开始装配: 9
|  |  |  |  |  |  |  |--+创建 SE 装配文件 C:\Users\202509006D\Desktop\雅典娜底盘\5G-SHUANG_1_STP_ASM_2_ASM_1_ASM_0.asm
|  |  |  |  |  |  |  |  |--+创建 SE 零件文件 C:\Users\202509006D\Desktop\雅典娜底盘\MANIFOLD_SOLID_BREP__943_1_2_1_0.par
|  |  |  |  |  |  |  |  |--+创建 SE 零件文件 C:\Users\202509006D\Desktop\雅典娜底盘\MANIFOLD_SOLID_BREP__941_1_2_1_0.par
|  |  |  |  |  |  |  |  |--+创建 SE 零件文件 C:\Users\202509006D\Desktop\雅典娜底盘\MANIFOLD_SOLID_BREP__940_1_2_1_0.par
|  |  |  |  |  |  |  |  |--+创建 SE 零件文件 C:\Users\202509006D\Desktop\雅典娜底盘\MANIFOLD_SOLID_BREP__944_1_2_1_0.par
|  |  |  |  |  |  |  |  |--+创建 SE 零件文件 C:\Users\202509006D\Desktop\雅典娜底盘\MANIFOLD_SOLID_BREP__942_1_2_1_0.par
|  |  |  |  |  |  |  |--+全部零件: 10
|  |  |  |  |  |  |  |--+装配: 0
|  |  |  |  |  |  |  |--+实体: 10
|  |  |  |  |  |  |  |--+片体: 0
|  |  |  |  |  |  |  |--+结束装配: 9
|  |  |  |  |  |  |  |--+创建 SE 零件文件 C:\Users\202509006D\Desktop\雅典娜底盘\5CUN-1_STP_2_1_0.par
|  |  |  |  |  |  |  |--+创建 SE 零件文件 C:\Users\202509006D\Desktop\雅典娜底盘\1_1_2_STP0001_2_1_0.par
|  |  |  |  |  |  |--+全部零件: 5
|  |  |  |  |  |  |--+装配: 1
|  |  |  |  |  |  |--+实体: 4
|  |  |  |  |  |  |--+片体: 0
|  |  |  |  |  |  |--+结束装配: 8
|  |  |  |  |  |  |--+创建 SE 零件文件 C:\Users\202509006D\Desktop\雅典娜底盘\6_5C-QDG-KAIMO_STP_2_1_0.par
|  |  |  |  |  |  |--+创建 SE 零件文件 C:\Users\202509006D\Desktop\雅典娜底盘\6_5C-HDG-KAIMO_STP_2_1_0.par
|  |  |  |  |  |  |--+创建 SE 零件文件 C:\Users\202509006D\Desktop\雅典娜底盘\MANIFOLD_SOLID_BREP_7812_STP_2__0.par
|  |  |  |  |  |  |--+创建 SE 零件文件 C:\Users\202509006D\Desktop\雅典娜底盘\4_STP0001_2_1_0.par
|  |  |  |  |  |  |--+创建 SE 零件文件 C:\Users\202509006D\Desktop\雅典娜底盘\MANIFOLD_SOLID_BREP_6689_STP_2__0.par
|  |  |  |  |  |  |--+创建 SE 零件文件 C:\Users\202509006D\Desktop\雅典娜底盘\3_STP0001_2_1_0.par
|  |  |  |  |  |  |--+创建 SE 零件文件 C:\Users\202509006D\Desktop\雅典娜底盘\7_STP0001_3_1_0.par
|  |  |  |  |  |  |--+创建 SE 零件文件 C:\Users\202509006D\Desktop\雅典娜底盘\1_1_STP0001_2_1_0.par
|  |  |  |  |  |--+全部零件: 19
|  |  |  |  |  |--+装配: 1
|  |  |  |  |  |--+实体: 18
|  |  |  |  |  |--+片体: 0
|  |  |  |  |  |--+结束装配: 7
|  |  |  |  |--+全部零件: 3
|  |  |  |  |--+装配: 1
|  |  |  |  |--+实体: 2
|  |  |  |  |--+片体: 0
|  |  |  |  |--+结束装配: 6
|  |  |  |--+全部零件: 1
|  |  |  |--+装配: 1
|  |  |  |--+实体: 0
|  |  |  |--+片体: 0
|  |  |  |--+结束装配: 5
|  |  |--+全部零件: 4
|  |  |--+装配: 1
|  |  |--+实体: 3
|  |  |--+片体: 0
|  |  |--+结束装配: 4
|  |  |--+开始装配: 4
|  |  |--+创建 SE 装配文件 C:\Users\202509006D\Desktop\雅典娜底盘\0010_ASM_8_ASM_1_ASM_0.asm
|  |  |  |--+正在重用文件 C:\Users\202509006D\Desktop\雅典娜底盘\AT2-M00-0014-AT2-000_2_1.par
|  |  |  |--+正在重用文件 C:\Users\202509006D\Desktop\雅典娜底盘\AT2-M00-0014-AT2-000_2_1.par
|  |  |  |--+开始装配: 5
|  |  |  |--+正在重用文件 C:\Users\202509006D\Desktop\雅典娜底盘\ZLLG65ASM250-L_V3_ASM_3_ASM_1_ASM.asm
|  |  |  |--+全部零件: 0
|  |  |  |--+装配: 0
|  |  |  |--+实体: 0
|  |  |  |--+片体: 0
|  |  |  |--+结束装配: 5
|  |  |--+全部零件: 2
|  |  |--+装配: 0
|  |  |--+实体: 2
|  |  |--+片体: 0
|  |  |--+结束装配: 4
|  |  |--+开始装配: 4
|  |  |--+创建 SE 装配文件 C:\Users\202509006D\Desktop\雅典娜底盘\0011_ASM_61_ASM_1_ASM_0.asm
|  |  |  |--+创建 SE 零件文件 C:\Users\202509006D\Desktop\雅典娜底盘\AT2-M00-106-RYD000_25_1_0.par
|  |  |  |--+创建 SE 零件文件 C:\Users\202509006D\Desktop\雅典娜底盘\AT2-0003_37_5_1_0.par
|  |  |  |--+开始装配: 5
|  |  |  |--+创建 SE 装配文件 C:\Users\202509006D\Desktop\雅典娜底盘\HUB00_ASM_19_ASM_1_ASM_0.asm
|  |  |  |  |--+创建 SE 零件文件 C:\Users\202509006D\Desktop\雅典娜底盘\03-HUB_1_17_1_0.par
|  |  |  |  |--+开始装配: 6
|  |  |  |  |--+创建 SE 装配文件 C:\Users\202509006D\Desktop\雅典娜底盘\HMS-HUB0002_ASM_7_ASM_1_ASM_0.asm
|  |  |  |  |  |--+创建 SE 零件文件 C:\Users\202509006D\Desktop\雅典娜底盘\AT2-M00-0078-AT2-H0001_9_1_0.par
|  |  |  |  |--+全部零件: 2
|  |  |  |  |--+装配: 0
|  |  |  |  |--+实体: 2
|  |  |  |  |--+片体: 0
|  |  |  |  |--+结束装配: 6
|  |  |  |  |--+创建 SE 零件文件 C:\Users\202509006D\Desktop\雅典娜底盘\KANGYANG_SWCM-1_8_1_0.par
|  |  |  |  |--+正在重用文件 C:\Users\202509006D\Desktop\雅典娜底盘\KANGYANG_SWCM-1_8_1.par
|  |  |  |  |--+正在重用文件 C:\Users\202509006D\Desktop\雅典娜底盘\KANGYANG_SWCM-1_8_1.par
|  |  |  |  |--+创建 SE 零件文件 C:\Users\202509006D\Desktop\雅典娜底盘\M3L6_SCREW_7_1_0.par
|  |  |  |  |--+正在重用文件 C:\Users\202509006D\Desktop\雅典娜底盘\M3L6_SCREW_7_1.par
|  |  |  |  |--+正在重用文件 C:\Users\202509006D\Desktop\雅典娜底盘\M3L6_SCREW_7_1.par
|  |  |  |  |--+创建 SE 零件文件 C:\Users\202509006D\Desktop\雅典娜底盘\USBFIREWIRE_COM-AM3_9_1_0.par
|  |  |  |  |--+正在重用文件 C:\Users\202509006D\Desktop\雅典娜底盘\USBFIREWIRE_COM-AM3_9_1.par
|  |  |  |  |--+创建 SE 零件文件 C:\Users\202509006D\Desktop\雅典娜底盘\USER_LIBRARY-USB_TYPE-C_PLUG_-1_0.par
|  |  |  |--+全部零件: 16
|  |  |  |--+装配: 1
|  |  |  |--+实体: 15
|  |  |  |--+片体: 0
|  |  |  |--+结束装配: 5
|  |  |  |--+开始装配: 5
|  |  |  |--+创建 SE 装配文件 C:\Users\202509006D\Desktop\雅典娜底盘\RYD-RK3399_ASM_4_ASM_1_ASM_0.asm
|  |  |  |  |--+开始装配: 6
|  |  |  |  |--+创建 SE 装配文件 C:\Users\202509006D\Desktop\雅典娜底盘\RYD339900_4_ASM_1_ASM_0.asm
|  |  |  |  |  |--+创建 SE 零件文件 C:\Users\202509006D\Desktop\雅典娜底盘\RYD339900_4_1_1_0.par
|  |  |  |  |  |--+创建 SE 零件文件 C:\Users\202509006D\Desktop\雅典娜底盘\RYD339900_4_2_1_0.par
|  |  |  |  |  |--+创建 SE 零件文件 C:\Users\202509006D\Desktop\雅典娜底盘\RYD339900_4_3_1_0.par
|  |  |  |  |  |--+创建 SE 零件文件 C:\Users\202509006D\Desktop\雅典娜底盘\RYD339900_4_4_1_0.par
|  |  |  |  |  |--+创建 SE 零件文件 C:\Users\202509006D\Desktop\雅典娜底盘\RYD339900_4_5_1_0.par
|  |  |  |  |--+全部零件: 10
|  |  |  |  |--+装配: 0
|  |  |  |  |--+实体: 10
|  |  |  |  |--+片体: 0
|  |  |  |  |--+结束装配: 6
|  |  |  |--+全部零件: 1
|  |  |  |--+装配: 1
|  |  |  |--+实体: 0
|  |  |  |--+片体: 0
|  |  |  |--+结束装配: 5
|  |  |  |--+创建 SE 零件文件 C:\Users\202509006D\Desktop\雅典娜底盘\HC-1_5_1_0.par
|  |  |  |--+正在重用文件 C:\Users\202509006D\Desktop\雅典娜底盘\HC-1_5_1.par
|  |  |  |--+正在重用文件 C:\Users\202509006D\Desktop\雅典娜底盘\M3L6_SCREW_7_1.par
|  |  |  |--+正在重用文件 C:\Users\202509006D\Desktop\雅典娜底盘\M3L6_SCREW_7_1.par
|  |  |  |--+正在重用文件 C:\Users\202509006D\Desktop\雅典娜底盘\M3L6_SCREW_7_1.par
|  |  |  |--+正在重用文件 C:\Users\202509006D\Desktop\雅典娜底盘\M3L6_SCREW_7_1.par
|  |  |  |--+创建 SE 零件文件 C:\Users\202509006D\Desktop\雅典娜底盘\JITING-KEY_1_1_31_4_1_0.par
|  |  |  |--+开始装配: 5
|  |  |  |--+创建 SE 装配文件 C:\Users\202509006D\Desktop\雅典娜底盘\DIANYUAN-KEY_1_ASM_1_ASM_32_ASM_ASM_0.asm
|  |  |  |  |--+创建 SE 零件文件 C:\Users\202509006D\Desktop\雅典娜底盘\DIANYUAN-KEY_1_1_1_30_4_1_0.par
|  |  |  |  |--+创建 SE 零件文件 C:\Users\202509006D\Desktop\雅典娜底盘\DIANYUAN-KEY_1_2_1_30_4_1_0.par
|  |  |  |--+全部零件: 4
|  |  |  |--+装配: 0
|  |  |  |--+实体: 4
|  |  |  |--+片体: 0
|  |  |  |--+结束装配: 5
|  |  |  |--+开始装配: 5
|  |  |  |--+正在重用文件 C:\Users\202509006D\Desktop\雅典娜底盘\DIANYUAN-KEY_1_ASM_1_ASM_32_ASM_ASM.asm
|  |  |  |--+全部零件: 0
|  |  |  |--+装配: 0
|  |  |  |--+实体: 0
|  |  |  |--+片体: 0
|  |  |  |--+结束装配: 5
|  |  |  |--+开始装配: 5
|  |  |  |--+创建 SE 装配文件 C:\Users\202509006D\Desktop\雅典娜底盘\RY2-A01-003-MRY2-0001_ASM_1_ASM_0.asm
|  |  |  |  |--+创建 SE 零件文件 C:\Users\202509006D\Desktop\雅典娜底盘\MRY2-M01-039-MRY2-0001_1_0.par
|  |  |  |  |--+创建 SE 零件文件 C:\Users\202509006D\Desktop\雅典娜底盘\HBV-1911GS_V22_10000_1_0.par
|  |  |  |  |--+创建 SE 零件文件 C:\Users\202509006D\Desktop\雅典娜底盘\MRY2-M01-040-MRY2-0001_1_0.par
体: 0
|  |  |  |  |--+创建 SE 零件文件 C:\Users\202509006D\Desktop\雅典娜底盘\111_1_0.par
体: 0
|  |  |  |--+全部零件: 442
|  |  |  |--+装配: 0
|  |  |  |--+实体: 2
|  |  |  |--+片体: 440
|  |  |  |--+结束装配: 5
|  |  |--+全部零件: 17
|  |  |--+装配: 4
|  |  |--+实体: 13
|  |  |--+片体: 0
|  |  |--+结束装配: 4
|  |  |--+开始装配: 4
|  |  |--+创建 SE 装配文件 C:\Users\202509006D\Desktop\雅典娜底盘\0012_ASM_2_ASM_1_ASM_0.asm
|  |  |  |--+创建 SE 零件文件 C:\Users\202509006D\Desktop\雅典娜底盘\MRY2-M01-028-MRY2-000_1_4_2_1_0.par
|  |  |  |--+创建 SE 零件文件 C:\Users\202509006D\Desktop\雅典娜底盘\MRY2-M01-026-MRY2-0001_1_4_2_1_0.par
|  |  |  |--+正在重用文件 C:\Users\202509006D\Desktop\雅典娜底盘\MRY2-M01-028-MRY2-000_1_4_2_1.par
|  |  |  |--+创建 SE 零件文件 C:\Users\202509006D\Desktop\雅典娜底盘\AT2-_X2_51457535652F67B6_X0__4__0.par
|  |  |--+全部零件: 10
|  |  |--+装配: 0
|  |  |--+实体: 7
|  |  |--+片体: 3
|  |  |--+结束装配: 4
|  |  |--+开始装配: 4
|  |  |--+创建 SE 装配文件 C:\Users\202509006D\Desktop\雅典娜底盘\ASM0008_ASM_2_ASM_1_ASM_0.asm
|  |  |  |--+开始装配: 5
|  |  |  |--+创建 SE 装配文件 C:\Users\202509006D\Desktop\雅典娜底盘\S2_2_ASM_1_ASM_0.asm
|  |  |  |  |--+创建 SE 零件文件 C:\Users\202509006D\Desktop\雅典娜底盘\S2_2_ASM_1_ASM_0.par
|  |  |  |  |--+创建 SE 零件文件 C:\Users\202509006D\Desktop\雅典娜底盘\S2_2_1_1_0.par
|  |  |  |  |--+创建 SE 零件文件 C:\Users\202509006D\Desktop\雅典娜底盘\S2_2_2_1_0.par
|  |  |  |  |--+创建 SE 零件文件 C:\Users\202509006D\Desktop\雅典娜底盘\S2_2_3_1_0.par
|  |  |  |  |--+开始装配: 6
|  |  |  |  |--+创建 SE 装配文件 C:\Users\202509006D\Desktop\雅典娜底盘\S2_2_4_1_ASM_0.asm
|  |  |  |  |  |--+创建 SE 零件文件 C:\Users\202509006D\Desktop\雅典娜底盘\S2_2_4_1_ASM_0.par
|  |  |  |  |  |--+创建 SE 零件文件 C:\Users\202509006D\Desktop\雅典娜底盘\S2_2_4_1_1_0.par
|  |  |  |  |  |--+创建 SE 零件文件 C:\Users\202509006D\Desktop\雅典娜底盘\S2_2_4_1_2_0.par
|  |  |  |  |  |--+创建 SE 零件文件 C:\Users\202509006D\Desktop\雅典娜底盘\S2_2_4_1_3_0.par
|  |  |  |  |  |--+创建 SE 零件文件 C:\Users\202509006D\Desktop\雅典娜底盘\S2_2_4_1_4_0.par
|  |  |  |  |  |--+创建 SE 零件文件 C:\Users\202509006D\Desktop\雅典娜底盘\S2_2_4_1_5_0.par
|  |  |  |  |  |--+创建 SE 零件文件 C:\Users\202509006D\Desktop\雅典娜底盘\S2_2_4_1_6_0.par
|  |  |  |  |--+全部零件: 16
|  |  |  |  |--+装配: 0
|  |  |  |  |--+实体: 12
|  |  |  |  |--+片体: 4
|  |  |  |  |--+结束装配: 6
|  |  |  |  |--+创建 SE 零件文件 C:\Users\202509006D\Desktop\雅典娜底盘\S2_2_5_1_0.par
|  |  |  |  |--+创建 SE 零件文件 C:\Users\202509006D\Desktop\雅典娜底盘\S2_2_6_1_0.par
|  |  |  |  |--+创建 SE 零件文件 C:\Users\202509006D\Desktop\雅典娜底盘\S2_2_7_1_0.par
|  |  |  |  |--+创建 SE 零件文件 C:\Users\202509006D\Desktop\雅典娜底盘\S2_2_8_1_0.par
|  |  |  |  |--+创建 SE 零件文件 C:\Users\202509006D\Desktop\雅典娜底盘\S2_2_9_1_0.par
|  |  |  |  |--+创建 SE 零件文件 C:\Users\202509006D\Desktop\雅典娜底盘\S2_2_10_1_0.par
|  |  |  |  |--+创建 SE 零件文件 C:\Users\202509006D\Desktop\雅典娜底盘\S2_2_11_1_0.par
|  |  |  |  |--+创建 SE 零件文件 C:\Users\202509006D\Desktop\雅典娜底盘\S2_2_12_1_0.par
|  |  |  |--+全部零件: 71
|  |  |  |--+装配: 1
|  |  |  |--+实体: 14
|  |  |  |--+片体: 56
|  |  |  |--+结束装配: 5
|  |  |--+全部零件: 1
|  |  |--+装配: 1
|  |  |--+实体: 0
|  |  |--+片体: 0
|  |  |--+结束装配: 4
|  |  |--+创建 SE 零件文件 C:\Users\202509006D\Desktop\雅典娜底盘\_X2_914D91CD5757_X0__1_4_3_1_0.par
|  |  |--+开始装配: 4
|  |  |--+创建 SE 装配文件 C:\Users\202509006D\Desktop\雅典娜底盘\BATTERY_ASM_28_ASM_6_ASM_1_ASM_0.asm
|  |  |  |--+创建 SE 零件文件 C:\Users\202509006D\Desktop\雅典娜底盘\ATHENA2_0_MID_BKT_28_2_1.par
|  |  |  |--+创建 SE 零件文件 C:\Users\202509006D\Desktop\雅典娜底盘\24V-16AH_1_28_2_1.par
|  |  |  |--+创建 SE 零件文件 C:\Users\202509006D\Desktop\雅典娜底盘\AT2-M00-0069--EVA0001_2_1.par
|  |  |--+全部零件: 6
|  |  |--+装配: 0
|  |  |--+实体: 6
|  |  |--+片体: 0
|  |  |--+结束装配: 4
|  |  |--+创建 SE 零件文件 C:\Users\202509006D\Desktop\雅典娜底盘\AGV_23X-63H-32-BR_AGV_SW0001__2.par
|  |  |--+正在重用文件 C:\Users\202509006D\Desktop\雅典娜底盘\AGV_23X-63H-32-BR_AGV_SW0001__2.par
|  |  |--+正在重用文件 C:\Users\202509006D\Desktop\雅典娜底盘\AGV_23X-63H-32-BR_AGV_SW0001__2.par
|  |  |--+正在重用文件 C:\Users\202509006D\Desktop\雅典娜底盘\AGV_23X-63H-32-BR_AGV_SW0001__2.par
|  |--+全部零件: 23
|  |--+装配: 6
|  |--+实体: 7
|  |--+片体: 10
|  |--+结束装配: 3
|--+全部零件: 2
|--+装配: 2
|--+实体: 0
|--+片体: 0
|--+结束装配: 2
+全部零件: 1
+装配: 1
+实体: 0
+片体: 0
+结束装配: 1
转换过程结束
转换和后处理所需的总时间:00 : 01 : 34
