BL51 BANKED LINKER/LOCATER V6.22.4.0                                                    06/29/2026  10:40:43  PAGE 1


BL51 BANKED LINKER/LOCATER V6.22.4.0, INVOKED BY:
C:\KEIL_V5\C51\BIN\BL51.EXE STARTUP.obj, text1.obj TO text1 RAMSIZE (256)


MEMORY MODEL: SMALL


INPUT MODULES INCLUDED:
  STARTUP.obj (?C_STARTUP)
  text1.obj (TEXT1)


LINK MAP OF MODULE:  text1 (?C_STARTUP)


            TYPE    BASE      LENGTH    RELOCATION   SEGMENT NAME
            -----------------------------------------------------

            * * * * * * *   D A T A   M E M O R Y   * * * * * * *
            REG     0000H     0008H     ABSOLUTE     "REG BANK 0"
            IDATA   0008H     0001H     UNIT         ?STACK

            * * * * * * *   C O D E   M E M O R Y   * * * * * * *
            CODE    0000H     0003H     ABSOLUTE     
            CODE    0003H     002AH     UNIT         ?PR?MAIN?TEXT1
            CODE    002DH     001DH     UNIT         ?PR?UART_INIT?TEXT1
            CODE    004AH     000CH     UNIT         ?C_C51STARTUP
            CODE    0056H     000AH     UNIT         ?PR?IO_INIT?TEXT1
            CODE    0060H     0008H     UNIT         ?PR?_UART_SENDCHAR?TEXT1



OVERLAY MAP OF MODULE:   text1 (?C_STARTUP)


SEGMENT
  +--> CALLED SEGMENT
---------------------
?C_C51STARTUP
  +--> ?PR?MAIN?TEXT1

?PR?MAIN?TEXT1
  +--> ?PR?IO_INIT?TEXT1
  +--> ?PR?UART_INIT?TEXT1
  +--> ?PR?_UART_SENDCHAR?TEXT1



SYMBOL TABLE OF MODULE:  text1 (?C_STARTUP)

  VALUE           TYPE          NAME
  ----------------------------------

  -------         MODULE        ?C_STARTUP
  C:004AH         SEGMENT       ?C_C51STARTUP
  I:0008H         SEGMENT       ?STACK
  C:0000H         PUBLIC        ?C_STARTUP
  D:00E0H         SYMBOL        ACC
BL51 BANKED LINKER/LOCATER V6.22.4.0                                                  06/29/2026  10:40:43  PAGE 2


  D:00F0H         SYMBOL        B
  D:0083H         SYMBOL        DPH
  D:0082H         SYMBOL        DPL
  N:0000H         SYMBOL        IBPSTACK
  N:0100H         SYMBOL        IBPSTACKTOP
  N:0080H         SYMBOL        IDATALEN
  C:004DH         SYMBOL        IDATALOOP
  N:0000H         SYMBOL        PBPSTACK
  N:0100H         SYMBOL        PBPSTACKTOP
  N:0000H         SYMBOL        PDATALEN
  N:0000H         SYMBOL        PDATASTART
  N:0000H         SYMBOL        PPAGE
  N:0000H         SYMBOL        PPAGEENABLE
  D:00A0H         SYMBOL        PPAGE_SFR
  D:0081H         SYMBOL        SP
  C:004AH         SYMBOL        STARTUP1
  N:0000H         SYMBOL        XBPSTACK
  N:0000H         SYMBOL        XBPSTACKTOP
  N:0000H         SYMBOL        XDATALEN
  N:0000H         SYMBOL        XDATASTART
  C:0000H         LINE#         126
  C:004AH         LINE#         133
  C:004CH         LINE#         134
  C:004DH         LINE#         135
  C:004EH         LINE#         136
  C:0050H         LINE#         185
  C:0053H         LINE#         196
  -------         ENDMOD        ?C_STARTUP

  -------         MODULE        TEXT1
  C:0000H         SYMBOL        _ICE_DUMMY_
  D:0096H         PUBLIC        P2M0
  D:0080H         PUBLIC        P0
  D:0095H         PUBLIC        P2M1
  D:0090H         PUBLIC        P1
  D:00A0H         PUBLIC        P2
  D:00B0H         PUBLIC        P3
  D:00C0H         PUBLIC        P4
  D:00C8H         PUBLIC        P5
  D:00E8H         PUBLIC        P6
  D:00F8H         PUBLIC        P7
  D:00BAH         PUBLIC        P_SW2
  D:00A8H         PUBLIC        IE
  D:00B8H         PUBLIC        IP
  B:0098H.1       PUBLIC        TI
  D:00D8H         PUBLIC        CCON
  C:0003H         PUBLIC        main
  C:0060H         PUBLIC        _UART_SendChar
  C:0056H         PUBLIC        IO_init
  D:0099H         PUBLIC        SBUF
  C:002DH         PUBLIC        UART_Init
  D:0098H         PUBLIC        SCON
  D:0089H         PUBLIC        TMOD
  D:0088H         PUBLIC        TCON
  D:00F0H         PUBLIC        B
  D:008EH         PUBLIC        AUXR
  D:00E0H         PUBLIC        ACC
BL51 BANKED LINKER/LOCATER V6.22.4.0                                                  06/29/2026  10:40:43  PAGE 3


  D:008DH         PUBLIC        TH1
  D:008BH         PUBLIC        TL1
  B:0088H.6       PUBLIC        TR1
  D:00D0H         PUBLIC        PSW
  -------         PROC          UART_INIT
  C:002DH         LINE#         4
  C:002DH         LINE#         5
  C:002DH         LINE#         6
  C:0030H         LINE#         7
  C:0033H         LINE#         8
  C:0036H         LINE#         9
  C:0039H         LINE#         10
  C:003CH         LINE#         11
  C:003FH         LINE#         12
  C:0042H         LINE#         13
  C:0045H         LINE#         14
  C:0047H         LINE#         15
  C:0049H         LINE#         16
  -------         ENDPROC       UART_INIT
  -------         PROC          _UART_SENDCHAR
  D:0007H         SYMBOL        ch
  C:0060H         LINE#         18
  C:0060H         LINE#         19
  C:0060H         LINE#         20
  C:0062H         LINE#         21
  C:0065H         LINE#         22
  C:0067H         LINE#         23
  -------         ENDPROC       _UART_SENDCHAR
  -------         PROC          IO_INIT
  C:0056H         LINE#         25
  C:0056H         LINE#         26
  C:0056H         LINE#         27
  C:0059H         LINE#         28
  C:005CH         LINE#         29
  C:005FH         LINE#         30
  -------         ENDPROC       IO_INIT
  -------         PROC          MAIN
  -------         DO            
  D:0004H         SYMBOL        i
  -------         ENDDO         
  C:0003H         LINE#         32
  C:0003H         LINE#         33
  C:0003H         LINE#         36
  C:0006H         LINE#         37
  C:0009H         LINE#         39
  C:0009H         LINE#         40
  C:0009H         LINE#         41
  C:000CH         LINE#         43
  C:0011H         LINE#         44
  C:0015H         LINE#         46
  C:001AH         LINE#         48
  -------         ENDPROC       MAIN
  -------         ENDMOD        TEXT1

Program Size: data=9.0 xdata=0 code=104
LINK/LOCATE RUN COMPLETE.  0 WARNING(S),  0 ERROR(S)
