C51 COMPILER V9.60.7.0   TEXT1                                                             06/29/2026 10:40:43 PAGE 1   


C51 COMPILER V9.60.7.0, COMPILATION OF MODULE TEXT1
OBJECT MODULE PLACED IN text1.OBJ
COMPILER INVOKED BY: C:\Keil_v5\C51\BIN\C51.EXE text1.c BROWSE DEBUG OBJECTEXTEND

line level    source

   1          #include "STC8A8K64D4.H"
   2          #include <intrins.h>
   3          
   4          void UART_Init(void)
   5          {
   6   1          P_SW2 |= 0x80;
   7   1          SCON = 0x50;
   8   1          AUXR |= 0x40;
   9   1          AUXR &= ~0x01;
  10   1          TMOD &= 0x0F;
  11   1          TMOD |= 0x20;
  12   1          TH1 = 0xFD;      // 9600bps
  13   1          TL1 = 0xFD;
  14   1          TR1 = 1;
  15   1          TI = 1;
  16   1      }
  17          
  18          void UART_SendChar(unsigned char ch)
  19          {
  20   1          SBUF = ch;
  21   1          while (!TI);
  22   1          TI = 0;
  23   1      }
  24          
  25          void IO_init(void)
  26          {
  27   1          P_SW2 |= 0x80;
  28   1          P2M0 |= 0x01;
  29   1          P2M1 &= ~0x01;
  30   1      }
  31          
  32          void main(void)
  33          {
  34   1          unsigned int i;
  35   1          
  36   1          IO_init();
  37   1          UART_Init();
  38   1          
  39   1          while (1)
  40   1          {
  41   2              P2 ^= 0x01;                    // 翻转 P2.0 产生方波
  42   2              
  43   2              if (P2 & 0x01)
  44   2                  UART_SendChar('H');
  45   2              else
  46   2                  UART_SendChar('L');
  47   2              
  48   2              for(i = 0; i < 2100; i++);     // 延时控制频率（约200Hz）
  49   2          }
  50   1      }


MODULE INFORMATION:   STATIC OVERLAYABLE
   CODE SIZE        =     89    ----
   CONSTANT SIZE    =   ----    ----
C51 COMPILER V9.60.7.0   TEXT1                                                             06/29/2026 10:40:43 PAGE 2   

   XDATA SIZE       =   ----    ----
   PDATA SIZE       =   ----    ----
   DATA SIZE        =   ----    ----
   IDATA SIZE       =   ----    ----
   BIT SIZE         =   ----    ----
END OF MODULE INFORMATION.


C51 COMPILATION COMPLETE.  0 WARNING(S),  0 ERROR(S)
