Change Component Designator: OldDesignator=* NewDesignator=E2
Add component: Footprint Not Found C1005-0402
Add component: Footprint Not Found BCY-W2/D3.1
Add Pin To Net: Unknown Pin: Pin L1-1
Add Pin To Net: Unknown Pin: Pin L1-2
Add Pin To Net: Unknown Pin: Pin LM-1
Add Pin To Net: Unknown Pin: Pin LM-2
Add Pin To Net: Unknown Pin: Pin LM-3
Add Pin To Net: Unknown Pin: Pin LM-4
Add Pin To Net: Unknown Pin: Pin LM-5
Add Pin To Net: Unknown Pin: Pin LM-6
Add Pin To Net: Unknown Pin: Pin V1-1
Add Pin To Net: Unknown Pin: Pin V1-2
Add Pin To Net: Unknown Pin: Pin V2-1
Add Pin To Net: Unknown Pin: Pin V2-2
Add Pin To Net: Unknown Pin: Pin XTAL-1
Add Pin To Net: Unknown Pin: Pin XTAL-2
Change Net Name : Old Net Name=Net*_2 New Net Name=NetE2_2
Added Member To Class: ClassName=SCH Member=Component D1 LED3
Add Class Member: Failed to add class member : Component L1 Inductor
Add Class Member: Failed to add class member : Component LM LM2576
Add Class Member: Failed to add class member : Component V1 Vin
Add Class Member: Failed to add class member : Component V2 Vout
Add Class Member: Failed to add class member : Component XTAL 4.0MHZ
