Added Component: Designator=C1(RAD-0.3)
Add component (AddParameter): Name = "LatestRevisionDate"; Value = "17-Jul-2002"; VariantName = "[No Variations]"
Add component (AddParameter): Name = "LatestRevisionNote"; Value = "Re-released for DXP Platform."; VariantName = "[No Variations]"
Add component (AddParameter): Name = "PackageDescription"; Value = "Radial Cap, Thru-Hole; 2 Leads; 0.3 in Pin Spacing"; VariantName = "[No Variations]"
Add component (AddParameter): Name = "PackageReference"; Value = "RAD-0.3"; VariantName = "[No Variations]"
Add component (AddParameter): Name = "Published"; Value = "8-Jun-2000"; VariantName = "[No Variations]"
Add component (AddParameter): Name = "Publisher"; Value = "Altium Limited"; VariantName = "[No Variations]"
Add component (AddParameter): Name = "Value"; Value = "30pF"; VariantName = "[No Variations]"
Added Component: Designator=C2(RAD-0.3)
Add component (AddParameter): Name = "LatestRevisionDate"; Value = "17-Jul-2002"; VariantName = "[No Variations]"
Add component (AddParameter): Name = "LatestRevisionNote"; Value = "Re-released for DXP Platform."; VariantName = "[No Variations]"
Add component (AddParameter): Name = "PackageDescription"; Value = "Radial Cap, Thru-Hole; 2 Leads; 0.3 in Pin Spacing"; VariantName = "[No Variations]"
Add component (AddParameter): Name = "PackageReference"; Value = "RAD-0.3"; VariantName = "[No Variations]"
Add component (AddParameter): Name = "Published"; Value = "8-Jun-2000"; VariantName = "[No Variations]"
Add component (AddParameter): Name = "Publisher"; Value = "Altium Limited"; VariantName = "[No Variations]"
Add component (AddParameter): Name = "Value"; Value = "30pF"; VariantName = "[No Variations]"
Added Component: Designator=C3(RAD-0.3)
Add component (AddParameter): Name = "LatestRevisionDate"; Value = "17-Jul-2002"; VariantName = "[No Variations]"
Add component (AddParameter): Name = "LatestRevisionNote"; Value = "Re-released for DXP Platform."; VariantName = "[No Variations]"
Add component (AddParameter): Name = "PackageDescription"; Value = "Radial Cap, Thru-Hole; 2 Leads; 0.3 in Pin Spacing"; VariantName = "[No Variations]"
Add component (AddParameter): Name = "PackageReference"; Value = "RAD-0.3"; VariantName = "[No Variations]"
Add component (AddParameter): Name = "Published"; Value = "8-Jun-2000"; VariantName = "[No Variations]"
Add component (AddParameter): Name = "Publisher"; Value = "Altium Limited"; VariantName = "[No Variations]"
Add component (AddParameter): Name = "Value"; Value = "0.1u"; VariantName = "[No Variations]"
Added Component: Designator=C4(RAD-0.3)
Add component (AddParameter): Name = "LatestRevisionDate"; Value = "17-Jul-2002"; VariantName = "[No Variations]"
Add component (AddParameter): Name = "LatestRevisionNote"; Value = "Re-released for DXP Platform."; VariantName = "[No Variations]"
Add component (AddParameter): Name = "PackageDescription"; Value = "Radial Cap, Thru-Hole; 2 Leads; 0.3 in Pin Spacing"; VariantName = "[No Variations]"
Add component (AddParameter): Name = "PackageReference"; Value = "RAD-0.3"; VariantName = "[No Variations]"
Add component (AddParameter): Name = "Published"; Value = "8-Jun-2000"; VariantName = "[No Variations]"
Add component (AddParameter): Name = "Publisher"; Value = "Altium Limited"; VariantName = "[No Variations]"
Add component (AddParameter): Name = "Value"; Value = "0.1u"; VariantName = "[No Variations]"
Added Component: Designator=CON1(HDR1X20)
Add component (AddParameter): Name = "LatestRevisionDate"; Value = "17-Jul-2002"; VariantName = "[No Variations]"
Add component (AddParameter): Name = "LatestRevisionNote"; Value = "Re-released for DXP Platform."; VariantName = "[No Variations]"
Add component (AddParameter): Name = "Publisher"; Value = "Altium Limited"; VariantName = "[No Variations]"
Added Component: Designator=CON2(HDR1X16)
Add component (AddParameter): Name = "LatestRevisionDate"; Value = "17-Jul-2002"; VariantName = "[No Variations]"
Add component (AddParameter): Name = "LatestRevisionNote"; Value = "Re-released for DXP Platform."; VariantName = "[No Variations]"
Add component (AddParameter): Name = "Publisher"; Value = "Altium Limited"; VariantName = "[No Variations]"
Added Component: Designator=D1(LED/0603)
Add component (AddParameter): Name = "DatasheetVersion"; Value = "16-Apr-2002"; VariantName = "[No Variations]"
Add component (AddParameter): Name = "LatestRevisionDate"; Value = "17-Dec-2003"; VariantName = "[No Variations]"
Add component (AddParameter): Name = "LatestRevisionNote"; Value = "PCB Footprint replaced."; VariantName = "[No Variations]"
Add component (AddParameter): Name = "PackageDescription"; Value = "SM LED; 2 C-Bend Leads; Body 3.5 x 2.8 x 1.9 mm, inc leads (LxWxH typ)"; VariantName = "[No Variations]"
Add component (AddParameter): Name = "PackageReference"; Value = "3.5X2.8X1.9"; VariantName = "[No Variations]"
Add component (AddParameter): Name = "PackageVersion"; Value = "16-Apr-2002"; VariantName = "[No Variations]"
Add component (AddParameter): Name = "Published"; Value = "8-Jun-2000"; VariantName = "[No Variations]"
Add component (AddParameter): Name = "Publisher"; Value = "Altium Limited"; VariantName = "[No Variations]"
Added Component: Designator=E1(POLAR0.8)
Add component (AddParameter): Name = "LatestRevisionDate"; Value = "17-Jul-2002"; VariantName = "[No Variations]"
Add component (AddParameter): Name = "LatestRevisionNote"; Value = "Re-released for DXP Platform."; VariantName = "[No Variations]"
Add component (AddParameter): Name = "PackageDescription"; Value = "Polarized Capacitor; 2 Leads"; VariantName = "[No Variations]"
Add component (AddParameter): Name = "PackageReference"; Value = "POLAR0.8"; VariantName = "[No Variations]"
Add component (AddParameter): Name = "Published"; Value = "8-Jun-2000"; VariantName = "[No Variations]"
Add component (AddParameter): Name = "Publisher"; Value = "Altium Limited"; VariantName = "[No Variations]"
Add component (AddParameter): Name = "Value"; Value = "100u"; VariantName = "[No Variations]"
Added Component: Designator=E2(RB7.6-15)
Add component (AddParameter): Name = "LatestRevisionDate"; Value = "17-Jul-2002"; VariantName = "[No Variations]"
Add component (AddParameter): Name = "LatestRevisionNote"; Value = "Re-released for DXP Platform."; VariantName = "[No Variations]"
Add component (AddParameter): Name = "PackageDescription"; Value = "Polarized Capacitor (Radial); 2 Leads"; VariantName = "[No Variations]"
Add component (AddParameter): Name = "PackageReference"; Value = "RB7.6-15"; VariantName = "[No Variations]"
Add component (AddParameter): Name = "Published"; Value = "8-Jun-2000"; VariantName = "[No Variations]"
Add component (AddParameter): Name = "Publisher"; Value = "Altium Limited"; VariantName = "[No Variations]"
Add component (AddParameter): Name = "Value"; Value = "10uF"; VariantName = "[No Variations]"
Added Component: Designator=J1(HDR1X4)
Add component (AddParameter): Name = "LatestRevisionDate"; Value = "17-Jul-2002"; VariantName = "[No Variations]"
Add component (AddParameter): Name = "LatestRevisionNote"; Value = "Re-released for DXP Platform."; VariantName = "[No Variations]"
Add component (AddParameter): Name = "Publisher"; Value = "Altium Limited"; VariantName = "[No Variations]"
Added Component: Designator=J2(HDR1X4)
Add component (AddParameter): Name = "LatestRevisionDate"; Value = "17-Jul-2002"; VariantName = "[No Variations]"
Add component (AddParameter): Name = "LatestRevisionNote"; Value = "Re-released for DXP Platform."; VariantName = "[No Variations]"
Add component (AddParameter): Name = "Publisher"; Value = "Altium Limited"; VariantName = "[No Variations]"
Added Component: Designator=P1(P2.54/9PIN)
Add component (AddParameter): Name = "LatestRevisionDate"; Value = "17-Jul-2002"; VariantName = "[No Variations]"
Add component (AddParameter): Name = "LatestRevisionNote"; Value = "Re-released for DXP Platform."; VariantName = "[No Variations]"
Add component (AddParameter): Name = "Publisher"; Value = "Altium Limited"; VariantName = "[No Variations]"
Added Component: Designator=R1(AXIAL-0.4)
Add component (AddParameter): Name = "LatestRevisionDate"; Value = "17-Jul-2002"; VariantName = "[No Variations]"
Add component (AddParameter): Name = "LatestRevisionNote"; Value = "Re-released for DXP Platform."; VariantName = "[No Variations]"
Add component (AddParameter): Name = "PackageDescription"; Value = "Axial Device, Thru-Hole; 2 Leads; 0.4 in Pin Spacing"; VariantName = "[No Variations]"
Add component (AddParameter): Name = "PackageReference"; Value = "AXIAL-0.4"; VariantName = "[No Variations]"
Add component (AddParameter): Name = "Published"; Value = "8-Jun-2000"; VariantName = "[No Variations]"
Add component (AddParameter): Name = "Publisher"; Value = "Altium Limited"; VariantName = "[No Variations]"
Add component (AddParameter): Name = "Value"; Value = "10K"; VariantName = "[No Variations]"
Added Component: Designator=R2(AXIAL-0.5)
Add component (AddParameter): Name = "LatestRevisionDate"; Value = "17-Jul-2002"; VariantName = "[No Variations]"
Add component (AddParameter): Name = "LatestRevisionNote"; Value = "Re-released for DXP Platform."; VariantName = "[No Variations]"
Add component (AddParameter): Name = "PackageDescription"; Value = "Axial Device, Thru-Hole; 2 Leads; 0.5 in Pin Spacing"; VariantName = "[No Variations]"
Add component (AddParameter): Name = "PackageReference"; Value = "AXIAL-0.5"; VariantName = "[No Variations]"
Add component (AddParameter): Name = "Published"; Value = "8-Jun-2000"; VariantName = "[No Variations]"
Add component (AddParameter): Name = "Publisher"; Value = "Altium Limited"; VariantName = "[No Variations]"
Add component (AddParameter): Name = "Value"; Value = "2K"; VariantName = "[No Variations]"
Added Component: Designator=U1(LQFP48)
Added Component: Designator=U6(dip-16)
Add component: Footprint Not Found BCY-W2/D3.1
Added Pin To Net: NetName=D0 Pin=CON1-1
Added Pin To Net: NetName=D0 Pin=P1-2
Added Pin To Net: NetName=D0 Pin=U1-39
Added Net: Name=D0
Added Pin To Net: NetName=D1 Pin=CON1-3
Added Pin To Net: NetName=D1 Pin=P1-3
Added Pin To Net: NetName=D1 Pin=U1-40
Added Net: Name=D1
Added Pin To Net: NetName=D2 Pin=CON1-5
Added Pin To Net: NetName=D2 Pin=P1-4
Added Pin To Net: NetName=D2 Pin=U1-41
Added Net: Name=D2
Added Pin To Net: NetName=D3 Pin=CON1-7
Added Pin To Net: NetName=D3 Pin=P1-5
Added Pin To Net: NetName=D3 Pin=U1-43
Added Net: Name=D3
Added Pin To Net: NetName=D4 Pin=CON1-9
Added Pin To Net: NetName=D4 Pin=P1-6
Added Pin To Net: NetName=D4 Pin=U1-44
Added Net: Name=D4
Added Pin To Net: NetName=D5 Pin=CON1-11
Added Pin To Net: NetName=D5 Pin=P1-7
Added Pin To Net: NetName=D5 Pin=U1-45
Added Net: Name=D5
Added Pin To Net: NetName=D6 Pin=CON1-13
Added Pin To Net: NetName=D6 Pin=P1-8
Added Pin To Net: NetName=D6 Pin=U1-46
Added Net: Name=D6
Added Pin To Net: NetName=D7 Pin=CON1-15
Added Pin To Net: NetName=D7 Pin=P1-9
Added Pin To Net: NetName=D7 Pin=U1-47
Added Net: Name=D7
Added Pin To Net: NetName=GND Pin=C1-1
Added Pin To Net: NetName=GND Pin=C2-1
Added Pin To Net: NetName=GND Pin=C3-1
Added Pin To Net: NetName=GND Pin=C4-1
Added Pin To Net: NetName=GND Pin=CON1-2
Added Pin To Net: NetName=GND Pin=CON1-4
Added Pin To Net: NetName=GND Pin=CON1-6
Added Pin To Net: NetName=GND Pin=CON1-8
Added Pin To Net: NetName=GND Pin=CON1-10
Added Pin To Net: NetName=GND Pin=CON1-12
Added Pin To Net: NetName=GND Pin=CON1-14
Added Pin To Net: NetName=GND Pin=CON1-16
Added Pin To Net: NetName=GND Pin=CON1-17
Added Pin To Net: NetName=GND Pin=CON1-18
Added Pin To Net: NetName=GND Pin=CON2-13
Added Pin To Net: NetName=GND Pin=CON2-14
Added Pin To Net: NetName=GND Pin=CON2-15
Added Pin To Net: NetName=GND Pin=CON2-16
Added Pin To Net: NetName=GND Pin=D1-2
Added Pin To Net: NetName=GND Pin=E1-2
Added Pin To Net: NetName=GND Pin=J1-1
Added Pin To Net: NetName=GND Pin=J2-1
Added Pin To Net: NetName=GND Pin=R1-1
Added Pin To Net: NetName=GND Pin=U1-11
Added Pin To Net: NetName=GND Pin=U6-8
Added Net: Name=GND
Added Pin To Net: NetName=NetCON2_2 Pin=CON2-2
Added Pin To Net: NetName=NetCON2_2 Pin=U6-16
Added Net: Name=NetCON2_2
Added Pin To Net: NetName=NetCON2_3 Pin=CON2-3
Added Pin To Net: NetName=NetCON2_3 Pin=U6-15
Added Net: Name=NetCON2_3
Added Pin To Net: NetName=NetCON2_5 Pin=CON2-5
Added Pin To Net: NetName=NetCON2_5 Pin=U6-14
Added Net: Name=NetCON2_5
Added Pin To Net: NetName=NetCON2_6 Pin=CON2-6
Added Pin To Net: NetName=NetCON2_6 Pin=U6-13
Added Net: Name=NetCON2_6
Added Pin To Net: NetName=NetCON2_8 Pin=CON2-8
Added Pin To Net: NetName=NetCON2_8 Pin=U6-12
Added Net: Name=NetCON2_8
Added Pin To Net: NetName=NetCON2_9 Pin=CON2-9
Added Pin To Net: NetName=NetCON2_9 Pin=U6-11
Added Net: Name=NetCON2_9
Added Pin To Net: NetName=NetCON2_11 Pin=CON2-11
Added Pin To Net: NetName=NetCON2_11 Pin=U6-10
Added Net: Name=NetCON2_11
Added Pin To Net: NetName=NetD1_1 Pin=D1-1
Added Pin To Net: NetName=NetD1_1 Pin=R2-1
Added Net: Name=NetD1_1
Added Pin To Net: NetName=NetE2_2 Pin=E2-2
Added Pin To Net: NetName=NetE2_2 Pin=R1-2
Added Net: Name=NetE2_2
Added Pin To Net: NetName=P20 Pin=U1-30
Added Pin To Net: NetName=P20 Pin=U6-1
Added Net: Name=P20
Added Pin To Net: NetName=P21 Pin=U1-32
Added Pin To Net: NetName=P21 Pin=U6-2
Added Net: Name=P21
Added Pin To Net: NetName=P22 Pin=U1-33
Added Pin To Net: NetName=P22 Pin=U6-3
Added Net: Name=P22
Added Pin To Net: NetName=P23 Pin=U1-34
Added Pin To Net: NetName=P23 Pin=U6-4
Added Net: Name=P23
Added Pin To Net: NetName=P24 Pin=U1-35
Added Pin To Net: NetName=P24 Pin=U6-5
Added Net: Name=P24
Added Pin To Net: NetName=P25 Pin=U1-36
Added Pin To Net: NetName=P25 Pin=U6-6
Added Net: Name=P25
Added Pin To Net: NetName=P26 Pin=U1-37
Added Pin To Net: NetName=P26 Pin=U6-7
Added Net: Name=P26
Added Pin To Net: NetName=RST Pin=C3-2
Added Pin To Net: NetName=RST Pin=C4-2
Added Pin To Net: NetName=RST Pin=CON2-1
Added Pin To Net: NetName=RST Pin=CON2-4
Added Pin To Net: NetName=RST Pin=CON2-7
Added Pin To Net: NetName=RST Pin=CON2-10
Added Pin To Net: NetName=RST Pin=E1-1
Added Pin To Net: NetName=RST Pin=E2-1
Added Pin To Net: NetName=RST Pin=J1-4
Added Pin To Net: NetName=RST Pin=J2-4
Added Pin To Net: NetName=RST Pin=P1-1
Added Pin To Net: NetName=RST Pin=R2-2
Added Pin To Net: NetName=RST Pin=U1-12
Added Pin To Net: NetName=RST Pin=U1-13
Added Pin To Net: NetName=RST Pin=U1-14
Added Pin To Net: NetName=RST Pin=U1-15
Added Pin To Net: NetName=RST Pin=U6-9
Added Net: Name=RST
Added Pin To Net: NetName=RXD2 Pin=J2-3
Added Pin To Net: NetName=RXD2 Pin=U1-48
Added Net: Name=RXD2
Added Pin To Net: NetName=RXD Pin=J1-3
Added Pin To Net: NetName=RXD Pin=U1-19
Added Net: Name=RXD
Added Pin To Net: NetName=TXD2 Pin=J2-2
Added Pin To Net: NetName=TXD2 Pin=U1-3
Added Net: Name=TXD2
Added Pin To Net: NetName=TXD Pin=J1-2
Added Pin To Net: NetName=TXD Pin=U1-20
Added Net: Name=TXD
Added Pin To Net: NetName=X1 Pin=C2-2
Added Pin To Net: NetName=X1 Pin=U1-9
Added Net: Name=X1
Added Pin To Net: NetName=X2 Pin=C1-2
Added Pin To Net: NetName=X2 Pin=U1-10
Added Net: Name=X2
Added Class: Name=SCH
Added Rule: Name=Schematic Supply Nets
Added Rule: Name=Schematic Supply Nets_1
