Removed Pin From Net: NetName=RST Pin=C3-2
Removed Pin From Net: NetName=RST Pin=C4-2
Removed Pin From Net: NetName=RST Pin=C6-2
Removed Pin From Net: NetName=RST Pin=C7-2
Removed Pin From Net: NetName=RST Pin=CON2-1
Removed Pin From Net: NetName=RST Pin=CON2-4
Removed Pin From Net: NetName=RST Pin=CON2-7
Removed Pin From Net: NetName=RST Pin=CON2-10
Removed Pin From Net: NetName=RST Pin=E1-1
Removed Pin From Net: NetName=RST Pin=E2-1
Removed Pin From Net: NetName=RST Pin=E4-1
Removed Pin From Net: NetName=RST Pin=J1-4
Removed Pin From Net: NetName=RST Pin=J2-2
Removed Pin From Net: NetName=RST Pin=J2-3
Removed Pin From Net: NetName=RST Pin=J2-4
Removed Pin From Net: NetName=RST Pin=L1-2
Removed Pin From Net: NetName=RST Pin=LM-4
Removed Pin From Net: NetName=RST Pin=P1-1
Removed Pin From Net: NetName=RST Pin=R2-2
Removed Pin From Net: NetName=RST Pin=U1-3
Removed Pin From Net: NetName=RST Pin=U1-12
Removed Pin From Net: NetName=RST Pin=U1-13
Removed Pin From Net: NetName=RST Pin=U1-14
Removed Pin From Net: NetName=RST Pin=U1-15
Removed Pin From Net: NetName=RST Pin=U1-48
Removed Pin From Net: NetName=RST Pin=U6-9
Removed Pin From Net: NetName=RST Pin=Vout-1
Change Net Name : Old Net Name=RST New Net Name=GND
Added Pin To Net: NetName=RST Pin=C3-2
Added Pin To Net: NetName=RST Pin=C4-2
Added Pin To Net: NetName=RST Pin=C6-2
Added Pin To Net: NetName=RST Pin=C7-2
Added Pin To Net: NetName=RST Pin=CON2-1
Added Pin To Net: NetName=RST Pin=CON2-4
Added Pin To Net: NetName=RST Pin=CON2-7
Added Pin To Net: NetName=RST Pin=CON2-10
Added Pin To Net: NetName=RST Pin=E1-1
Added Pin To Net: NetName=RST Pin=E2-1
Added Pin To Net: NetName=RST Pin=E4-1
Added Pin To Net: NetName=RST Pin=J1-4
Added Pin To Net: NetName=RST Pin=J2-4
Added Pin To Net: NetName=RST Pin=L1-2
Added Pin To Net: NetName=RST Pin=LM-4
Added Pin To Net: NetName=RST Pin=P1-1
Added Pin To Net: NetName=RST Pin=R2-2
Added Pin To Net: NetName=RST Pin=U1-12
Added Pin To Net: NetName=RST Pin=U1-13
Added Pin To Net: NetName=RST Pin=U1-14
Added Pin To Net: NetName=RST Pin=U1-15
Added Pin To Net: NetName=RST Pin=U6-9
Added Pin To Net: NetName=RST Pin=Vout-1
Added Net: Name=RST
Added Pin To Net: NetName=RXD2 Pin=J2-3
Added Pin To Net: NetName=RXD2 Pin=U1-48
Added Net: Name=RXD2
Added Pin To Net: NetName=TXD2 Pin=J2-2
Added Pin To Net: NetName=TXD2 Pin=U1-3
Added Net: Name=TXD2
Added Member To Class: ClassName=SCH Member=Component D1 LED3
Added Rule: Name=Schematic Supply Nets_2
