BL51 BANKED LINKER/LOCATER V6.22.4.0                                                    06/29/2026  20:59:09  PAGE 1


BL51 BANKED LINKER/LOCATER V6.22.4.0, INVOKED BY:
C:\KEIL_V5\C51\BIN\BL51.EXE STARTUP.obj, text1.obj TO text1 RAMSIZE (256)


MEMORY MODEL: SMALL


INPUT MODULES INCLUDED:
  STARTUP.obj (?C_STARTUP)
  text1.obj (TEXT1)
  C:\KEIL_V5\C51\LIB\C51S.LIB (?C_INIT)
  C:\KEIL_V5\C51\LIB\C51S.LIB (?C?CLDPTR)
  C:\KEIL_V5\C51\LIB\C51S.LIB (?C?CLDOPTR)


LINK MAP OF MODULE:  text1 (?C_STARTUP)


            TYPE    BASE      LENGTH    RELOCATION   SEGMENT NAME
            -----------------------------------------------------

            * * * * * * *   D A T A   M E M O R Y   * * * * * * *
            REG     0000H     0008H     ABSOLUTE     "REG BANK 0"
            DATA    0008H     0043H     UNIT         ?DT?TEXT1
            DATA    004BH     0003H     UNIT         _DATA_GROUP_
            IDATA   004EH     0001H     UNIT         ?STACK

            * * * * * * *   C O D E   M E M O R Y   * * * * * * *
            CODE    0000H     0003H     ABSOLUTE     
            CODE    0003H     00D4H     UNIT         ?PR?MAIN?TEXT1
            CODE    00D7H     0091H     UNIT         ?CO?TEXT1
            CODE    0168H     008CH     UNIT         ?C_C51STARTUP
            CODE    01F4H     0046H     UNIT         ?C?LIB_CODE
            CODE    023AH     0025H     UNIT         ?PR?_SEND_STR?TEXT1
            CODE    025FH     0023H     UNIT         ?PR?_SEND_BUF?TEXT1
            CODE    0282H     001EH     UNIT         ?PR?_DELAY_MS?TEXT1
            CODE    02A0H     001BH     UNIT         ?PR?UART_INIT?TEXT1
            CODE    02BBH     0008H     UNIT         ?PR?_SEND_BYTE?TEXT1
            CODE    02C3H     0008H     UNIT         ?C_INITSEG



OVERLAY MAP OF MODULE:   text1 (?C_STARTUP)


SEGMENT                          DATA_GROUP 
  +--> CALLED SEGMENT          START    LENGTH
----------------------------------------------
?C_C51STARTUP                  -----    -----
  +--> ?PR?MAIN?TEXT1
  +--> ?C_INITSEG

?PR?MAIN?TEXT1                 -----    -----
  +--> ?PR?UART_INIT?TEXT1
  +--> ?CO?TEXT1
  +--> ?PR?_SEND_STR?TEXT1
  +--> ?PR?_SEND_BYTE?TEXT1
  +--> ?PR?_SEND_BUF?TEXT1
BL51 BANKED LINKER/LOCATER V6.22.4.0                                                  06/29/2026  20:59:09  PAGE 2


  +--> ?PR?_DELAY_MS?TEXT1

?PR?_SEND_STR?TEXT1            004BH    0003H
  +--> ?PR?_SEND_BYTE?TEXT1

?PR?_SEND_BUF?TEXT1            004BH    0003H
  +--> ?PR?_SEND_BYTE?TEXT1



SYMBOL TABLE OF MODULE:  text1 (?C_STARTUP)

  VALUE           TYPE          NAME
  ----------------------------------

  -------         MODULE        ?C_STARTUP
  C:0168H         SEGMENT       ?C_C51STARTUP
  I:004EH         SEGMENT       ?STACK
  C:0000H         PUBLIC        ?C_STARTUP
  D:00E0H         SYMBOL        ACC
  D:00F0H         SYMBOL        B
  D:0083H         SYMBOL        DPH
  D:0082H         SYMBOL        DPL
  N:0000H         SYMBOL        IBPSTACK
  N:0100H         SYMBOL        IBPSTACKTOP
  N:0080H         SYMBOL        IDATALEN
  C:016BH         SYMBOL        IDATALOOP
  N:0000H         SYMBOL        PBPSTACK
  N:0100H         SYMBOL        PBPSTACKTOP
  N:0000H         SYMBOL        PDATALEN
  N:0000H         SYMBOL        PDATASTART
  N:0000H         SYMBOL        PPAGE
  N:0000H         SYMBOL        PPAGEENABLE
  D:00A0H         SYMBOL        PPAGE_SFR
  D:0081H         SYMBOL        SP
  C:0168H         SYMBOL        STARTUP1
  N:0000H         SYMBOL        XBPSTACK
  N:0000H         SYMBOL        XBPSTACKTOP
  N:0000H         SYMBOL        XDATALEN
  N:0000H         SYMBOL        XDATASTART
  C:0000H         LINE#         126
  C:0168H         LINE#         133
  C:016AH         LINE#         134
  C:016BH         LINE#         135
  C:016CH         LINE#         136
  C:016EH         LINE#         185
  C:0171H         LINE#         196
  -------         ENDMOD        ?C_STARTUP

  -------         MODULE        TEXT1
  C:0000H         SYMBOL        _ICE_DUMMY_
  C:02BBH         PUBLIC        _Send_Byte
  C:025FH         PUBLIC        _Send_Buf
  D:00A2H         PUBLIC        P_SW1
  B:0098H.0       PUBLIC        RI
  B:0098H.1       PUBLIC        TI
  C:0003H         PUBLIC        main
BL51 BANKED LINKER/LOCATER V6.22.4.0                                                  06/29/2026  20:59:09  PAGE 3


  C:023AH         PUBLIC        _Send_Str
  D:0099H         PUBLIC        SBUF
  C:0282H         PUBLIC        _Delay_ms
  C:02A0H         PUBLIC        UART_Init
  D:0098H         PUBLIC        SCON
  D:0089H         PUBLIC        TMOD
  D:008EH         PUBLIC        AUXR
  D:008DH         PUBLIC        TH1
  D:000AH         PUBLIC        recv_buf
  D:008BH         PUBLIC        TL1
  B:0088H.6       PUBLIC        TR1
  D:004AH         PUBLIC        recv_cnt
  -------         PROC          MAIN
  -------         DO            
  D:0008H         SYMBOL        t
  -------         ENDDO         
  C:0003H         LINE#         22
  C:0003H         LINE#         23
  C:0003H         LINE#         24
  C:0006H         LINE#         25
  C:000FH         LINE#         26
  C:0018H         LINE#         28
  C:0018H         LINE#         29
  C:0018H         LINE#         30
  C:001EH         LINE#         31
  C:001EH         LINE#         32
  C:0020H         LINE#         33
  C:0027H         LINE#         34
  C:0027H         LINE#         35
  C:0031H         LINE#         38
  C:0053H         LINE#         42
  C:0053H         LINE#         43
  C:0059H         LINE#         45
  C:0062H         LINE#         46
  C:006EH         LINE#         47
  C:007CH         LINE#         48
  C:0085H         LINE#         49
  C:0090H         LINE#         50
  C:0099H         LINE#         52
  C:009CH         LINE#         53
  C:009CH         LINE#         54
  C:009FH         LINE#         56
  C:009FH         LINE#         57
  C:00A2H         LINE#         58
  C:00ABH         LINE#         59
  C:00ABH         LINE#         60
  C:00AEH         LINE#         62
  C:00AEH         LINE#         65
  C:00BFH         LINE#         66
  C:00BFH         LINE#         67
  C:00C4H         LINE#         68
  C:00CDH         LINE#         69
  C:00CDH         LINE#         70
  C:00D4H         LINE#         71
  C:00D4H         LINE#         72
  -------         ENDPROC       MAIN
  -------         PROC          UART_INIT
BL51 BANKED LINKER/LOCATER V6.22.4.0                                                  06/29/2026  20:59:09  PAGE 4


  C:02A0H         LINE#         75
  C:02A0H         LINE#         76
  C:02A0H         LINE#         77
  C:02A3H         LINE#         78
  C:02A6H         LINE#         79
  C:02A9H         LINE#         80
  C:02ACH         LINE#         81
  C:02AFH         LINE#         82
  C:02B2H         LINE#         83
  C:02B5H         LINE#         84
  C:02B8H         LINE#         85
  C:02BAH         LINE#         86
  -------         ENDPROC       UART_INIT
  -------         PROC          _SEND_BYTE
  D:0007H         SYMBOL        dat
  C:02BBH         LINE#         88
  C:02BBH         LINE#         89
  C:02BBH         LINE#         90
  C:02BDH         LINE#         91
  C:02C0H         LINE#         92
  C:02C2H         LINE#         93
  -------         ENDPROC       _SEND_BYTE
  -------         PROC          _SEND_STR
  D:004BH         SYMBOL        str
  C:023AH         LINE#         95
  C:0240H         LINE#         96
  C:0240H         LINE#         97
  C:025EH         LINE#         98
  -------         ENDPROC       _SEND_STR
  -------         PROC          _SEND_BUF
  D:004BH         SYMBOL        buf
  D:0005H         SYMBOL        len
  -------         DO            
  D:0006H         SYMBOL        i
  -------         ENDDO         
  C:025FH         LINE#         100
  C:0265H         LINE#         101
  C:0265H         LINE#         103
  C:026CH         LINE#         104
  C:0281H         LINE#         105
  -------         ENDPROC       _SEND_BUF
  -------         PROC          _DELAY_MS
  D:0006H         SYMBOL        ms
  -------         DO            
  D:0006H         SYMBOL        i
  D:0004H         SYMBOL        j
  -------         ENDDO         
  C:0282H         LINE#         107
  C:0282H         LINE#         108
  C:0282H         LINE#         110
  C:028BH         LINE#         111
  C:029FH         LINE#         112
  -------         ENDPROC       _DELAY_MS
  -------         ENDMOD        TEXT1

  -------         MODULE        ?C?CLDPTR
  C:01F4H         PUBLIC        ?C?CLDPTR
BL51 BANKED LINKER/LOCATER V6.22.4.0                                                  06/29/2026  20:59:09  PAGE 5


  -------         ENDMOD        ?C?CLDPTR

  -------         MODULE        ?C?CLDOPTR
  C:020DH         PUBLIC        ?C?CLDOPTR
  -------         ENDMOD        ?C?CLDOPTR

Program Size: data=79.0 xdata=0 code=715
LINK/LOCATE RUN COMPLETE.  0 WARNING(S),  0 ERROR(S)
