STEP 转换到 Solid Edge
日期: 星期三,四月 23,2025 02:53下午
源文件: C:\Users\Administrator\OneDrive\CZJ\SE\2000-抬升机构\2100-链轮\ce25b38-s-10.stp
作者: TraceParts
组织: TraceParts S.A.
源系统:  

硬件:
处理器: 13th Gen Intel(R) Core(TM) i9-13900HX
操作系统: Windows 10 Professional
已装内存: 31.74 GB

软件信息
Parasolid 版本: 31.1.255
PSBodyShop 版本: 31.1.110
步骤转换器版本: 5.0.48
Solid Edge 版本: 220.00.00.104 x64

STEP 导入选项
导入小平面体: 开
导入检查体: 关
导入曲线: 开
Import DoNotSave: 开
导入多个体为单个零件文件: 开
导入缝合曲面: 开
导入布尔体: 开
建立基本特征: 开
简化几何体: 开
导入压印曲线: 开
导入驱动: C:
导入缝合曲面: 开
导入曲面: 开
导入输出路径: C:\Users\Administrator\OneDrive\CZJ\SE\2000-抬升机构\2100-链轮
导入启用默认输出路径: 开
导入 PMI: 关
导入路径: 

正在转换为 Parasolid 数据类型...
转换过程结束
转换和后处理所需的总时间:00 : 00 : 00
