C51 COMPILER V9.60.7.0   TEXT1                                                             06/22/2026 19:17:30 PAGE 1   


C51 COMPILER V9.60.7.0, COMPILATION OF MODULE TEXT1
OBJECT MODULE PLACED IN text1.OBJ
COMPILER INVOKED BY: C:\Keil_v5\C51\BIN\C51.EXE text1.c BROWSE DEBUG OBJECTEXTEND

line level    source

   1          
   2          
   3          
   4          /*
   5             闪烁灯实验 
   6             运动指示灯直接接在P55口上
   7             只要控制io口相应电平变化即可
   8             */
   9          
  10          
  11          
  12          #include "STC8A8K64D4.H"
  13          
  14          
  15          
  16          /******
  17          功能：IO口配置
  18          输入：无
  19          输出：无
  20          *****/
  21          void IO_init(void)
  22          {
  23   1        P0M0 = 0X00;
  24   1        P0M1 = 0X00;
  25   1      
  26   1        P1M0 = 0X00;
  27   1        P1M1 = 0X00;
  28   1      
  29   1        P2M0 = 0X00;
  30   1        P2M1 = 0X00;
  31   1      
  32   1        P3M0 = 0X00;
  33   1        P3M1 = 0X00;
  34   1      
  35   1        P4M0 = 0X00;
  36   1        P4M1 = 0X00;
  37   1      
  38   1        P5M0 = 0X00;
  39   1        P5M1 = 0X00;
  40   1      
  41   1        P6M0 = 0X00;
  42   1        P6M1 = 0X00;
  43   1      
  44   1        P7M0 = 0X00;
  45   1        P7M1 = 0X00;
  46   1      
  47   1      //  P_SW2=0x00;   //串口选RxD_2，TXD_2
  48   1      //      RW_S = 0x40;  //总线控制选RD_2，WR_2
  49   1       
  50   1      }
  51          
  52          void delayms(unsigned int m)
  53             {
  54   1                int  a, b;
  55   1      
C51 COMPILER V9.60.7.0   TEXT1                                                             06/22/2026 19:17:30 PAGE 2   

  56   1               for(a=0;a<5000;a++)
  57   1               for(b=0;b<m;b++);
  58   1                 
  59   1               }
  60          
  61          
  62          
  63          main()
  64          {
  65   1              IO_init();
  66   1              while(1)
  67   1                      {
  68   2                              P55=0;
  69   2                              delayms(200);
  70   2                              P55=1;
  71   2                              delayms(200);
  72   2      
  73   2                      }
  74   1      }
  75          


MODULE INFORMATION:   STATIC OVERLAYABLE
   CODE SIZE        =     85    ----
   CONSTANT SIZE    =   ----    ----
   XDATA SIZE       =   ----    ----
   PDATA SIZE       =   ----    ----
   DATA SIZE        =   ----    ----
   IDATA SIZE       =   ----    ----
   BIT SIZE         =   ----    ----
END OF MODULE INFORMATION.


C51 COMPILATION COMPLETE.  0 WARNING(S),  0 ERROR(S)
