Add component: Footprint Not Found TYPE-C
Add Pin To Net: Unknown Pin: Pin D?-K
Add Pin To Net: Unknown Pin: Pin p?-1
Add Pin To Net: Unknown Pin: Pin p?-2
Add Pin To Net: Unknown Pin: Pin p?-3
Add Pin To Net: Unknown Pin: Pin p?-4
Add Pin To Net: Unknown Pin: Pin p?-5
Add Pin To Net: Unknown Pin: Pin U1-1
Add Pin To Net: Unknown Pin: Pin U1-2
Add Pin To Net: Unknown Pin: Pin U1-3
Add Pin To Net: Unknown Pin: Pin U1-4
Add Pin To Net: Unknown Pin: Pin U1-5
Add Pin To Net: Unknown Pin: Pin U2-1
Add Pin To Net: Unknown Pin: Pin U2-2
Add Pin To Net: Unknown Pin: Pin U2-3
Add Pin To Net: Unknown Pin: Pin U2-4
Add Pin To Net: Unknown Pin: Pin U2-5
Add Pin To Net: Unknown Pin: Pin U2-6
Add Pin To Net: Unknown Pin: Pin U2-7
Add Pin To Net: Unknown Pin: Pin U2-8
Add Pin To Net: Unknown Pin: Pin U2-9
Add Pin To Net: Unknown Pin: Pin U2-10
Add Pin To Net: Unknown Pin: Pin U2-11
Add Pin To Net: Unknown Pin: Pin U2-12
Add Pin To Net: Unknown Pin: Pin U3-2
Add Pin To Net: Unknown Pin: Pin U3-3
Add Pin To Net: Unknown Pin: Pin U3-4
Add Pin To Net: Unknown Pin: Pin U3-5
Add Pin To Net: Unknown Pin: Pin U3-6
Add Pin To Net: Unknown Pin: Pin U3-8
Add Pin To Net: Unknown Pin: Pin U4-5
Add Pin To Net: Unknown Pin: Pin U4-6
Add Pin To Net: Unknown Pin: Pin U4-7
Add Pin To Net: Unknown Pin: Pin U4-8
Add Pin To Net: Unknown Pin: Pin U4-9
Add Pin To Net: Unknown Pin: Pin U4-10
Add Pin To Net: Unknown Pin: Pin U4-11
Add Pin To Net: Unknown Pin: Pin U4-12
Add Pin To Net: Unknown Pin: Pin U4-13
Add Pin To Net: Unknown Pin: Pin U4-14
Add Pin To Net: Unknown Pin: Pin U4-15
Add Pin To Net: Unknown Pin: Pin U4-16
Add Pin To Net: Unknown Pin: Pin U4-17
Add Pin To Net: Unknown Pin: Pin U4-18
Add Pin To Net: Unknown Pin: Pin U4-19
Add Pin To Net: Unknown Pin: Pin U4-20
Add Pin To Net: Unknown Pin: Pin U4-21
Add Pin To Net: Unknown Pin: Pin U4-23
Add Pin To Net: Unknown Pin: Pin U4-24
Add Pin To Net: Unknown Pin: Pin U4-25
Add Pin To Net: Unknown Pin: Pin U4-26
Add Pin To Net: Unknown Pin: Pin U4-27
Add Pin To Net: Unknown Pin: Pin U4-28
Add Pin To Net: Unknown Pin: Pin U4-32
Add Pin To Net: Unknown Pin: Pin U4-33
Add Pin To Net: Unknown Pin: Pin U4-34
Add Pin To Net: Unknown Pin: Pin U4-35
Add Pin To Net: Unknown Pin: Pin U4-36
Add Pin To Net: Unknown Pin: Pin U4-37
Add Pin To Net: Unknown Pin: Pin U4-41
Add Pin To Net: Unknown Pin: Pin U4-42
Add Pin To Net: Unknown Pin: Pin U4-43
Add Pin To Net: Unknown Pin: Pin U4-44
Add Pin To Net: Unknown Pin: Pin U4-45
Add Pin To Net: Unknown Pin: Pin U4-46
Add Pin To Net: Unknown Pin: Pin U4-47
Add Pin To Net: Unknown Pin: Pin U4-48
Add Pin To Net: Unknown Pin: Pin USB1-A1
Add Pin To Net: Unknown Pin: Pin USB1-A4
Add Pin To Net: Unknown Pin: Pin USB1-A6
Add Pin To Net: Unknown Pin: Pin USB1-A7
Add Pin To Net: Unknown Pin: Pin USB1-A9
Add Pin To Net: Unknown Pin: Pin USB1-A12
Add Pin To Net: Unknown Pin: Pin USB1-B1
Add Pin To Net: Unknown Pin: Pin USB1-B4
Add Pin To Net: Unknown Pin: Pin USB1-B6
Add Pin To Net: Unknown Pin: Pin USB1-B7
Add Pin To Net: Unknown Pin: Pin USB1-B9
Add Pin To Net: Unknown Pin: Pin USB1-B12
Add Class Member: Failed to add class member : Component D? LED2
Add Class Member: Failed to add class member : Component p? SMA
Add Class Member: Failed to add class member : Component U1 XC6219B332
Add Class Member: Failed to add class member : Component U2 1.3¥ÁTFT“∫æß
Add Class Member: Failed to add class member : Component U3 ICL7660
Add Class Member: Failed to add class member : Component U4 STM32F103C8
Add Class Member: Failed to add class member : Component USB1 TYPE-C
