Change Component Footprint: Designator=R2 Old Footprint=AXIAL-0.4 New Footprint=6-0805_N
Change Component Footprint: Designator=R3 Old Footprint=AXIAL-0.4 New Footprint=6-0805_N
Change Component Footprint: Designator=R5 Old Footprint=AXIAL-0.4 New Footprint=6-0805_N
Change Component Footprint: Designator=R6 Old Footprint=AXIAL-0.4 New Footprint=6-0805_N
Change Component Footprint: Designator=R7 Old Footprint=AXIAL-0.4 New Footprint=6-0805_N
Change Component Footprint: Designator=R8 Old Footprint=AXIAL-0.4 New Footprint=6-0805_N
Change Component Footprint: Designator=R11 Old Footprint=AXIAL-0.4 New Footprint=6-0805_N
Change Component Footprint: Designator=R13 Old Footprint=AXIAL-0.4 New Footprint=6-0805_N
Change Component Footprint: Designator=R14 Old Footprint=AXIAL-0.4 New Footprint=6-0805_N
Change Component Footprint: Designator=R16 Old Footprint=AXIAL-0.4 New Footprint=6-0805_N
Change Component Footprint: Designator=R? Old Footprint=AXIAL-0.4 New Footprint=6-0805_N
Change Component Footprint: Designator=C8 Old Footprint=RAD-0.3 New Footprint=6-0805_N
Change Component Footprint: Designator=C9 Old Footprint=RAD-0.3 New Footprint=6-0805_N
Change Component Footprint: Designator=C10 Old Footprint=RAD-0.3 New Footprint=6-0805_N
Change Component Footprint: Designator=C11 Old Footprint=RAD-0.3 New Footprint=6-0805_N
Change Component Footprint: Designator=C12 Old Footprint=RAD-0.3 New Footprint=6-0805_N
Change Component Footprint: Designator=C13 Old Footprint=RAD-0.3 New Footprint=6-0805_N
Change Component Footprint: Designator=C15 Old Footprint=RAD-0.3 New Footprint=6-0805_N
Change Component Footprint: Designator=C16 Old Footprint=RAD-0.3 New Footprint=6-0805_N
Change Component Footprint: Designator=C17 Old Footprint=RAD-0.3 New Footprint=6-0805_N
Change Component Footprint: Designator=C18 Old Footprint=RAD-0.3 New Footprint=6-0805_N
Change Component Footprint: Designator=C19 Old Footprint=RAD-0.3 New Footprint=6-0805_N
Change Component Designator: OldDesignator=R? NewDesignator=R10
Change component parameters: Designator = "R?" ("R?"); Footprint = "AXIAL-0.4"; UniqueID = "\RAYARWAC" ("\RAYARWAC")
Change component parameters (AddParameter): Name = "LatestRevisionDate"; Value = "17-Jul-2002"; VariantName = "[No Variations]"
Change component parameters (AddParameter): Name = "LatestRevisionNote"; Value = "Re-released for DXP Platform."; VariantName = "[No Variations]"
Change component parameters (AddParameter): Name = "PackageDescription"; Value = "Axial Device, Thru-Hole; 2 Leads; 0.4 in Pin Spacing"; VariantName = "[No Variations]"
Change component parameters (AddParameter): Name = "PackageReference"; Value = "AXIAL-0.4"; VariantName = "[No Variations]"
Change component parameters (AddParameter): Name = "Published"; Value = "8-Jun-2000"; VariantName = "[No Variations]"
Change component parameters (AddParameter): Name = "Publisher"; Value = "Altium Limited"; VariantName = "[No Variations]"
Change component parameters (AddParameter): Name = "Value"; Value = "49.9"; VariantName = "[No Variations]"
Change Net Name : Old Net Name=NetR?_1 New Net Name=NetR10_1
Change Net Name : Old Net Name=NetR?_2 New Net Name=NetR10_2
